INFO: [SIM 2] *************** CSIM start ***************
   Compiling ../../../../../snake_tb.cpp in debug mode
   Compiling ../../../../../snake.cpp in debug mode
   Generating csim.exe
PASS T1a: head green after reset
PASS T1b: body green after reset
PASS T1c: tail green after reset
PASS T1d: cell behind tail is background
PASS T2a: head moved right
PASS T2b: old tail vacated
PASS T3: snake moved up
PASS T4: snake moved down
PASS T5: 180-degree reversal blocked
PASS T6: chained turn RIGHT→UP→LEFT
PASS T7a: game over red screen (top-left)
PASS T7b: game over red screen (bottom-right)
PASS T8a: reset clears game over
PASS T8b: background restored after reset
PASS T9a: head after 3 right steps
PASS T9b: body[1] after 3 right steps
PASS T9c: body[2] after 3 right steps
PASS T9d: old head vacated after 3 steps
=========================================
ALL TESTS PASSED
=========================================
INFO: [SIM 1] CSim done with 0 errors.
INFO: [SIM 3] *************** CSIM finish ***************
