

================================================================
== Synthesis Summary Report of 'snake_top'
================================================================
+ General Information: 
    * Date:           Sat Mar 21 02:24:15 2026
    * Version:        2025.2 (Build 6295257 on Nov 12 2025)
    * Project:        snake_top
    * Solution:       hls (Vivado IP Flow Target)
    * Product family: zynq
    * Target device:  xc7z010-clg225-1
    

* Performance & Resource Estimates: 
+-------------------------------------------------------+------+---------------+----------+---------+------+----------+---------+-----------+-------+--------+----+----------+------------+-----+
|                        Modules                        | Issue|               | Iteration|         | Trip |          |       Latency       |       |        |    |          |            |     |
|                        & Loops                        | Type | Violation Type|  Latency | Interval| Count| Pipelined| (cycles)|    (ns)   | Slack |  BRAM  | DSP|    FF    |     LUT    | URAM|
+-------------------------------------------------------+------+---------------+----------+---------+------+----------+---------+-----------+-------+--------+----+----------+------------+-----+
|+ snake_top                                            |     -|              -|         -|      614|     -|        no|      613|  1.532e+04|   4.77|  2 (1%)|   -|  392 (1%)|  1907 (10%)|    -|
| + snake_top_Pipeline_VITIS_LOOP_73_1_VITIS_LOOP_74_2  |     -|              -|         -|        -|     -|       yes|      302|  7.550e+03|   7.65|       -|   -|  20 (~0%)|   157 (~0%)|    -|
|  o VITIS_LOOP_73_1_VITIS_LOOP_74_2                    |     -|              -|         1|        1|   300|       yes|      300|  7.500e+03|  18.25|       -|   -|         -|           -|    -|
| + snake_top_Pipeline_VITIS_LOOP_85_3                  |     -|              -|         -|        -|     -|       yes|        5|    125.000|   8.94|       -|   -|   4 (~0%)|    76 (~0%)|    -|
|  o VITIS_LOOP_85_3                                    |     -|              -|         1|        1|     3|       yes|        3|     75.000|  18.25|       -|   -|         -|           -|    -|
| + snake_top_Pipeline_VITIS_LOOP_94_4                  |     -|              -|         -|        -|     -|       yes|      299|  7.475e+03|  11.59|       -|   -|  11 (~0%)|    55 (~0%)|    -|
|  o VITIS_LOOP_94_4                                    |     -|              -|         1|        1|   297|       yes|      297|  7.425e+03|  18.25|       -|   -|         -|           -|    -|
| + snake_top_Pipeline_VITIS_LOOP_27_1                  |     -|              -|         -|        -|     -|       yes|       34|    850.000|  10.64|       -|   -|  58 (~0%)|   165 (~0%)|    -|
|  o VITIS_LOOP_27_1                                    |     -|              -|         2|        1|    32|       yes|       32|    800.000|  18.25|       -|   -|         -|           -|    -|
| + snake_top_Pipeline_VITIS_LOOP_207_5                 |     -|              -|         -|        -|     -|       yes|      301|  7.525e+03|  11.59|       -|   -|  22 (~0%)|    80 (~0%)|    -|
|  o VITIS_LOOP_207_5                                   |     -|              -|         2|        1|   299|       yes|      299|  7.475e+03|  18.25|       -|   -|         -|           -|    -|
| + snake_top_Pipeline_VITIS_LOOP_27_11                 |     -|              -|         -|        -|     -|       yes|       34|    850.000|  10.64|       -|   -|  58 (~0%)|   165 (~0%)|    -|
|  o VITIS_LOOP_27_1                                    |     -|              -|         2|        1|    32|       yes|       32|    800.000|  18.25|       -|   -|         -|           -|    -|
+-------------------------------------------------------+------+---------------+----------+---------+------+----------+---------+-----------+-------+--------+----+----------+------------+-----+
    Name Prefix: '+' for module, 'o' for loop, '*' for dataflow


================================================================
== HW Interfaces
================================================================
* Other Ports
+----------+---------+-----------+----------+
| Port     | Mode    | Direction | Bitwidth |
+----------+---------+-----------+----------+
| B_out    | ap_vld  | out       | 10       |
| G_out    | ap_vld  | out       | 10       |
| R_out    | ap_vld  | out       | 10       |
| detected | ap_none | in        | 1        |
| hand_x   | ap_none | in        | 10       |
| hand_y   | ap_none | in        | 10       |
| rst_n    | ap_none | in        | 1        |
| vga_x    | ap_none | in        | 10       |
| vga_y    | ap_none | in        | 10       |
| vsync    | ap_none | in        | 1        |
+----------+---------+-----------+----------+

* TOP LEVEL CONTROL
+-----------+------------+-----------------------------------+
| Interface | Type       | Ports                             |
+-----------+------------+-----------------------------------+
| ap_clk    | clock      | ap_clk                            |
| ap_rst    | reset      | ap_rst                            |
| ap_ctrl   | ap_ctrl_hs | ap_done ap_idle ap_ready ap_start |
+-----------+------------+-----------------------------------+


================================================================
== SW I/O Information
================================================================
* Top Function Arguments
+----------+-----------+--------------+
| Argument | Direction | Datatype     |
+----------+-----------+--------------+
| hand_x   | in        | ap_uint<10>  |
| hand_y   | in        | ap_uint<10>  |
| detected | in        | bool         |
| vga_x    | in        | ap_uint<10>  |
| vga_y    | in        | ap_uint<10>  |
| vsync    | in        | bool         |
| rst_n    | in        | bool         |
| R_out    | out       | ap_uint<10>& |
| G_out    | out       | ap_uint<10>& |
| B_out    | out       | ap_uint<10>& |
+----------+-----------+--------------+

* SW-to-HW Mapping
+----------+--------------+---------+
| Argument | HW Interface | HW Type |
+----------+--------------+---------+
| hand_x   | hand_x       | port    |
| hand_y   | hand_y       | port    |
| detected | detected     | port    |
| vga_x    | vga_x        | port    |
| vga_y    | vga_y        | port    |
| vsync    | vsync        | port    |
| rst_n    | rst_n        | port    |
| R_out    | R_out        | port    |
| R_out    | R_out_ap_vld | port    |
| G_out    | G_out        | port    |
| G_out    | G_out_ap_vld | port    |
| B_out    | B_out        | port    |
| B_out    | B_out_ap_vld | port    |
+----------+--------------+---------+


================================================================
== M_AXI Burst Information
================================================================
 Note: All burst requests might be further partitioned into multiple requests during RTL generation based on max_read_burst_length or max_write_burst_length settings.


================================================================
== Bind Op Report
================================================================
+-------------------------------------------------------+-----+--------+------------------+--------+----------+---------+
| Name                                                  | DSP | Pragma | Variable         | Op     | Impl     | Latency |
+-------------------------------------------------------+-----+--------+------------------+--------+----------+---------+
| + snake_top                                           | 0   |        |                  |        |          |         |
|   or_ln112_fu_576_p2                                  |     |        | or_ln112         | or     | auto     | 0       |
|   xor_ln112_fu_582_p2                                 |     |        | xor_ln112        | xor    | auto     | 0       |
|   and_ln112_fu_588_p2                                 |     |        | and_ln112        | and    | auto     | 0       |
|   dx_fu_598_p2                                        |     |        | dx               | add    | fabric   | 0       |
|   dy_fu_608_p2                                        |     |        | dy               | add    | fabric   | 0       |
|   abs_dx_fu_622_p2                                    |     |        | abs_dx           | sub    | fabric   | 0       |
|   abs_dx_1_fu_628_p3                                  |     |        | abs_dx_1         | select | auto_sel | 0       |
|   abs_dy_fu_644_p2                                    |     |        | abs_dy           | sub    | fabric   | 0       |
|   abs_dy_1_fu_650_p3                                  |     |        | abs_dy_1         | select | auto_sel | 0       |
|   icmp_ln129_fu_658_p2                                |     |        | icmp_ln129       | setgt  | auto     | 0       |
|   icmp_ln130_fu_664_p2                                |     |        | icmp_ln130       | setgt  | auto     | 0       |
|   new_dir_fu_670_p3                                   |     |        | new_dir          | select | auto_sel | 0       |
|   new_dir_1_fu_678_p2                                 |     |        | new_dir_1        | setgt  | auto     | 0       |
|   new_dir_2_fu_688_p3                                 |     |        | new_dir_2        | select | auto_sel | 0       |
|   icmp_ln136_fu_697_p2                                |     |        | icmp_ln136       | seteq  | auto     | 0       |
|   icmp_ln136_1_fu_703_p2                              |     |        | icmp_ln136_1     | seteq  | auto     | 0       |
|   and_ln136_fu_709_p2                                 |     |        | and_ln136        | and    | auto     | 0       |
|   icmp_ln137_fu_715_p2                                |     |        | icmp_ln137       | seteq  | auto     | 0       |
|   icmp_ln137_1_fu_721_p2                              |     |        | icmp_ln137_1     | seteq  | auto     | 0       |
|   and_ln137_fu_727_p2                                 |     |        | and_ln137        | and    | auto     | 0       |
|   icmp_ln138_fu_733_p2                                |     |        | icmp_ln138       | seteq  | auto     | 0       |
|   icmp_ln138_1_fu_739_p2                              |     |        | icmp_ln138_1     | seteq  | auto     | 0       |
|   and_ln138_fu_745_p2                                 |     |        | and_ln138        | and    | auto     | 0       |
|   icmp_ln139_fu_751_p2                                |     |        | icmp_ln139       | seteq  | auto     | 0       |
|   icmp_ln139_1_fu_757_p2                              |     |        | icmp_ln139_1     | seteq  | auto     | 0       |
|   reversal_fu_763_p2                                  |     |        | reversal         | and    | auto     | 0       |
|   add_ln148_fu_775_p2                                 |     |        | add_ln148        | add    | fabric   | 0       |
|   icmp_ln150_fu_781_p2                                |     |        | icmp_ln150       | seteq  | auto     | 0       |
|   icmp_ln158_fu_838_p2                                |     |        | icmp_ln158       | seteq  | auto     | 0       |
|   new_head_row_1_fu_844_p2                            |     |        | new_head_row_1   | add    | fabric   | 0       |
|   new_head_row_2_fu_850_p3                            |     |        | new_head_row_2   | select | auto_sel | 0       |
|   icmp_ln160_fu_858_p2                                |     |        | icmp_ln160       | seteq  | auto     | 0       |
|   new_head_row_3_fu_864_p2                            |     |        | new_head_row_3   | add    | fabric   | 0       |
|   new_head_row_4_fu_870_p3                            |     |        | new_head_row_4   | select | auto_sel | 0       |
|   icmp_ln162_fu_878_p2                                |     |        | icmp_ln162       | seteq  | auto     | 0       |
|   new_head_col_1_fu_884_p2                            |     |        | new_head_col_1   | add    | fabric   | 0       |
|   new_head_col_2_fu_890_p3                            |     |        | new_head_col_2   | select | auto_sel | 0       |
|   icmp_ln164_fu_898_p2                                |     |        | icmp_ln164       | seteq  | auto     | 0       |
|   new_head_col_3_fu_904_p2                            |     |        | new_head_col_3   | add    | fabric   | 0       |
|   new_head_col_4_fu_910_p3                            |     |        | new_head_col_4   | select | auto_sel | 0       |
|   icmp_ln171_fu_918_p2                                |     |        | icmp_ln171       | setgt  | auto     | 0       |
|   icmp_ln172_fu_924_p2                                |     |        | icmp_ln172       | seteq  | auto     | 0       |
|   wall_hit_fu_930_p2                                  |     |        | wall_hit         | or     | auto     | 0       |
|   icmp_ln180_fu_995_p2                                |     |        | icmp_ln180       | seteq  | auto     | 0       |
|   icmp_ln181_fu_999_p2                                |     |        | icmp_ln181       | seteq  | auto     | 0       |
|   will_eat_fu_1003_p2                                 |     |        | will_eat         | and    | auto     | 0       |
|   add_ln188_fu_944_p2                                 |     |        | add_ln188        | add    | fabric   | 0       |
|   icmp_ln189_fu_1009_p2                               |     |        | icmp_ln189       | setne  | auto     | 0       |
|   not_icmp_ln188_fu_1014_p2                           |     |        | not_icmp_ln188   | setne  | auto     | 0       |
|   empty_fu_1019_p2                                    |     |        | empty            | or     | auto     | 0       |
|   or_ln192_fu_1025_p2                                 |     |        | or_ln192         | or     | auto     | 0       |
|   self_hit_fu_1031_p2                                 |     |        | self_hit         | and    | auto     | 0       |
|   new_len_fu_1070_p2                                  |     |        | new_len          | add    | fabric   | 0       |
|   icmp_ln235_fu_1141_p2                               |     |        | icmp_ln235       | setlt  | auto     | 0       |
|   icmp_ln236_fu_1146_p2                               |     |        | icmp_ln236       | setlt  | auto     | 0       |
|   in_grid_fu_1151_p2                                  |     |        | in_grid          | and    | auto     | 0       |
|   is_snake_fu_1190_p2                                 |     |        | is_snake         | and    | auto     | 0       |
|   icmp_ln240_fu_1195_p2                               |     |        | icmp_ln240       | seteq  | auto     | 0       |
|   or_ln243_fu_1200_p2                                 |     |        | or_ln243         | or     | auto     | 0       |
|   icmp_ln241_fu_1206_p2                               |     |        | icmp_ln241       | seteq  | auto     | 0       |
|   and_ln239_fu_1211_p2                                |     |        | and_ln239        | and    | auto     | 0       |
|   and_ln239_1_fu_1217_p2                              |     |        | and_ln239_1      | and    | auto     | 0       |
|   select_ln243_fu_1222_p3                             |     |        | select_ln243     | select | auto_sel | 0       |
|   xor_ln243_fu_1231_p2                                |     |        | xor_ln243        | xor    | auto     | 0       |
|   or_ln243_1_fu_1238_p2                               |     |        | or_ln243_1       | or     | auto     | 0       |
|   select_ln243_1_fu_1244_p3                           |     |        | select_ln243_1   | select | auto_sel | 0       |
|   G_out                                               |     |        | storemerge_cast  | select | auto_sel | 0       |
|   R_out                                               |     |        | storemerge2_cast | select | auto_sel | 0       |
|  + snake_top_Pipeline_VITIS_LOOP_73_1_VITIS_LOOP_74_2 | 0   |        |                  |        |          |         |
|    icmp_ln73_fu_86_p2                                 |     |        | icmp_ln73        | seteq  | auto     | 0       |
|    add_ln73_fu_92_p2                                  |     |        | add_ln73         | add    | fabric   | 0       |
|    icmp_ln74_fu_104_p2                                |     |        | icmp_ln74        | seteq  | auto     | 0       |
|    select_ln73_fu_110_p3                              |     |        | select_ln73      | select | auto_sel | 0       |
|    add_ln73_1_fu_118_p2                               |     |        | add_ln73_1       | add    | fabric   | 0       |
|    select_ln73_1_fu_124_p3                            |     |        | select_ln73_1    | select | auto_sel | 0       |
|    add_ln74_fu_165_p2                                 |     |        | add_ln74         | add    | fabric   | 0       |
|  + snake_top_Pipeline_VITIS_LOOP_85_3                 | 0   |        |                  |        |          |         |
|    icmp_ln85_fu_97_p2                                 |     |        | icmp_ln85        | seteq  | auto     | 0       |
|    i_3_fu_103_p2                                      |     |        | i_3              | add    | fabric   | 0       |
|    c_fu_119_p2                                        |     |        | c                | sub    | fabric   | 0       |
|  + snake_top_Pipeline_VITIS_LOOP_94_4                 | 0   |        |                  |        |          |         |
|    icmp_ln94_fu_74_p2                                 |     |        | icmp_ln94        | seteq  | auto     | 0       |
|    add_ln94_fu_86_p2                                  |     |        | add_ln94         | add    | fabric   | 0       |
|  + snake_top_Pipeline_VITIS_LOOP_27_1                 | 0   |        |                  |        |          |         |
|    xor_ln14_3_fu_187_p2                               |     |        | xor_ln14_3       | xor    | auto     | 0       |
|    xor_ln14_2_fu_193_p2                               |     |        | xor_ln14_2       | xor    | auto     | 0       |
|    xor_ln14_fu_223_p2                                 |     |        | xor_ln14         | xor    | auto     | 0       |
|    icmp_ln31_fu_310_p2                                |     |        | icmp_ln31        | setgt  | auto     | 0       |
|    icmp_ln31_1_fu_315_p2                              |     |        | icmp_ln31_1      | seteq  | auto     | 0       |
|    or_ln31_fu_320_p2                                  |     |        | or_ln31          | or     | auto     | 0       |
|    or_ln31_1_fu_326_p2                                |     |        | or_ln31_1        | or     | auto     | 0       |
|    r_fu_332_p3                                        |     |        | r                | select | auto_sel | 0       |
|    c_6_out                                            |     |        | c_2              | select | auto_sel | 0       |
|    attempt_4_fu_348_p2                                |     |        | attempt_4        | add    | fabric   | 0       |
|    xor_ln27_fu_366_p2                                 |     |        | xor_ln27         | xor    | auto     | 0       |
|    or_cond5_i_fu_372_p2                               |     |        | or_cond5_i       | and    | auto     | 0       |
|  + snake_top_Pipeline_VITIS_LOOP_207_5                | 0   |        |                  |        |          |         |
|    icmp_ln207_fu_104_p2                               |     |        | icmp_ln207       | seteq  | auto     | 0       |
|    icmp_ln208_fu_110_p2                               |     |        | icmp_ln208       | setlt  | auto     | 0       |
|    i_4_fu_116_p2                                      |     |        | i_4              | add    | fabric   | 0       |
|  + snake_top_Pipeline_VITIS_LOOP_27_11                | 0   |        |                  |        |          |         |
|    xor_ln14_fu_195_p2                                 |     |        | xor_ln14         | xor    | auto     | 0       |
|    xor_ln14_2_fu_201_p2                               |     |        | xor_ln14_2       | xor    | auto     | 0       |
|    xor_ln14_1_fu_231_p2                               |     |        | xor_ln14_1       | xor    | auto     | 0       |
|    icmp_ln31_fu_318_p2                                |     |        | icmp_ln31        | setgt  | auto     | 0       |
|    icmp_ln31_1_fu_323_p2                              |     |        | icmp_ln31_1      | seteq  | auto     | 0       |
|    or_ln31_fu_328_p2                                  |     |        | or_ln31          | or     | auto     | 0       |
|    or_ln31_1_fu_334_p2                                |     |        | or_ln31_1        | or     | auto     | 0       |
|    r_6_out                                            |     |        | r_1              | select | auto_sel | 0       |
|    c_7_out                                            |     |        | c_1              | select | auto_sel | 0       |
|    attempt_2_fu_356_p2                                |     |        | attempt_2        | add    | fabric   | 0       |
|    xor_ln27_fu_374_p2                                 |     |        | xor_ln27         | xor    | auto     | 0       |
|    or_cond5_i63_fu_380_p2                             |     |        | or_cond5_i63     | and    | auto     | 0       |
+-------------------------------------------------------+-----+--------+------------------+--------+----------+---------+


================================================================
== Storage Report
================================================================
+-----------------+--------+------+------+------+--------+-------------+------+---------+------------------+
| Name            | Usage  | Type | BRAM | URAM | Pragma | Variable    | Impl | Latency | Bitwidth, Depth, |
|                 |        |      |      |      |        |             |      |         | Banks            |
+-----------------+--------+------+------+------+--------+-------------+------+---------+------------------+
| + snake_top     |        |      | 2    | 0    |        |             |      |         |                  |
|   grid_U        | ram_1p |      |      |      |        | grid        | auto | 1       | 1, 300, 1        |
|   st_body_col_U | ram_2p |      | 1    |      |        | st_body_col | auto | 1       | 5, 300, 1        |
|   st_body_row_U | ram_2p |      | 1    |      |        | st_body_row | auto | 1       | 4, 300, 1        |
+-----------------+--------+------+------+------+--------+-------------+------+---------+------------------+


================================================================
== Pragma Report
================================================================
* Inferred Pragmas
+--------------+---------+-----------------------------------------------------------------------------+-------------------------------------------------+
| Type         | Options | Location                                                                    | Inferred From                                   |
+--------------+---------+-----------------------------------------------------------------------------+-------------------------------------------------+
| LOOP_FLATTEN |         | loop VITIS_LOOP_73_1 (../snake.cpp:73:26) in snake_top (../snake.cpp:73)    | pipeline ../snake.cpp:74 (Performance Budgeter) |
| PIPELINE     |         | loop VITIS_LOOP_74_2 (../snake.cpp:74:30) in snake_top (../snake.cpp:74)    | syn.compile.pipeline_loops=64                   |
| PIPELINE     |         | loop VITIS_LOOP_85_3 (../snake.cpp:85:26) in snake_top (../snake.cpp:85)    | syn.compile.pipeline_loops=64                   |
| PIPELINE     |         | loop VITIS_LOOP_94_4 (../snake.cpp:94:26) in snake_top (../snake.cpp:94)    | syn.compile.pipeline_loops=64                   |
| PIPELINE     |         | loop VITIS_LOOP_27_1 (../snake.cpp:27:22) in snake_top (../snake.cpp:27)    | syn.compile.pipeline_loops=64                   |
| PIPELINE     |         | loop VITIS_LOOP_207_5 (../snake.cpp:207:39) in snake_top (../snake.cpp:207) | syn.compile.pipeline_loops=64                   |
+--------------+---------+-----------------------------------------------------------------------------+-------------------------------------------------+


