

================================================================
== Vitis HLS Report for 'snake_top_Pipeline_VITIS_LOOP_207_5'
================================================================
* Date:           Sat Mar 21 02:24:14 2026

* Version:        2025.2 (Build 6295257 on Nov 12 2025)
* Project:        snake_top
* Solution:       hls (Vivado IP Flow Target)
* Product family: zynq
* Target device:  xc7z010-clg225-1


================================================================
== Performance Estimates
================================================================
+ Timing: 
    * Summary: 
    +--------+----------+----------+------------+
    |  Clock |  Target  | Estimated| Uncertainty|
    +--------+----------+----------+------------+
    |ap_clk  |  25.00 ns|  6.665 ns|     6.75 ns|
    +--------+----------+----------+------------+

+ Latency: 
    * Summary: 
    +---------+---------+----------+----------+-----+-----+-------------------+
    |  Latency (cycles) |  Latency (absolute) |  Interval |      Pipeline     |
    |   min   |   max   |    min   |    max   | min | max |        Type       |
    +---------+---------+----------+----------+-----+-----+-------------------+
    |      301|      301|  7.525 us|  7.525 us|    0|    0|  loop pipeline stp|
    +---------+---------+----------+----------+-----+-----+-------------------+

    + Detail: 
        * Instance: 
        N/A

        * Loop: 
        +--------------------+---------+---------+----------+-----------+-----------+------+----------+
        |                    |  Latency (cycles) | Iteration|  Initiation Interval  | Trip |          |
        |      Loop Name     |   min   |   max   |  Latency |  achieved |   target  | Count| Pipelined|
        +--------------------+---------+---------+----------+-----------+-----------+------+----------+
        |- VITIS_LOOP_207_5  |      299|      299|         2|          1|          1|   299|       yes|
        +--------------------+---------+---------+----------+-----------+-----------+------+----------+



================================================================
== Utilization Estimates
================================================================
* Summary: 
+-----------------+---------+----+-------+-------+-----+
|       Name      | BRAM_18K| DSP|   FF  |  LUT  | URAM|
+-----------------+---------+----+-------+-------+-----+
|DSP              |        -|   -|      -|      -|    -|
|Expression       |        -|   -|      0|     44|    -|
|FIFO             |        -|   -|      -|      -|    -|
|Instance         |        -|   -|      -|      -|    -|
|Memory           |        -|   -|      -|      -|    -|
|Multiplexer      |        -|   -|      0|     36|    -|
|Register         |        -|   -|     22|      -|    -|
+-----------------+---------+----+-------+-------+-----+
|Total            |        0|   0|     22|     80|    0|
+-----------------+---------+----+-------+-------+-----+
|Available        |      120|  80|  35200|  17600|    0|
+-----------------+---------+----+-------+-------+-----+
|Utilization (%)  |        0|   0|     ~0|     ~0|    0|
+-----------------+---------+----+-------+-------+-----+

+ Detail: 
    * Instance: 
    N/A

    * DSP: 
    N/A

    * Memory: 
    N/A

    * FIFO: 
    N/A

    * Expression: 
    +----------------------+----------+----+---+----+------------+------------+
    |     Variable Name    | Operation| DSP| FF| LUT| Bitwidth P0| Bitwidth P1|
    +----------------------+----------+----+---+----+------------+------------+
    |i_4_fu_116_p2         |         +|   0|  0|  14|           9|           2|
    |icmp_ln207_fu_104_p2  |      icmp|   0|  0|  14|           9|           1|
    |icmp_ln208_fu_110_p2  |      icmp|   0|  0|  14|           9|           9|
    |ap_enable_pp0         |       xor|   0|  0|   2|           1|           2|
    +----------------------+----------+----+---+----+------------+------------+
    |Total                 |          |   0|  0|  44|          28|          14|
    +----------------------+----------+----+---+----+------------+------------+

    * Multiplexer: 
    +-------------------------+----+-----------+-----+-----------+
    |           Name          | LUT| Input Size| Bits| Total Bits|
    +-------------------------+----+-----------+-----+-----------+
    |ap_done_int              |   9|          2|    1|          2|
    |ap_enable_reg_pp0_iter1  |   9|          2|    1|          2|
    |ap_sig_allocacmp_i       |   9|          2|    9|         18|
    |i_3_fu_34                |   9|          2|    9|         18|
    +-------------------------+----+-----------+-----+-----------+
    |Total                    |  36|          8|   20|         40|
    +-------------------------+----+-----------+-----+-----------+

    * Register: 
    +-------------------------+---+----+-----+-----------+
    |           Name          | FF| LUT| Bits| Const Bits|
    +-------------------------+---+----+-----+-----------+
    |ap_CS_fsm                |  1|   0|    1|          0|
    |ap_done_reg              |  1|   0|    1|          0|
    |ap_enable_reg_pp0_iter1  |  1|   0|    1|          0|
    |i_3_fu_34                |  9|   0|    9|          0|
    |i_reg_145                |  9|   0|    9|          0|
    |icmp_ln208_reg_153       |  1|   0|    1|          0|
    +-------------------------+---+----+-----+-----------+
    |Total                    | 22|   0|   22|          0|
    +-------------------------+---+----+-----+-----------+



================================================================
== Interface
================================================================
* Summary: 
+----------------------+-----+-----+------------+-------------------------------------+--------------+
|       RTL Ports      | Dir | Bits|  Protocol  |            Source Object            |    C Type    |
+----------------------+-----+-----+------------+-------------------------------------+--------------+
|ap_clk                |   in|    1|  ap_ctrl_hs|  snake_top_Pipeline_VITIS_LOOP_207_5|  return value|
|ap_rst                |   in|    1|  ap_ctrl_hs|  snake_top_Pipeline_VITIS_LOOP_207_5|  return value|
|ap_start              |   in|    1|  ap_ctrl_hs|  snake_top_Pipeline_VITIS_LOOP_207_5|  return value|
|ap_done               |  out|    1|  ap_ctrl_hs|  snake_top_Pipeline_VITIS_LOOP_207_5|  return value|
|ap_idle               |  out|    1|  ap_ctrl_hs|  snake_top_Pipeline_VITIS_LOOP_207_5|  return value|
|ap_ready              |  out|    1|  ap_ctrl_hs|  snake_top_Pipeline_VITIS_LOOP_207_5|  return value|
|new_len_2             |   in|    9|     ap_none|                            new_len_2|        scalar|
|st_body_col_address0  |  out|    9|   ap_memory|                          st_body_col|         array|
|st_body_col_ce0       |  out|    1|   ap_memory|                          st_body_col|         array|
|st_body_col_we0       |  out|    1|   ap_memory|                          st_body_col|         array|
|st_body_col_d0        |  out|    5|   ap_memory|                          st_body_col|         array|
|st_body_col_address1  |  out|    9|   ap_memory|                          st_body_col|         array|
|st_body_col_ce1       |  out|    1|   ap_memory|                          st_body_col|         array|
|st_body_col_q1        |   in|    5|   ap_memory|                          st_body_col|         array|
|st_body_row_address0  |  out|    9|   ap_memory|                          st_body_row|         array|
|st_body_row_ce0       |  out|    1|   ap_memory|                          st_body_row|         array|
|st_body_row_we0       |  out|    1|   ap_memory|                          st_body_row|         array|
|st_body_row_d0        |  out|    4|   ap_memory|                          st_body_row|         array|
|st_body_row_address1  |  out|    9|   ap_memory|                          st_body_row|         array|
|st_body_row_ce1       |  out|    1|   ap_memory|                          st_body_row|         array|
|st_body_row_q1        |   in|    4|   ap_memory|                          st_body_row|         array|
+----------------------+-----+-----+------------+-------------------------------------+--------------+

