

================================================================
== Vitis HLS Report for 'snake_top_Pipeline_VITIS_LOOP_85_3'
================================================================
* Date:           Sat Mar 21 02:24:13 2026

* Version:        2025.2 (Build 6295257 on Nov 12 2025)
* Project:        snake_top
* Solution:       hls (Vivado IP Flow Target)
* Product family: zynq
* Target device:  xc7z010-clg225-1


================================================================
== Performance Estimates
================================================================
+ Timing: 
    * Summary: 
    +--------+----------+----------+------------+
    |  Clock |  Target  | Estimated| Uncertainty|
    +--------+----------+----------+------------+
    |ap_clk  |  25.00 ns|  9.314 ns|     6.75 ns|
    +--------+----------+----------+------------+

+ Latency: 
    * Summary: 
    +---------+---------+----------+----------+-----+-----+-------------------+
    |  Latency (cycles) |  Latency (absolute) |  Interval |      Pipeline     |
    |   min   |   max   |    min   |    max   | min | max |        Type       |
    +---------+---------+----------+----------+-----+-----+-------------------+
    |        5|        5|  0.125 us|  0.125 us|    0|    0|  loop pipeline stp|
    +---------+---------+----------+----------+-----+-----+-------------------+

    + Detail: 
        * Instance: 
        N/A

        * Loop: 
        +-------------------+---------+---------+----------+-----------+-----------+------+----------+
        |                   |  Latency (cycles) | Iteration|  Initiation Interval  | Trip |          |
        |     Loop Name     |   min   |   max   |  Latency |  achieved |   target  | Count| Pipelined|
        +-------------------+---------+---------+----------+-----------+-----------+------+----------+
        |- VITIS_LOOP_85_3  |        3|        3|         1|          1|          1|     3|       yes|
        +-------------------+---------+---------+----------+-----------+-----------+------+----------+



================================================================
== Utilization Estimates
================================================================
* Summary: 
+-----------------+---------+----+-------+-------+-----+
|       Name      | BRAM_18K| DSP|   FF  |  LUT  | URAM|
+-----------------+---------+----+-------+-------+-----+
|DSP              |        -|   -|      -|      -|    -|
|Expression       |        -|   -|      0|     49|    -|
|FIFO             |        -|   -|      -|      -|    -|
|Instance         |        -|   -|      -|      -|    -|
|Memory           |        -|   -|      -|      -|    -|
|Multiplexer      |        -|   -|      0|     27|    -|
|Register         |        -|   -|      4|      -|    -|
+-----------------+---------+----+-------+-------+-----+
|Total            |        0|   0|      4|     76|    0|
+-----------------+---------+----+-------+-------+-----+
|Available        |      120|  80|  35200|  17600|    0|
+-----------------+---------+----+-------+-------+-----+
|Utilization (%)  |        0|   0|     ~0|     ~0|    0|
+-----------------+---------+----+-------+-------+-----+

+ Detail: 
    * Instance: 
    N/A

    * DSP: 
    N/A

    * Memory: 
    N/A

    * FIFO: 
    N/A

    * Expression: 
    +--------------------+----------+----+---+----+------------+------------+
    |    Variable Name   | Operation| DSP| FF| LUT| Bitwidth P0| Bitwidth P1|
    +--------------------+----------+----+---+----+------------+------------+
    |add_ln90_fu_148_p2  |         +|   0|  0|   8|           8|           3|
    |i_3_fu_103_p2       |         +|   0|  0|  10|           2|           1|
    |c_fu_119_p2         |         -|   0|  0|  13|           4|           4|
    |sub_ln90_fu_142_p2  |         -|   0|  0|   8|           8|           8|
    |icmp_ln85_fu_97_p2  |      icmp|   0|  0|  10|           2|           2|
    +--------------------+----------+----+---+----+------------+------------+
    |Total               |          |   0|  0|  49|          24|          18|
    +--------------------+----------+----+---+----+------------+------------+

    * Multiplexer: 
    +----------------------+----+-----------+-----+-----------+
    |         Name         | LUT| Input Size| Bits| Total Bits|
    +----------------------+----+-----------+-----+-----------+
    |ap_done_int           |   9|          2|    1|          2|
    |ap_sig_allocacmp_i_2  |   9|          2|    2|          4|
    |i_fu_44               |   9|          2|    2|          4|
    +----------------------+----+-----------+-----+-----------+
    |Total                 |  27|          6|    5|         10|
    +----------------------+----+-----------+-----+-----------+

    * Register: 
    +-------------+---+----+-----+-----------+
    |     Name    | FF| LUT| Bits| Const Bits|
    +-------------+---+----+-----+-----------+
    |ap_CS_fsm    |  1|   0|    1|          0|
    |ap_done_reg  |  1|   0|    1|          0|
    |i_fu_44      |  2|   0|    2|          0|
    +-------------+---+----+-----+-----------+
    |Total        |  4|   0|    4|          0|
    +-------------+---+----+-----+-----------+



================================================================
== Interface
================================================================
* Summary: 
+----------------------+-----+-----+------------+------------------------------------+--------------+
|       RTL Ports      | Dir | Bits|  Protocol  |            Source Object           |    C Type    |
+----------------------+-----+-----+------------+------------------------------------+--------------+
|ap_clk                |   in|    1|  ap_ctrl_hs|  snake_top_Pipeline_VITIS_LOOP_85_3|  return value|
|ap_rst                |   in|    1|  ap_ctrl_hs|  snake_top_Pipeline_VITIS_LOOP_85_3|  return value|
|ap_start              |   in|    1|  ap_ctrl_hs|  snake_top_Pipeline_VITIS_LOOP_85_3|  return value|
|ap_done               |  out|    1|  ap_ctrl_hs|  snake_top_Pipeline_VITIS_LOOP_85_3|  return value|
|ap_idle               |  out|    1|  ap_ctrl_hs|  snake_top_Pipeline_VITIS_LOOP_85_3|  return value|
|ap_ready              |  out|    1|  ap_ctrl_hs|  snake_top_Pipeline_VITIS_LOOP_85_3|  return value|
|st_body_col_address0  |  out|    9|   ap_memory|                         st_body_col|         array|
|st_body_col_ce0       |  out|    1|   ap_memory|                         st_body_col|         array|
|st_body_col_we0       |  out|    1|   ap_memory|                         st_body_col|         array|
|st_body_col_d0        |  out|    5|   ap_memory|                         st_body_col|         array|
|st_body_row_address0  |  out|    9|   ap_memory|                         st_body_row|         array|
|st_body_row_ce0       |  out|    1|   ap_memory|                         st_body_row|         array|
|st_body_row_we0       |  out|    1|   ap_memory|                         st_body_row|         array|
|st_body_row_d0        |  out|    4|   ap_memory|                         st_body_row|         array|
|grid_address0         |  out|    9|   ap_memory|                                grid|         array|
|grid_ce0              |  out|    1|   ap_memory|                                grid|         array|
|grid_we0              |  out|    1|   ap_memory|                                grid|         array|
|grid_d0               |  out|    1|   ap_memory|                                grid|         array|
+----------------------+-----+-----+------------+------------------------------------+--------------+

