

================================================================
== Vitis HLS Report for 'snake_top_Pipeline_VITIS_LOOP_27_11'
================================================================
* Date:           Sat Mar 21 02:24:15 2026

* Version:        2025.2 (Build 6295257 on Nov 12 2025)
* Project:        snake_top
* Solution:       hls (Vivado IP Flow Target)
* Product family: zynq
* Target device:  xc7z010-clg225-1


================================================================
== Performance Estimates
================================================================
+ Timing: 
    * Summary: 
    +--------+----------+----------+------------+
    |  Clock |  Target  | Estimated| Uncertainty|
    +--------+----------+----------+------------+
    |ap_clk  |  25.00 ns|  7.608 ns|     6.75 ns|
    +--------+----------+----------+------------+

+ Latency: 
    * Summary: 
    +---------+---------+-----------+----------+-----+-----+-------------------+
    |  Latency (cycles) |  Latency (absolute)  |  Interval |      Pipeline     |
    |   min   |   max   |    min    |    max   | min | max |        Type       |
    +---------+---------+-----------+----------+-----+-----+-------------------+
    |        3|       34|  75.000 ns|  0.850 us|    0|    0|  loop pipeline stp|
    +---------+---------+-----------+----------+-----+-----+-------------------+

    + Detail: 
        * Instance: 
        N/A

        * Loop: 
        +-------------------+---------+---------+----------+-----------+-----------+--------+----------+
        |                   |  Latency (cycles) | Iteration|  Initiation Interval  |  Trip  |          |
        |     Loop Name     |   min   |   max   |  Latency |  achieved |   target  |  Count | Pipelined|
        +-------------------+---------+---------+----------+-----------+-----------+--------+----------+
        |- VITIS_LOOP_27_1  |        1|       32|         2|          1|          1|  0 ~ 32|       yes|
        +-------------------+---------+---------+----------+-----------+-----------+--------+----------+



================================================================
== Utilization Estimates
================================================================
* Summary: 
+-----------------+---------+----+-------+-------+-----+
|       Name      | BRAM_18K| DSP|   FF  |  LUT  | URAM|
+-----------------+---------+----+-------+-------+-----+
|DSP              |        -|   -|      -|      -|    -|
|Expression       |        -|   -|      0|     97|    -|
|FIFO             |        -|   -|      -|      -|    -|
|Instance         |        -|   -|      -|      -|    -|
|Memory           |        -|   -|      -|      -|    -|
|Multiplexer      |        -|   -|      0|     68|    -|
|Register         |        -|   -|     58|      -|    -|
+-----------------+---------+----+-------+-------+-----+
|Total            |        0|   0|     58|    165|    0|
+-----------------+---------+----+-------+-------+-----+
|Available        |      120|  80|  35200|  17600|    0|
+-----------------+---------+----+-------+-------+-----+
|Utilization (%)  |        0|   0|     ~0|     ~0|    0|
+-----------------+---------+----+-------+-------+-----+

+ Detail: 
    * Instance: 
    N/A

    * DSP: 
    N/A

    * Memory: 
    N/A

    * FIFO: 
    N/A

    * Expression: 
    +------------------------+----------+----+---+----+------------+------------+
    |      Variable Name     | Operation| DSP| FF| LUT| Bitwidth P0| Bitwidth P1|
    +------------------------+----------+----+---+----+------------+------------+
    |add_ln31_fu_287_p2      |         +|   0|  0|   9|           9|           9|
    |attempt_2_fu_356_p2     |         +|   0|  0|  14|           6|           1|
    |sub_ln31_fu_277_p2      |         -|   0|  0|   9|           9|           9|
    |or_cond5_i63_fu_380_p2  |       and|   0|  0|   2|           1|           1|
    |icmp_ln31_1_fu_323_p2   |      icmp|   0|  0|  13|           4|           2|
    |icmp_ln31_fu_318_p2     |      icmp|   0|  0|  13|           5|           5|
    |or_ln31_1_fu_334_p2     |        or|   0|  0|   2|           1|           1|
    |or_ln31_fu_328_p2       |        or|   0|  0|   2|           1|           1|
    |c_1_fu_348_p3           |    select|   0|  0|   5|           1|           5|
    |r_1_fu_340_p3           |    select|   0|  0|   4|           1|           4|
    |ap_enable_pp0           |       xor|   0|  0|   2|           1|           2|
    |xor_ln14_1_fu_231_p2    |       xor|   0|  0|  16|          16|          16|
    |xor_ln14_2_fu_201_p2    |       xor|   0|  0|   2|           1|           1|
    |xor_ln14_fu_195_p2      |       xor|   0|  0|   2|           1|           1|
    |xor_ln27_fu_374_p2      |       xor|   0|  0|   2|           1|           2|
    +------------------------+----------+----+---+----+------------+------------+
    |Total                   |          |   0|  0|  97|          58|          60|
    +------------------------+----------+----+---+----+------------+------------+

    * Multiplexer: 
    +-------------------------+----+-----------+-----+-----------+
    |           Name          | LUT| Input Size| Bits| Total Bits|
    +-------------------------+----+-----------+-----+-----------+
    |ap_done_int              |   9|          2|    1|          2|
    |ap_enable_reg_pp0_iter1  |   9|          2|    1|          2|
    |ap_sig_allocacmp_s_1     |  14|          3|   16|         48|
    |attempt_fu_82            |   9|          2|    5|         10|
    |conv2_i_i186_i37_fu_90   |   9|          2|    5|         10|
    |conv2_i_i8_i36_fu_94     |   9|          2|    4|          8|
    |s_fu_86                  |   9|          2|   16|         32|
    +-------------------------+----+-----------+-----+-----------+
    |Total                    |  68|         15|   48|        112|
    +-------------------------+----+-----------+-----+-----------+

    * Register: 
    +-------------------------+----+----+-----+-----------+
    |           Name          | FF | LUT| Bits| Const Bits|
    +-------------------------+----+----+-----+-----------+
    |ap_CS_fsm                |   1|   0|    1|          0|
    |ap_done_reg              |   1|   0|    1|          0|
    |ap_enable_reg_pp0_iter1  |   1|   0|    1|          0|
    |attempt_fu_82            |   5|   0|    5|          0|
    |c_reg_444                |   5|   0|    5|          0|
    |conv2_i_i186_i37_fu_90   |   5|   0|    5|          0|
    |conv2_i_i8_i36_fu_94     |   4|   0|    4|          0|
    |lshr_ln14_1_reg_434      |  15|   0|   15|          0|
    |r_reg_450                |   4|   0|    4|          0|
    |s_fu_86                  |  16|   0|   16|          0|
    |tmp_4_reg_439            |   1|   0|    1|          0|
    +-------------------------+----+----+-----+-----------+
    |Total                    |  58|   0|   58|          0|
    +-------------------------+----+----+-----+-----------+



================================================================
== Interface
================================================================
* Summary: 
+----------------------+-----+-----+------------+-------------------------------------+--------------+
|       RTL Ports      | Dir | Bits|  Protocol  |            Source Object            |    C Type    |
+----------------------+-----+-----+------------+-------------------------------------+--------------+
|ap_clk                |   in|    1|  ap_ctrl_hs|  snake_top_Pipeline_VITIS_LOOP_27_11|  return value|
|ap_rst                |   in|    1|  ap_ctrl_hs|  snake_top_Pipeline_VITIS_LOOP_27_11|  return value|
|ap_start              |   in|    1|  ap_ctrl_hs|  snake_top_Pipeline_VITIS_LOOP_27_11|  return value|
|ap_done               |  out|    1|  ap_ctrl_hs|  snake_top_Pipeline_VITIS_LOOP_27_11|  return value|
|ap_idle               |  out|    1|  ap_ctrl_hs|  snake_top_Pipeline_VITIS_LOOP_27_11|  return value|
|ap_ready              |  out|    1|  ap_ctrl_hs|  snake_top_Pipeline_VITIS_LOOP_27_11|  return value|
|lfsr_load             |   in|   16|     ap_none|                            lfsr_load|        scalar|
|or_ln14_1_out         |  out|   16|      ap_vld|                        or_ln14_1_out|       pointer|
|or_ln14_1_out_ap_vld  |  out|    1|      ap_vld|                        or_ln14_1_out|       pointer|
|r_6_out               |  out|    4|      ap_vld|                              r_6_out|       pointer|
|r_6_out_ap_vld        |  out|    1|      ap_vld|                              r_6_out|       pointer|
|c_7_out               |  out|    5|      ap_vld|                              c_7_out|       pointer|
|c_7_out_ap_vld        |  out|    1|      ap_vld|                              c_7_out|       pointer|
|grid_address0         |  out|    9|   ap_memory|                                 grid|         array|
|grid_ce0              |  out|    1|   ap_memory|                                 grid|         array|
|grid_q0               |   in|    1|   ap_memory|                                 grid|         array|
+----------------------+-----+-----+------------+-------------------------------------+--------------+

