

================================================================
== Vitis HLS Report for 'snake_top_Pipeline_VITIS_LOOP_73_1_VITIS_LOOP_74_2'
================================================================
* Date:           Sat Mar 21 02:24:13 2026

* Version:        2025.2 (Build 6295257 on Nov 12 2025)
* Project:        snake_top
* Solution:       hls (Vivado IP Flow Target)
* Product family: zynq
* Target device:  xc7z010-clg225-1


================================================================
== Performance Estimates
================================================================
+ Timing: 
    * Summary: 
    +--------+----------+-----------+------------+
    |  Clock |  Target  | Estimated | Uncertainty|
    +--------+----------+-----------+------------+
    |ap_clk  |  25.00 ns|  10.603 ns|     6.75 ns|
    +--------+----------+-----------+------------+

+ Latency: 
    * Summary: 
    +---------+---------+----------+----------+-----+-----+-------------------+
    |  Latency (cycles) |  Latency (absolute) |  Interval |      Pipeline     |
    |   min   |   max   |    min   |    max   | min | max |        Type       |
    +---------+---------+----------+----------+-----+-----+-------------------+
    |      302|      302|  7.550 us|  7.550 us|    0|    0|  loop pipeline stp|
    +---------+---------+----------+----------+-----+-----+-------------------+

    + Detail: 
        * Instance: 
        N/A

        * Loop: 
        +-----------------------------------+---------+---------+----------+-----------+-----------+------+----------+
        |                                   |  Latency (cycles) | Iteration|  Initiation Interval  | Trip |          |
        |             Loop Name             |   min   |   max   |  Latency |  achieved |   target  | Count| Pipelined|
        +-----------------------------------+---------+---------+----------+-----------+-----------+------+----------+
        |- VITIS_LOOP_73_1_VITIS_LOOP_74_2  |      300|      300|         1|          1|          1|   300|       yes|
        +-----------------------------------+---------+---------+----------+-----------+-----------+------+----------+



================================================================
== Utilization Estimates
================================================================
* Summary: 
+-----------------+---------+----+-------+-------+-----+
|       Name      | BRAM_18K| DSP|   FF  |  LUT  | URAM|
+-----------------+---------+----+-------+-------+-----+
|DSP              |        -|   -|      -|      -|    -|
|Expression       |        -|   -|      0|     94|    -|
|FIFO             |        -|   -|      -|      -|    -|
|Instance         |        -|   -|      -|      -|    -|
|Memory           |        -|   -|      -|      -|    -|
|Multiplexer      |        -|   -|      0|     63|    -|
|Register         |        -|   -|     20|      -|    -|
+-----------------+---------+----+-------+-------+-----+
|Total            |        0|   0|     20|    157|    0|
+-----------------+---------+----+-------+-------+-----+
|Available        |      120|  80|  35200|  17600|    0|
+-----------------+---------+----+-------+-------+-----+
|Utilization (%)  |        0|   0|     ~0|     ~0|    0|
+-----------------+---------+----+-------+-------+-----+

+ Detail: 
    * Instance: 
    N/A

    * DSP: 
    N/A

    * Memory: 
    N/A

    * FIFO: 
    N/A

    * Expression: 
    +-------------------------+----------+----+---+----+------------+------------+
    |      Variable Name      | Operation| DSP| FF| LUT| Bitwidth P0| Bitwidth P1|
    +-------------------------+----------+----+---+----+------------+------------+
    |add_ln73_1_fu_118_p2     |         +|   0|  0|  13|           5|           1|
    |add_ln73_fu_92_p2        |         +|   0|  0|  14|           9|           1|
    |add_ln74_fu_165_p2       |         +|   0|  0|  13|           4|           1|
    |add_ln75_fu_154_p2       |         +|   0|  0|   9|           9|           9|
    |sub_ln75_fu_144_p2       |         -|   0|  0|   9|           9|           9|
    |icmp_ln73_fu_86_p2       |      icmp|   0|  0|  14|           9|           9|
    |icmp_ln74_fu_104_p2      |      icmp|   0|  0|  13|           4|           2|
    |select_ln73_1_fu_124_p3  |    select|   0|  0|   5|           1|           5|
    |select_ln73_fu_110_p3    |    select|   0|  0|   4|           1|           1|
    +-------------------------+----------+----+---+----+------------+------------+
    |Total                    |          |   0|  0|  94|          51|          38|
    +-------------------------+----------+----+---+----+------------+------------+

    * Multiplexer: 
    +--------------------------------------+----+-----------+-----+-----------+
    |                 Name                 | LUT| Input Size| Bits| Total Bits|
    +--------------------------------------+----+-----------+-----+-----------+
    |ap_done_int                           |   9|          2|    1|          2|
    |ap_sig_allocacmp_c_load               |   9|          2|    5|         10|
    |ap_sig_allocacmp_indvar_flatten_load  |   9|          2|    9|         18|
    |ap_sig_allocacmp_r_load               |   9|          2|    4|          8|
    |c_fu_46                               |   9|          2|    5|         10|
    |indvar_flatten_fu_50                  |   9|          2|    9|         18|
    |r_fu_42                               |   9|          2|    4|          8|
    +--------------------------------------+----+-----------+-----+-----------+
    |Total                                 |  63|         14|   37|         74|
    +--------------------------------------+----+-----------+-----+-----------+

    * Register: 
    +----------------------+---+----+-----+-----------+
    |         Name         | FF| LUT| Bits| Const Bits|
    +----------------------+---+----+-----+-----------+
    |ap_CS_fsm             |  1|   0|    1|          0|
    |ap_done_reg           |  1|   0|    1|          0|
    |c_fu_46               |  5|   0|    5|          0|
    |indvar_flatten_fu_50  |  9|   0|    9|          0|
    |r_fu_42               |  4|   0|    4|          0|
    +----------------------+---+----+-----+-----------+
    |Total                 | 20|   0|   20|          0|
    +----------------------+---+----+-----+-----------+



================================================================
== Interface
================================================================
* Summary: 
+---------------+-----+-----+------------+----------------------------------------------------+--------------+
|   RTL Ports   | Dir | Bits|  Protocol  |                    Source Object                   |    C Type    |
+---------------+-----+-----+------------+----------------------------------------------------+--------------+
|ap_clk         |   in|    1|  ap_ctrl_hs|  snake_top_Pipeline_VITIS_LOOP_73_1_VITIS_LOOP_74_2|  return value|
|ap_rst         |   in|    1|  ap_ctrl_hs|  snake_top_Pipeline_VITIS_LOOP_73_1_VITIS_LOOP_74_2|  return value|
|ap_start       |   in|    1|  ap_ctrl_hs|  snake_top_Pipeline_VITIS_LOOP_73_1_VITIS_LOOP_74_2|  return value|
|ap_done        |  out|    1|  ap_ctrl_hs|  snake_top_Pipeline_VITIS_LOOP_73_1_VITIS_LOOP_74_2|  return value|
|ap_idle        |  out|    1|  ap_ctrl_hs|  snake_top_Pipeline_VITIS_LOOP_73_1_VITIS_LOOP_74_2|  return value|
|ap_ready       |  out|    1|  ap_ctrl_hs|  snake_top_Pipeline_VITIS_LOOP_73_1_VITIS_LOOP_74_2|  return value|
|grid_address0  |  out|    9|   ap_memory|                                                grid|         array|
|grid_ce0       |  out|    1|   ap_memory|                                                grid|         array|
|grid_we0       |  out|    1|   ap_memory|                                                grid|         array|
|grid_d0        |  out|    1|   ap_memory|                                                grid|         array|
+---------------+-----+-----+------------+----------------------------------------------------+--------------+

