------------------------------------------------------------
Timing Analyzer Summary
------------------------------------------------------------

Type  : Slow 1100mV 85C Model Setup 'u6|sdram_pll_inst|altera_pll_i|general[0].gpll~PLL_OUTPUT_COUNTER|divclk'
Slack : 4.067
TNS   : 0.000

Type  : Slow 1100mV 85C Model Setup 'u6|sdram_pll_inst|altera_pll_i|general[2].gpll~PLL_OUTPUT_COUNTER|divclk'
Slack : 10.550
TNS   : 0.000

Type  : Slow 1100mV 85C Model Setup 'CLOCK2_50'
Slack : 14.455
TNS   : 0.000

Type  : Slow 1100mV 85C Model Setup 'CLOCK_50'
Slack : 15.994
TNS   : 0.000

Type  : Slow 1100mV 85C Model Hold 'u6|sdram_pll_inst|altera_pll_i|general[2].gpll~PLL_OUTPUT_COUNTER|divclk'
Slack : 0.215
TNS   : 0.000

Type  : Slow 1100mV 85C Model Hold 'u6|sdram_pll_inst|altera_pll_i|general[0].gpll~PLL_OUTPUT_COUNTER|divclk'
Slack : 0.303
TNS   : 0.000

Type  : Slow 1100mV 85C Model Hold 'CLOCK_50'
Slack : 0.356
TNS   : 0.000

Type  : Slow 1100mV 85C Model Hold 'CLOCK2_50'
Slack : 0.376
TNS   : 0.000

Type  : Slow 1100mV 85C Model Recovery 'u6|sdram_pll_inst|altera_pll_i|general[0].gpll~PLL_OUTPUT_COUNTER|divclk'
Slack : 3.140
TNS   : 0.000

Type  : Slow 1100mV 85C Model Recovery 'CLOCK2_50'
Slack : 12.115
TNS   : 0.000

Type  : Slow 1100mV 85C Model Recovery 'u6|sdram_pll_inst|altera_pll_i|general[2].gpll~PLL_OUTPUT_COUNTER|divclk'
Slack : 13.063
TNS   : 0.000

Type  : Slow 1100mV 85C Model Removal 'u6|sdram_pll_inst|altera_pll_i|general[0].gpll~PLL_OUTPUT_COUNTER|divclk'
Slack : 0.977
TNS   : 0.000

Type  : Slow 1100mV 85C Model Removal 'u6|sdram_pll_inst|altera_pll_i|general[2].gpll~PLL_OUTPUT_COUNTER|divclk'
Slack : 1.152
TNS   : 0.000

Type  : Slow 1100mV 85C Model Removal 'CLOCK2_50'
Slack : 1.401
TNS   : 0.000

Type  : Slow 1100mV 85C Model Minimum Pulse Width 'u6|sdram_pll_inst|altera_pll_i|general[0].gpll~FRACTIONAL_PLL|vcoph[0]'
Slack : 1.666
TNS   : 0.000

Type  : Slow 1100mV 85C Model Minimum Pulse Width 'u6|sdram_pll_inst|altera_pll_i|general[0].gpll~PLL_OUTPUT_COUNTER|divclk'
Slack : 3.771
TNS   : 0.000

Type  : Slow 1100mV 85C Model Minimum Pulse Width 'CLOCK2_50'
Slack : 8.936
TNS   : 0.000

Type  : Slow 1100mV 85C Model Minimum Pulse Width 'CLOCK_50'
Slack : 9.255
TNS   : 0.000

Type  : Slow 1100mV 85C Model Minimum Pulse Width 'u6|sdram_pll_inst|altera_pll_i|general[2].gpll~PLL_OUTPUT_COUNTER|divclk'
Slack : 18.779
TNS   : 0.000

Type  : Slow 1100mV 0C Model Setup 'u6|sdram_pll_inst|altera_pll_i|general[0].gpll~PLL_OUTPUT_COUNTER|divclk'
Slack : 4.119
TNS   : 0.000

Type  : Slow 1100mV 0C Model Setup 'u6|sdram_pll_inst|altera_pll_i|general[2].gpll~PLL_OUTPUT_COUNTER|divclk'
Slack : 11.044
TNS   : 0.000

Type  : Slow 1100mV 0C Model Setup 'CLOCK2_50'
Slack : 14.282
TNS   : 0.000

Type  : Slow 1100mV 0C Model Setup 'CLOCK_50'
Slack : 15.966
TNS   : 0.000

Type  : Slow 1100mV 0C Model Hold 'u6|sdram_pll_inst|altera_pll_i|general[2].gpll~PLL_OUTPUT_COUNTER|divclk'
Slack : 0.264
TNS   : 0.000

Type  : Slow 1100mV 0C Model Hold 'u6|sdram_pll_inst|altera_pll_i|general[0].gpll~PLL_OUTPUT_COUNTER|divclk'
Slack : 0.276
TNS   : 0.000

Type  : Slow 1100mV 0C Model Hold 'CLOCK_50'
Slack : 0.354
TNS   : 0.000

Type  : Slow 1100mV 0C Model Hold 'CLOCK2_50'
Slack : 0.375
TNS   : 0.000

Type  : Slow 1100mV 0C Model Recovery 'u6|sdram_pll_inst|altera_pll_i|general[0].gpll~PLL_OUTPUT_COUNTER|divclk'
Slack : 3.543
TNS   : 0.000

Type  : Slow 1100mV 0C Model Recovery 'CLOCK2_50'
Slack : 12.324
TNS   : 0.000

Type  : Slow 1100mV 0C Model Recovery 'u6|sdram_pll_inst|altera_pll_i|general[2].gpll~PLL_OUTPUT_COUNTER|divclk'
Slack : 13.412
TNS   : 0.000

Type  : Slow 1100mV 0C Model Removal 'u6|sdram_pll_inst|altera_pll_i|general[0].gpll~PLL_OUTPUT_COUNTER|divclk'
Slack : 0.809
TNS   : 0.000

Type  : Slow 1100mV 0C Model Removal 'u6|sdram_pll_inst|altera_pll_i|general[2].gpll~PLL_OUTPUT_COUNTER|divclk'
Slack : 1.037
TNS   : 0.000

Type  : Slow 1100mV 0C Model Removal 'CLOCK2_50'
Slack : 1.276
TNS   : 0.000

Type  : Slow 1100mV 0C Model Minimum Pulse Width 'u6|sdram_pll_inst|altera_pll_i|general[0].gpll~FRACTIONAL_PLL|vcoph[0]'
Slack : 1.666
TNS   : 0.000

Type  : Slow 1100mV 0C Model Minimum Pulse Width 'u6|sdram_pll_inst|altera_pll_i|general[0].gpll~PLL_OUTPUT_COUNTER|divclk'
Slack : 3.761
TNS   : 0.000

Type  : Slow 1100mV 0C Model Minimum Pulse Width 'CLOCK2_50'
Slack : 8.928
TNS   : 0.000

Type  : Slow 1100mV 0C Model Minimum Pulse Width 'CLOCK_50'
Slack : 9.318
TNS   : 0.000

Type  : Slow 1100mV 0C Model Minimum Pulse Width 'u6|sdram_pll_inst|altera_pll_i|general[2].gpll~PLL_OUTPUT_COUNTER|divclk'
Slack : 18.763
TNS   : 0.000

Type  : Fast 1100mV 85C Model Setup 'u6|sdram_pll_inst|altera_pll_i|general[0].gpll~PLL_OUTPUT_COUNTER|divclk'
Slack : 5.719
TNS   : 0.000

Type  : Fast 1100mV 85C Model Setup 'u6|sdram_pll_inst|altera_pll_i|general[2].gpll~PLL_OUTPUT_COUNTER|divclk'
Slack : 13.238
TNS   : 0.000

Type  : Fast 1100mV 85C Model Setup 'CLOCK2_50'
Slack : 16.663
TNS   : 0.000

Type  : Fast 1100mV 85C Model Setup 'CLOCK_50'
Slack : 17.706
TNS   : 0.000

Type  : Fast 1100mV 85C Model Hold 'u6|sdram_pll_inst|altera_pll_i|general[2].gpll~PLL_OUTPUT_COUNTER|divclk'
Slack : 0.138
TNS   : 0.000

Type  : Fast 1100mV 85C Model Hold 'u6|sdram_pll_inst|altera_pll_i|general[0].gpll~PLL_OUTPUT_COUNTER|divclk'
Slack : 0.173
TNS   : 0.000

Type  : Fast 1100mV 85C Model Hold 'CLOCK_50'
Slack : 0.186
TNS   : 0.000

Type  : Fast 1100mV 85C Model Hold 'CLOCK2_50'
Slack : 0.200
TNS   : 0.000

Type  : Fast 1100mV 85C Model Recovery 'u6|sdram_pll_inst|altera_pll_i|general[0].gpll~PLL_OUTPUT_COUNTER|divclk'
Slack : 4.830
TNS   : 0.000

Type  : Fast 1100mV 85C Model Recovery 'u6|sdram_pll_inst|altera_pll_i|general[2].gpll~PLL_OUTPUT_COUNTER|divclk'
Slack : 14.911
TNS   : 0.000

Type  : Fast 1100mV 85C Model Recovery 'CLOCK2_50'
Slack : 15.399
TNS   : 0.000

Type  : Fast 1100mV 85C Model Removal 'u6|sdram_pll_inst|altera_pll_i|general[2].gpll~PLL_OUTPUT_COUNTER|divclk'
Slack : 0.723
TNS   : 0.000

Type  : Fast 1100mV 85C Model Removal 'CLOCK2_50'
Slack : 0.810
TNS   : 0.000

Type  : Fast 1100mV 85C Model Removal 'u6|sdram_pll_inst|altera_pll_i|general[0].gpll~PLL_OUTPUT_COUNTER|divclk'
Slack : 1.045
TNS   : 0.000

Type  : Fast 1100mV 85C Model Minimum Pulse Width 'u6|sdram_pll_inst|altera_pll_i|general[0].gpll~FRACTIONAL_PLL|vcoph[0]'
Slack : 1.666
TNS   : 0.000

Type  : Fast 1100mV 85C Model Minimum Pulse Width 'u6|sdram_pll_inst|altera_pll_i|general[0].gpll~PLL_OUTPUT_COUNTER|divclk'
Slack : 3.892
TNS   : 0.000

Type  : Fast 1100mV 85C Model Minimum Pulse Width 'CLOCK2_50'
Slack : 8.866
TNS   : 0.000

Type  : Fast 1100mV 85C Model Minimum Pulse Width 'CLOCK_50'
Slack : 9.137
TNS   : 0.000

Type  : Fast 1100mV 85C Model Minimum Pulse Width 'u6|sdram_pll_inst|altera_pll_i|general[2].gpll~PLL_OUTPUT_COUNTER|divclk'
Slack : 18.892
TNS   : 0.000

Type  : Fast 1100mV 0C Model Setup 'u6|sdram_pll_inst|altera_pll_i|general[0].gpll~PLL_OUTPUT_COUNTER|divclk'
Slack : 6.333
TNS   : 0.000

Type  : Fast 1100mV 0C Model Setup 'u6|sdram_pll_inst|altera_pll_i|general[2].gpll~PLL_OUTPUT_COUNTER|divclk'
Slack : 14.183
TNS   : 0.000

Type  : Fast 1100mV 0C Model Setup 'CLOCK2_50'
Slack : 16.765
TNS   : 0.000

Type  : Fast 1100mV 0C Model Setup 'CLOCK_50'
Slack : 17.865
TNS   : 0.000

Type  : Fast 1100mV 0C Model Hold 'u6|sdram_pll_inst|altera_pll_i|general[2].gpll~PLL_OUTPUT_COUNTER|divclk'
Slack : 0.144
TNS   : 0.000

Type  : Fast 1100mV 0C Model Hold 'u6|sdram_pll_inst|altera_pll_i|general[0].gpll~PLL_OUTPUT_COUNTER|divclk'
Slack : 0.150
TNS   : 0.000

Type  : Fast 1100mV 0C Model Hold 'CLOCK_50'
Slack : 0.179
TNS   : 0.000

Type  : Fast 1100mV 0C Model Hold 'CLOCK2_50'
Slack : 0.189
TNS   : 0.000

Type  : Fast 1100mV 0C Model Recovery 'u6|sdram_pll_inst|altera_pll_i|general[0].gpll~PLL_OUTPUT_COUNTER|divclk'
Slack : 5.577
TNS   : 0.000

Type  : Fast 1100mV 0C Model Recovery 'u6|sdram_pll_inst|altera_pll_i|general[2].gpll~PLL_OUTPUT_COUNTER|divclk'
Slack : 15.606
TNS   : 0.000

Type  : Fast 1100mV 0C Model Recovery 'CLOCK2_50'
Slack : 15.668
TNS   : 0.000

Type  : Fast 1100mV 0C Model Removal 'u6|sdram_pll_inst|altera_pll_i|general[2].gpll~PLL_OUTPUT_COUNTER|divclk'
Slack : 0.547
TNS   : 0.000

Type  : Fast 1100mV 0C Model Removal 'CLOCK2_50'
Slack : 0.655
TNS   : 0.000

Type  : Fast 1100mV 0C Model Removal 'u6|sdram_pll_inst|altera_pll_i|general[0].gpll~PLL_OUTPUT_COUNTER|divclk'
Slack : 0.738
TNS   : 0.000

Type  : Fast 1100mV 0C Model Minimum Pulse Width 'u6|sdram_pll_inst|altera_pll_i|general[0].gpll~FRACTIONAL_PLL|vcoph[0]'
Slack : 1.666
TNS   : 0.000

Type  : Fast 1100mV 0C Model Minimum Pulse Width 'u6|sdram_pll_inst|altera_pll_i|general[0].gpll~PLL_OUTPUT_COUNTER|divclk'
Slack : 3.888
TNS   : 0.000

Type  : Fast 1100mV 0C Model Minimum Pulse Width 'CLOCK2_50'
Slack : 8.830
TNS   : 0.000

Type  : Fast 1100mV 0C Model Minimum Pulse Width 'CLOCK_50'
Slack : 9.100
TNS   : 0.000

Type  : Fast 1100mV 0C Model Minimum Pulse Width 'u6|sdram_pll_inst|altera_pll_i|general[2].gpll~PLL_OUTPUT_COUNTER|divclk'
Slack : 18.890
TNS   : 0.000

------------------------------------------------------------
