

================================================================
== Vitis HLS Report for 'snake_top_Pipeline_VITIS_LOOP_207_5'
================================================================
* Date:           Sat Mar 21 02:24:12 2026

* Version:        2025.2 (Build 6295257 on Nov 12 2025)
* Project:        snake_top
* Solution:       hls (Vivado IP Flow Target)
* Product family: zynq
* Target device:  xc7z010-clg225-1


================================================================
== Performance Estimates
================================================================
+ Timing: 
    * Summary: 
    +--------+----------+----------+------------+
    |  Clock |  Target  | Estimated| Uncertainty|
    +--------+----------+----------+------------+
    |ap_clk  |  25.00 ns|  6.665 ns|     6.75 ns|
    +--------+----------+----------+------------+

+ Latency: 
    * Summary: 
    +---------+---------+----------+----------+-----+-----+-------------------+
    |  Latency (cycles) |  Latency (absolute) |  Interval |      Pipeline     |
    |   min   |   max   |    min   |    max   | min | max |        Type       |
    +---------+---------+----------+----------+-----+-----+-------------------+
    |      301|      301|  7.525 us|  7.525 us|    0|    0|  loop pipeline stp|
    +---------+---------+----------+----------+-----+-----+-------------------+

    + Detail: 
        * Instance: 
        N/A

        * Loop: 
        +--------------------+---------+---------+----------+-----------+-----------+------+----------+
        |                    |  Latency (cycles) | Iteration|  Initiation Interval  | Trip |          |
        |      Loop Name     |   min   |   max   |  Latency |  achieved |   target  | Count| Pipelined|
        +--------------------+---------+---------+----------+-----------+-----------+------+----------+
        |- VITIS_LOOP_207_5  |      299|      299|         2|          1|          1|   299|       yes|
        +--------------------+---------+---------+----------+-----------+-----------+------+----------+

============================================================
+ Verbose Summary: Synthesis Manager
============================================================
InlineROM: 1
ExposeGlobal: 0
============================================================
+ Verbose Summary: CDFG Model
============================================================
IsTopModel: 0
ResetActiveHigh: 1
IsCombinational: 0
IsDatapathOnly: 0
HasWiredReturn: 1
HasMFsm: 2
HasVarLatency: 1
IsPipeline: 0
IsRtlPipelined: 0
IsInstanceOverlapped: 0
IsDontTouch: 0
HasImplIP: 0
IsGatedGlobalClock: 0

+ Individual pipeline summary: 
  * Pipeline-0: initiation interval (II) = 1, depth = 2


============================================================
+ Verbose Summary: Schedule
============================================================
* Number of FSM states : 2
* Pipeline : 1
  Pipeline-0 : II = 1, D = 2, States = { 1 2 }
* Dataflow Pipeline: 0

* FSM state transitions: 
1 --> 2 
2 --> 

* FSM state operations: 

State 1 <SV = 0> <Delay = 6.66>
ST_1 : Operation 5 [1/1] (0.00ns)   --->   "%i_3 = alloca i32 1" [../snake.cpp:207]   --->   Operation 5 'alloca' 'i_3' <Predicate = true> <Delay = 0.00>
ST_1 : Operation 6 [1/1] (0.00ns)   --->   "%new_len_2_read = read i9 @_ssdm_op_Read.ap_auto.i9, i9 %new_len_2"   --->   Operation 6 'read' 'new_len_2_read' <Predicate = true> <Delay = 0.00>
ST_1 : Operation 7 [1/1] (1.58ns)   --->   "%store_ln207 = store i9 299, i9 %i_3" [../snake.cpp:207]   --->   Operation 7 'store' 'store_ln207' <Predicate = true> <Delay = 1.58>
ST_1 : Operation 8 [1/1] (0.00ns)   --->   "%br_ln0 = br void %for.body220"   --->   Operation 8 'br' 'br_ln0' <Predicate = true> <Delay = 0.00>
ST_1 : Operation 9 [1/1] (0.00ns)   --->   "%i = load i9 %i_3" [../snake.cpp:207]   --->   Operation 9 'load' 'i' <Predicate = true> <Delay = 0.00>
ST_1 : Operation 10 [1/1] (1.82ns)   --->   "%icmp_ln207 = icmp_eq  i9 %i, i9 0" [../snake.cpp:207]   --->   Operation 10 'icmp' 'icmp_ln207' <Predicate = true> <Delay = 1.82> <CoreInst = "Cmp">   --->   Core 9 'Cmp' <Latency = 0> <II = 1> <Delay = 1.82> <FuncUnit> <Opcode : 'seteq' 'setne' 'setle' 'setge' 'setlt' 'setgt'> <InPorts = 2> <OutPorts = 1>
ST_1 : Operation 11 [1/1] (0.00ns)   --->   "%br_ln207 = br i1 %icmp_ln207, void %for.body220.split, void %for.end231.exitStub" [../snake.cpp:207]   --->   Operation 11 'br' 'br_ln207' <Predicate = true> <Delay = 0.00>
ST_1 : Operation 12 [1/1] (1.82ns)   --->   "%icmp_ln208 = icmp_ult  i9 %i, i9 %new_len_2_read" [../snake.cpp:208]   --->   Operation 12 'icmp' 'icmp_ln208' <Predicate = (!icmp_ln207)> <Delay = 1.82> <CoreInst = "Cmp">   --->   Core 9 'Cmp' <Latency = 0> <II = 1> <Delay = 1.82> <FuncUnit> <Opcode : 'seteq' 'setne' 'setle' 'setge' 'setlt' 'setgt'> <InPorts = 2> <OutPorts = 1>
ST_1 : Operation 13 [1/1] (1.82ns)   --->   "%i_4 = add i9 %i, i9 511" [../snake.cpp:207]   --->   Operation 13 'add' 'i_4' <Predicate = (!icmp_ln207)> <Delay = 1.82> <CoreInst = "Adder">   --->   Core 1 'Adder' <Latency = 0> <II = 1> <Delay = 1.82> <FuncUnit> <Opcode : 'add' 'sub'> <InPorts = 2> <OutPorts = 1>
ST_1 : Operation 14 [1/1] (0.00ns)   --->   "%zext_ln208 = zext i9 %i_4" [../snake.cpp:208]   --->   Operation 14 'zext' 'zext_ln208' <Predicate = (!icmp_ln207)> <Delay = 0.00>
ST_1 : Operation 15 [1/1] (0.00ns)   --->   "%br_ln208 = br i1 %icmp_ln208, void %for.inc230, void %if.then223" [../snake.cpp:208]   --->   Operation 15 'br' 'br_ln208' <Predicate = (!icmp_ln207)> <Delay = 0.00>
ST_1 : Operation 16 [1/1] (0.00ns)   --->   "%st_body_col_addr = getelementptr i5 %st_body_col, i64 0, i64 %zext_ln208" [../snake.cpp:209]   --->   Operation 16 'getelementptr' 'st_body_col_addr' <Predicate = (!icmp_ln207 & icmp_ln208)> <Delay = 0.00>
ST_1 : Operation 17 [1/1] (0.00ns)   --->   "%st_body_row_addr = getelementptr i4 %st_body_row, i64 0, i64 %zext_ln208" [../snake.cpp:209]   --->   Operation 17 'getelementptr' 'st_body_row_addr' <Predicate = (!icmp_ln207 & icmp_ln208)> <Delay = 0.00>
ST_1 : Operation 18 [2/2] (3.25ns)   --->   "%st_body_col_load = load i9 %st_body_col_addr" [../snake.cpp:209]   --->   Operation 18 'load' 'st_body_col_load' <Predicate = (!icmp_ln207 & icmp_ln208)> <Delay = 3.25> <CoreInst = "RAM">   --->   Core 81 'RAM' <Latency = 1> <II = 1> <Delay = 3.25> <Storage> <Opcode : 'load' 'store'> <Ports = 2> <Width = 5> <Depth = 300> <RAM>
ST_1 : Operation 19 [2/2] (3.25ns)   --->   "%st_body_row_load = load i9 %st_body_row_addr" [../snake.cpp:209]   --->   Operation 19 'load' 'st_body_row_load' <Predicate = (!icmp_ln207 & icmp_ln208)> <Delay = 3.25> <CoreInst = "RAM">   --->   Core 81 'RAM' <Latency = 1> <II = 1> <Delay = 3.25> <Storage> <Opcode : 'load' 'store'> <Ports = 2> <Width = 4> <Depth = 300> <RAM>
ST_1 : Operation 20 [1/1] (1.58ns)   --->   "%store_ln207 = store i9 %i_4, i9 %i_3" [../snake.cpp:207]   --->   Operation 20 'store' 'store_ln207' <Predicate = (!icmp_ln207)> <Delay = 1.58>
ST_1 : Operation 21 [1/1] (0.00ns)   --->   "%br_ln207 = br void %for.body220" [../snake.cpp:207]   --->   Operation 21 'br' 'br_ln207' <Predicate = (!icmp_ln207)> <Delay = 0.00>
ST_1 : Operation 33 [1/1] (1.58ns)   --->   "%ret_ln0 = ret"   --->   Operation 33 'ret' 'ret_ln0' <Predicate = (icmp_ln207)> <Delay = 1.58>

State 2 <SV = 1> <Delay = 6.50>
ST_2 : Operation 22 [1/1] (0.00ns)   --->   "%zext_ln207 = zext i9 %i" [../snake.cpp:207]   --->   Operation 22 'zext' 'zext_ln207' <Predicate = true> <Delay = 0.00>
ST_2 : Operation 23 [1/1] (0.00ns)   --->   "%specpipeline_ln207 = specpipeline void @_ssdm_op_SpecPipeline, i32 4294967295, i32 0, i32 0, i32 0, i32 4294967295, void @empty_0" [../snake.cpp:207]   --->   Operation 23 'specpipeline' 'specpipeline_ln207' <Predicate = true> <Delay = 0.00>
ST_2 : Operation 24 [1/1] (0.00ns)   --->   "%speclooptripcount_ln207 = speclooptripcount void @_ssdm_op_SpecLoopTripCount, i64 299, i64 299, i64 299" [../snake.cpp:207]   --->   Operation 24 'speclooptripcount' 'speclooptripcount_ln207' <Predicate = true> <Delay = 0.00>
ST_2 : Operation 25 [1/1] (0.00ns)   --->   "%specloopname_ln207 = specloopname void @_ssdm_op_SpecLoopName, void @empty_3" [../snake.cpp:207]   --->   Operation 25 'specloopname' 'specloopname_ln207' <Predicate = true> <Delay = 0.00>
ST_2 : Operation 26 [1/1] (0.00ns)   --->   "%st_body_col_addr_1 = getelementptr i5 %st_body_col, i64 0, i64 %zext_ln207" [../snake.cpp:209]   --->   Operation 26 'getelementptr' 'st_body_col_addr_1' <Predicate = (icmp_ln208)> <Delay = 0.00>
ST_2 : Operation 27 [1/1] (0.00ns)   --->   "%st_body_row_addr_1 = getelementptr i4 %st_body_row, i64 0, i64 %zext_ln207" [../snake.cpp:209]   --->   Operation 27 'getelementptr' 'st_body_row_addr_1' <Predicate = (icmp_ln208)> <Delay = 0.00>
ST_2 : Operation 28 [1/2] ( I:3.25ns O:3.25ns )   --->   "%st_body_col_load = load i9 %st_body_col_addr" [../snake.cpp:209]   --->   Operation 28 'load' 'st_body_col_load' <Predicate = (icmp_ln208)> <Delay = 3.25> <CoreInst = "RAM">   --->   Core 81 'RAM' <Latency = 1> <II = 1> <Delay = 3.25> <Storage> <Opcode : 'load' 'store'> <Ports = 2> <Width = 5> <Depth = 300> <RAM>
ST_2 : Operation 29 [1/2] ( I:3.25ns O:3.25ns )   --->   "%st_body_row_load = load i9 %st_body_row_addr" [../snake.cpp:209]   --->   Operation 29 'load' 'st_body_row_load' <Predicate = (icmp_ln208)> <Delay = 3.25> <CoreInst = "RAM">   --->   Core 81 'RAM' <Latency = 1> <II = 1> <Delay = 3.25> <Storage> <Opcode : 'load' 'store'> <Ports = 2> <Width = 4> <Depth = 300> <RAM>
ST_2 : Operation 30 [1/1] ( I:3.25ns O:3.25ns )   --->   "%store_ln209 = store i5 %st_body_col_load, i9 %st_body_col_addr_1" [../snake.cpp:209]   --->   Operation 30 'store' 'store_ln209' <Predicate = (icmp_ln208)> <Delay = 3.25> <CoreInst = "RAM">   --->   Core 81 'RAM' <Latency = 1> <II = 1> <Delay = 3.25> <Storage> <Opcode : 'load' 'store'> <Ports = 2> <Width = 5> <Depth = 300> <RAM>
ST_2 : Operation 31 [1/1] ( I:3.25ns O:3.25ns )   --->   "%store_ln209 = store i4 %st_body_row_load, i9 %st_body_row_addr_1" [../snake.cpp:209]   --->   Operation 31 'store' 'store_ln209' <Predicate = (icmp_ln208)> <Delay = 3.25> <CoreInst = "RAM">   --->   Core 81 'RAM' <Latency = 1> <II = 1> <Delay = 3.25> <Storage> <Opcode : 'load' 'store'> <Ports = 2> <Width = 4> <Depth = 300> <RAM>
ST_2 : Operation 32 [1/1] (0.00ns)   --->   "%br_ln209 = br void %for.inc230" [../snake.cpp:209]   --->   Operation 32 'br' 'br_ln209' <Predicate = (icmp_ln208)> <Delay = 0.00>


============================================================
+ Verbose Summary: Binding
============================================================
STG Binding: 
---------------- STG Properties BEGIN ----------------
- Is combinational: 0
- Is one-state seq: 0
- Is datapath-only: 0
- Is pipelined: 0
- Is top level: 0
Port [ Return ] is wired: 1; IO mode=ap_ctrl_hs:ce=0
Port [ new_len_2]:  wired=1; compound=0; hidden=0; nouse=0; global=0; static=0; extern=0; dir=0; type=0; pingpong=0; private_global=0; IO mode=ap_none:ce=0
Port [ st_body_col]:  wired=1; compound=1; hidden=0; nouse=0; global=1; static=1; extern=0; dir=2; type=1; pingpong=0; private_global=0; MemPort=[01]; IO mode=ap_memory:ce=0
Port [ st_body_row]:  wired=1; compound=1; hidden=0; nouse=0; global=1; static=1; extern=0; dir=2; type=1; pingpong=0; private_global=0; MemPort=[01]; IO mode=ap_memory:ce=0
---------------- STG Properties END ------------------

---------------- Datapath Model BEGIN ----------------

<LifeTime>
<method=bitvector/>
i_3                     (alloca           ) [ 010]
new_len_2_read          (read             ) [ 000]
store_ln207             (store            ) [ 000]
br_ln0                  (br               ) [ 000]
i                       (load             ) [ 011]
icmp_ln207              (icmp             ) [ 010]
br_ln207                (br               ) [ 000]
icmp_ln208              (icmp             ) [ 011]
i_4                     (add              ) [ 000]
zext_ln208              (zext             ) [ 000]
br_ln208                (br               ) [ 000]
st_body_col_addr        (getelementptr    ) [ 011]
st_body_row_addr        (getelementptr    ) [ 011]
store_ln207             (store            ) [ 000]
br_ln207                (br               ) [ 000]
zext_ln207              (zext             ) [ 000]
specpipeline_ln207      (specpipeline     ) [ 000]
speclooptripcount_ln207 (speclooptripcount) [ 000]
specloopname_ln207      (specloopname     ) [ 000]
st_body_col_addr_1      (getelementptr    ) [ 000]
st_body_row_addr_1      (getelementptr    ) [ 000]
st_body_col_load        (load             ) [ 000]
st_body_row_load        (load             ) [ 000]
store_ln209             (store            ) [ 000]
store_ln209             (store            ) [ 000]
br_ln209                (br               ) [ 000]
ret_ln0                 (ret              ) [ 000]
</LifeTime>

<model>

<comp_list>
<comp id="0" class="1000" name="new_len_2">
<pin_list>
<pin id="1" dir="1" index="0" bw="1" slack="0"/>
</pin_list>
<bind>
<StgValue><ssdm name="new_len_2"/></StgValue>
</bind>
</comp>

<comp id="2" class="1000" name="st_body_col">
<pin_list>
<pin id="3" dir="1" index="0" bw="1" slack="0"/>
</pin_list>
<bind>
<StgValue><ssdm name="st_body_col"/><MemPortTyVec>0 1 </MemPortTyVec>
</StgValue>
</bind>
</comp>

<comp id="4" class="1000" name="st_body_row">
<pin_list>
<pin id="5" dir="1" index="0" bw="1" slack="0"/>
</pin_list>
<bind>
<StgValue><ssdm name="st_body_row"/><MemPortTyVec>0 1 </MemPortTyVec>
</StgValue>
</bind>
</comp>

<comp id="6" class="1001" name="const_6">
<pin_list>
<pin id="7" dir="1" index="0" bw="1" slack="0"/>
</pin_list>
<bind>
<StgValue><ssdm name=""/></StgValue>
</bind>
</comp>

<comp id="8" class="1001" name="const_8">
<pin_list>
<pin id="9" dir="1" index="0" bw="1" slack="0"/>
</pin_list>
<bind>
<StgValue><ssdm name="_ssdm_op_Read.ap_auto.i9"/></StgValue>
</bind>
</comp>

<comp id="10" class="1001" name="const_10">
<pin_list>
<pin id="11" dir="1" index="0" bw="1" slack="0"/>
</pin_list>
<bind>
<StgValue><ssdm name=""/></StgValue>
</bind>
</comp>

<comp id="12" class="1001" name="const_12">
<pin_list>
<pin id="13" dir="1" index="0" bw="1" slack="0"/>
</pin_list>
<bind>
<StgValue><ssdm name=""/></StgValue>
</bind>
</comp>

<comp id="14" class="1001" name="const_14">
<pin_list>
<pin id="15" dir="1" index="0" bw="1" slack="0"/>
</pin_list>
<bind>
<StgValue><ssdm name=""/></StgValue>
</bind>
</comp>

<comp id="16" class="1001" name="const_16">
<pin_list>
<pin id="17" dir="1" index="0" bw="1" slack="0"/>
</pin_list>
<bind>
<StgValue><ssdm name=""/></StgValue>
</bind>
</comp>

<comp id="18" class="1001" name="const_18">
<pin_list>
<pin id="19" dir="1" index="0" bw="1" slack="2147483647"/>
</pin_list>
<bind>
<StgValue><ssdm name="_ssdm_op_SpecPipeline"/></StgValue>
</bind>
</comp>

<comp id="20" class="1001" name="const_20">
<pin_list>
<pin id="21" dir="1" index="0" bw="1" slack="2147483647"/>
</pin_list>
<bind>
<StgValue><ssdm name=""/></StgValue>
</bind>
</comp>

<comp id="22" class="1001" name="const_22">
<pin_list>
<pin id="23" dir="1" index="0" bw="1" slack="2147483647"/>
</pin_list>
<bind>
<StgValue><ssdm name=""/></StgValue>
</bind>
</comp>

<comp id="24" class="1001" name="const_24">
<pin_list>
<pin id="25" dir="1" index="0" bw="1" slack="2147483647"/>
</pin_list>
<bind>
<StgValue><ssdm name="empty_0"/></StgValue>
</bind>
</comp>

<comp id="26" class="1001" name="const_26">
<pin_list>
<pin id="27" dir="1" index="0" bw="1" slack="2147483647"/>
</pin_list>
<bind>
<StgValue><ssdm name="_ssdm_op_SpecLoopTripCount"/></StgValue>
</bind>
</comp>

<comp id="28" class="1001" name="const_28">
<pin_list>
<pin id="29" dir="1" index="0" bw="1" slack="2147483647"/>
</pin_list>
<bind>
<StgValue><ssdm name=""/></StgValue>
</bind>
</comp>

<comp id="30" class="1001" name="const_30">
<pin_list>
<pin id="31" dir="1" index="0" bw="1" slack="2147483647"/>
</pin_list>
<bind>
<StgValue><ssdm name="_ssdm_op_SpecLoopName"/></StgValue>
</bind>
</comp>

<comp id="32" class="1001" name="const_32">
<pin_list>
<pin id="33" dir="1" index="0" bw="1" slack="2147483647"/>
</pin_list>
<bind>
<StgValue><ssdm name="empty_3"/></StgValue>
</bind>
</comp>

<comp id="34" class="1004" name="i_3_fu_34">
<pin_list>
<pin id="35" dir="0" index="0" bw="1" slack="0"/>
<pin id="36" dir="1" index="1" bw="9" slack="0"/>
</pin_list>
<bind>
<opcode="alloca(26) " fcode="alloca"/>
<opset="i_3/1 "/>
</bind>
</comp>

<comp id="38" class="1004" name="new_len_2_read_read_fu_38">
<pin_list>
<pin id="39" dir="0" index="0" bw="9" slack="0"/>
<pin id="40" dir="0" index="1" bw="9" slack="0"/>
<pin id="41" dir="1" index="2" bw="9" slack="0"/>
</pin_list>
<bind>
<opcode="read(1150) " fcode="read"/>
<opset="new_len_2_read/1 "/>
</bind>
</comp>

<comp id="44" class="1004" name="st_body_col_addr_gep_fu_44">
<pin_list>
<pin id="45" dir="0" index="0" bw="5" slack="0"/>
<pin id="46" dir="0" index="1" bw="1" slack="0"/>
<pin id="47" dir="0" index="2" bw="9" slack="0"/>
<pin id="48" dir="1" index="3" bw="9" slack="0"/>
</pin_list>
<bind>
<opcode="getelementptr(29) " fcode="getelementptr"/>
<opset="st_body_col_addr/1 "/>
</bind>
</comp>

<comp id="51" class="1004" name="st_body_row_addr_gep_fu_51">
<pin_list>
<pin id="52" dir="0" index="0" bw="4" slack="0"/>
<pin id="53" dir="0" index="1" bw="1" slack="0"/>
<pin id="54" dir="0" index="2" bw="9" slack="0"/>
<pin id="55" dir="1" index="3" bw="9" slack="0"/>
</pin_list>
<bind>
<opcode="getelementptr(29) " fcode="getelementptr"/>
<opset="st_body_row_addr/1 "/>
</bind>
</comp>

<comp id="58" class="1004" name="grp_access_fu_58">
<pin_list>
<pin id="59" dir="0" index="0" bw="9" slack="0"/>
<pin id="60" dir="0" index="1" bw="5" slack="0"/>
<pin id="61" dir="0" index="2" bw="0" slack="0"/>
<pin id="63" dir="0" index="4" bw="9" slack="2147483647"/>
<pin id="64" dir="0" index="5" bw="5" slack="2147483647"/>
<pin id="65" dir="0" index="6" bw="0" slack="2147483647"/>
<pin id="62" dir="1" index="3" bw="5" slack="2147483647"/>
<pin id="66" dir="1" index="7" bw="5" slack="0"/>
</pin_list>
<bind>
<opcode="load(27) store(28) " fcode="store"/>
<opset="st_body_col_load/1 store_ln209/2 "/>
</bind>
</comp>

<comp id="68" class="1004" name="grp_access_fu_68">
<pin_list>
<pin id="69" dir="0" index="0" bw="9" slack="0"/>
<pin id="70" dir="0" index="1" bw="4" slack="0"/>
<pin id="71" dir="0" index="2" bw="0" slack="0"/>
<pin id="73" dir="0" index="4" bw="9" slack="2147483647"/>
<pin id="74" dir="0" index="5" bw="4" slack="2147483647"/>
<pin id="75" dir="0" index="6" bw="0" slack="2147483647"/>
<pin id="72" dir="1" index="3" bw="4" slack="2147483647"/>
<pin id="76" dir="1" index="7" bw="4" slack="0"/>
</pin_list>
<bind>
<opcode="load(27) store(28) " fcode="store"/>
<opset="st_body_row_load/1 store_ln209/2 "/>
</bind>
</comp>

<comp id="78" class="1004" name="st_body_col_addr_1_gep_fu_78">
<pin_list>
<pin id="79" dir="0" index="0" bw="5" slack="0"/>
<pin id="80" dir="0" index="1" bw="1" slack="0"/>
<pin id="81" dir="0" index="2" bw="9" slack="0"/>
<pin id="82" dir="1" index="3" bw="9" slack="0"/>
</pin_list>
<bind>
<opcode="getelementptr(29) " fcode="getelementptr"/>
<opset="st_body_col_addr_1/2 "/>
</bind>
</comp>

<comp id="85" class="1004" name="st_body_row_addr_1_gep_fu_85">
<pin_list>
<pin id="86" dir="0" index="0" bw="4" slack="0"/>
<pin id="87" dir="0" index="1" bw="1" slack="0"/>
<pin id="88" dir="0" index="2" bw="9" slack="0"/>
<pin id="89" dir="1" index="3" bw="9" slack="0"/>
</pin_list>
<bind>
<opcode="getelementptr(29) " fcode="getelementptr"/>
<opset="st_body_row_addr_1/2 "/>
</bind>
</comp>

<comp id="96" class="1004" name="store_ln207_store_fu_96">
<pin_list>
<pin id="97" dir="0" index="0" bw="9" slack="0"/>
<pin id="98" dir="0" index="1" bw="9" slack="0"/>
<pin id="99" dir="1" index="2" bw="0" slack="2147483647"/>
</pin_list>
<bind>
<opcode="store(28) " fcode="store"/>
<opset="store_ln207/1 "/>
</bind>
</comp>

<comp id="101" class="1004" name="i_load_fu_101">
<pin_list>
<pin id="102" dir="0" index="0" bw="9" slack="0"/>
<pin id="103" dir="1" index="1" bw="9" slack="0"/>
</pin_list>
<bind>
<opcode="load(27) " fcode="load"/>
<opset="i/1 "/>
</bind>
</comp>

<comp id="104" class="1004" name="icmp_ln207_fu_104">
<pin_list>
<pin id="105" dir="0" index="0" bw="9" slack="0"/>
<pin id="106" dir="0" index="1" bw="1" slack="0"/>
<pin id="107" dir="1" index="2" bw="1" slack="2147483647"/>
</pin_list>
<bind>
<opcode="icmp(45) " fcode="icmp"/>
<opset="icmp_ln207/1 "/>
</bind>
</comp>

<comp id="110" class="1004" name="icmp_ln208_fu_110">
<pin_list>
<pin id="111" dir="0" index="0" bw="9" slack="0"/>
<pin id="112" dir="0" index="1" bw="9" slack="0"/>
<pin id="113" dir="1" index="2" bw="1" slack="1"/>
</pin_list>
<bind>
<opcode="icmp(45) " fcode="icmp"/>
<opset="icmp_ln208/1 "/>
</bind>
</comp>

<comp id="116" class="1004" name="i_4_fu_116">
<pin_list>
<pin id="117" dir="0" index="0" bw="9" slack="0"/>
<pin id="118" dir="0" index="1" bw="1" slack="0"/>
<pin id="119" dir="1" index="2" bw="9" slack="0"/>
</pin_list>
<bind>
<opcode="add(8) " fcode="add"/>
<opset="i_4/1 "/>
</bind>
</comp>

<comp id="122" class="1004" name="zext_ln208_fu_122">
<pin_list>
<pin id="123" dir="0" index="0" bw="9" slack="0"/>
<pin id="124" dir="1" index="1" bw="64" slack="0"/>
</pin_list>
<bind>
<opcode="zext(34) " fcode="zext"/>
<opset="zext_ln208/1 "/>
</bind>
</comp>

<comp id="128" class="1004" name="store_ln207_store_fu_128">
<pin_list>
<pin id="129" dir="0" index="0" bw="9" slack="0"/>
<pin id="130" dir="0" index="1" bw="9" slack="0"/>
<pin id="131" dir="1" index="2" bw="0" slack="2147483647"/>
</pin_list>
<bind>
<opcode="store(28) " fcode="store"/>
<opset="store_ln207/1 "/>
</bind>
</comp>

<comp id="133" class="1004" name="zext_ln207_fu_133">
<pin_list>
<pin id="134" dir="0" index="0" bw="9" slack="1"/>
<pin id="135" dir="1" index="1" bw="64" slack="0"/>
</pin_list>
<bind>
<opcode="zext(34) " fcode="zext"/>
<opset="zext_ln207/2 "/>
</bind>
</comp>

<comp id="138" class="1005" name="i_3_reg_138">
<pin_list>
<pin id="139" dir="0" index="0" bw="9" slack="0"/>
<pin id="140" dir="1" index="1" bw="9" slack="0"/>
</pin_list>
<bind>
<opset="i_3 "/>
</bind>
</comp>

<comp id="145" class="1005" name="i_reg_145">
<pin_list>
<pin id="146" dir="0" index="0" bw="9" slack="1"/>
<pin id="147" dir="1" index="1" bw="9" slack="1"/>
</pin_list>
<bind>
<opset="i "/>
</bind>
</comp>

<comp id="153" class="1005" name="icmp_ln208_reg_153">
<pin_list>
<pin id="154" dir="0" index="0" bw="1" slack="1"/>
<pin id="155" dir="1" index="1" bw="1" slack="2147483647"/>
</pin_list>
<bind>
<opset="icmp_ln208 "/>
</bind>
</comp>

<comp id="157" class="1005" name="st_body_col_addr_reg_157">
<pin_list>
<pin id="158" dir="0" index="0" bw="9" slack="1"/>
<pin id="159" dir="1" index="1" bw="9" slack="1"/>
</pin_list>
<bind>
<opset="st_body_col_addr "/>
</bind>
</comp>

<comp id="162" class="1005" name="st_body_row_addr_reg_162">
<pin_list>
<pin id="163" dir="0" index="0" bw="9" slack="1"/>
<pin id="164" dir="1" index="1" bw="9" slack="1"/>
</pin_list>
<bind>
<opset="st_body_row_addr "/>
</bind>
</comp>

</comp_list>

<net_list>
<net id="37"><net_src comp="6" pin="0"/><net_sink comp="34" pin=0"/></net>

<net id="42"><net_src comp="8" pin="0"/><net_sink comp="38" pin=0"/></net>

<net id="43"><net_src comp="0" pin="0"/><net_sink comp="38" pin=1"/></net>

<net id="49"><net_src comp="2" pin="0"/><net_sink comp="44" pin=0"/></net>

<net id="50"><net_src comp="16" pin="0"/><net_sink comp="44" pin=1"/></net>

<net id="56"><net_src comp="4" pin="0"/><net_sink comp="51" pin=0"/></net>

<net id="57"><net_src comp="16" pin="0"/><net_sink comp="51" pin=1"/></net>

<net id="67"><net_src comp="44" pin="3"/><net_sink comp="58" pin=2"/></net>

<net id="77"><net_src comp="51" pin="3"/><net_sink comp="68" pin=2"/></net>

<net id="83"><net_src comp="2" pin="0"/><net_sink comp="78" pin=0"/></net>

<net id="84"><net_src comp="16" pin="0"/><net_sink comp="78" pin=1"/></net>

<net id="90"><net_src comp="4" pin="0"/><net_sink comp="85" pin=0"/></net>

<net id="91"><net_src comp="16" pin="0"/><net_sink comp="85" pin=1"/></net>

<net id="92"><net_src comp="58" pin="7"/><net_sink comp="58" pin=1"/></net>

<net id="93"><net_src comp="78" pin="3"/><net_sink comp="58" pin=0"/></net>

<net id="94"><net_src comp="68" pin="7"/><net_sink comp="68" pin=1"/></net>

<net id="95"><net_src comp="85" pin="3"/><net_sink comp="68" pin=0"/></net>

<net id="100"><net_src comp="10" pin="0"/><net_sink comp="96" pin=0"/></net>

<net id="108"><net_src comp="101" pin="1"/><net_sink comp="104" pin=0"/></net>

<net id="109"><net_src comp="12" pin="0"/><net_sink comp="104" pin=1"/></net>

<net id="114"><net_src comp="101" pin="1"/><net_sink comp="110" pin=0"/></net>

<net id="115"><net_src comp="38" pin="2"/><net_sink comp="110" pin=1"/></net>

<net id="120"><net_src comp="101" pin="1"/><net_sink comp="116" pin=0"/></net>

<net id="121"><net_src comp="14" pin="0"/><net_sink comp="116" pin=1"/></net>

<net id="125"><net_src comp="116" pin="2"/><net_sink comp="122" pin=0"/></net>

<net id="126"><net_src comp="122" pin="1"/><net_sink comp="44" pin=2"/></net>

<net id="127"><net_src comp="122" pin="1"/><net_sink comp="51" pin=2"/></net>

<net id="132"><net_src comp="116" pin="2"/><net_sink comp="128" pin=0"/></net>

<net id="136"><net_src comp="133" pin="1"/><net_sink comp="78" pin=2"/></net>

<net id="137"><net_src comp="133" pin="1"/><net_sink comp="85" pin=2"/></net>

<net id="141"><net_src comp="34" pin="1"/><net_sink comp="138" pin=0"/></net>

<net id="142"><net_src comp="138" pin="1"/><net_sink comp="96" pin=1"/></net>

<net id="143"><net_src comp="138" pin="1"/><net_sink comp="101" pin=0"/></net>

<net id="144"><net_src comp="138" pin="1"/><net_sink comp="128" pin=1"/></net>

<net id="148"><net_src comp="101" pin="1"/><net_sink comp="145" pin=0"/></net>

<net id="149"><net_src comp="145" pin="1"/><net_sink comp="133" pin=0"/></net>

<net id="156"><net_src comp="110" pin="2"/><net_sink comp="153" pin=0"/></net>

<net id="160"><net_src comp="44" pin="3"/><net_sink comp="157" pin=0"/></net>

<net id="161"><net_src comp="157" pin="1"/><net_sink comp="58" pin=2"/></net>

<net id="165"><net_src comp="51" pin="3"/><net_sink comp="162" pin=0"/></net>

<net id="166"><net_src comp="162" pin="1"/><net_sink comp="68" pin=2"/></net>

</net_list>

</model> 
---------------- Datapath Model END ------------------

* FSMD analyzer results:
  - Output states:
	Port: st_body_col | {2 }
	Port: st_body_row | {2 }
 - Input state : 
	Port: snake_top_Pipeline_VITIS_LOOP_207_5 : new_len_2 | {1 }
	Port: snake_top_Pipeline_VITIS_LOOP_207_5 : st_body_col | {1 2 }
	Port: snake_top_Pipeline_VITIS_LOOP_207_5 : st_body_row | {1 2 }
  - Chain level:
	State 1
		store_ln207 : 1
		i : 1
		icmp_ln207 : 2
		br_ln207 : 3
		icmp_ln208 : 2
		i_4 : 2
		zext_ln208 : 3
		br_ln208 : 3
		st_body_col_addr : 4
		st_body_row_addr : 4
		st_body_col_load : 5
		st_body_row_load : 5
		store_ln207 : 3
	State 2
		st_body_col_addr_1 : 1
		st_body_row_addr_1 : 1
		store_ln209 : 2
		store_ln209 : 2


============================================================
+ Verbose Summary: Datapath Resource usage 
============================================================

* Functional unit list:
|----------|---------------------------|---------|---------|
| Operation|      Functional Unit      |    FF   |   LUT   |
|----------|---------------------------|---------|---------|
|   icmp   |     icmp_ln207_fu_104     |    0    |    14   |
|          |     icmp_ln208_fu_110     |    0    |    14   |
|----------|---------------------------|---------|---------|
|    add   |         i_4_fu_116        |    0    |    14   |
|----------|---------------------------|---------|---------|
|   read   | new_len_2_read_read_fu_38 |    0    |    0    |
|----------|---------------------------|---------|---------|
|   zext   |     zext_ln208_fu_122     |    0    |    0    |
|          |     zext_ln207_fu_133     |    0    |    0    |
|----------|---------------------------|---------|---------|
|   Total  |                           |    0    |    42   |
|----------|---------------------------|---------|---------|

Memories:
N/A

* Register list:
+------------------------+--------+
|                        |   FF   |
+------------------------+--------+
|       i_3_reg_138      |    9   |
|        i_reg_145       |    9   |
|   icmp_ln208_reg_153   |    1   |
|st_body_col_addr_reg_157|    9   |
|st_body_row_addr_reg_162|    9   |
+------------------------+--------+
|          Total         |   37   |
+------------------------+--------+

* Multiplexer (MUX) list: 
|------------------|------|------|------|--------||---------||---------||---------|
|       Comp       |  Pin | Size |  BW  | S x BW ||  Delay  ||    FF   ||   LUT   |
|------------------|------|------|------|--------||---------||---------||---------|
| grp_access_fu_58 |  p2  |   2  |   0  |    0   ||    0    ||    9    |
| grp_access_fu_68 |  p2  |   2  |   0  |    0   ||    0    ||    9    |
|------------------|------|------|------|--------||---------||---------||---------|
|       Total      |      |      |      |    0   ||  3.176  ||    0    ||    18   |
|------------------|------|------|------|--------||---------||---------||---------|



* Summary:
+-----------+--------+--------+--------+
|           |  Delay |   FF   |   LUT  |
+-----------+--------+--------+--------+
|  Function |    -   |    0   |   42   |
|   Memory  |    -   |    -   |    -   |
|Multiplexer|    3   |    0   |   18   |
|  Register |    -   |   37   |    -   |
+-----------+--------+--------+--------+
|   Total   |    3   |   37   |   60   |
+-----------+--------+--------+--------+
