

================================================================
== Vitis HLS Report for 'snake_top_Pipeline_VITIS_LOOP_73_1_VITIS_LOOP_74_2'
================================================================
* Date:           Sat Mar 21 02:24:09 2026

* Version:        2025.2 (Build 6295257 on Nov 12 2025)
* Project:        snake_top
* Solution:       hls (Vivado IP Flow Target)
* Product family: zynq
* Target device:  xc7z010-clg225-1


================================================================
== Performance Estimates
================================================================
+ Timing: 
    * Summary: 
    +--------+----------+-----------+------------+
    |  Clock |  Target  | Estimated | Uncertainty|
    +--------+----------+-----------+------------+
    |ap_clk  |  25.00 ns|  10.603 ns|     6.75 ns|
    +--------+----------+-----------+------------+

+ Latency: 
    * Summary: 
    +---------+---------+----------+----------+-----+-----+-------------------+
    |  Latency (cycles) |  Latency (absolute) |  Interval |      Pipeline     |
    |   min   |   max   |    min   |    max   | min | max |        Type       |
    +---------+---------+----------+----------+-----+-----+-------------------+
    |      302|      302|  7.550 us|  7.550 us|    0|    0|  loop pipeline stp|
    +---------+---------+----------+----------+-----+-----+-------------------+

    + Detail: 
        * Instance: 
        N/A

        * Loop: 
        +-----------------------------------+---------+---------+----------+-----------+-----------+------+----------+
        |                                   |  Latency (cycles) | Iteration|  Initiation Interval  | Trip |          |
        |             Loop Name             |   min   |   max   |  Latency |  achieved |   target  | Count| Pipelined|
        +-----------------------------------+---------+---------+----------+-----------+-----------+------+----------+
        |- VITIS_LOOP_73_1_VITIS_LOOP_74_2  |      300|      300|         1|          1|          1|   300|       yes|
        +-----------------------------------+---------+---------+----------+-----------+-----------+------+----------+

============================================================
+ Verbose Summary: Synthesis Manager
============================================================
InlineROM: 1
ExposeGlobal: 0
============================================================
+ Verbose Summary: CDFG Model
============================================================
IsTopModel: 0
ResetActiveHigh: 1
IsCombinational: 0
IsDatapathOnly: 0
HasWiredReturn: 1
HasMFsm: 2
HasVarLatency: 1
IsPipeline: 0
IsRtlPipelined: 0
IsInstanceOverlapped: 0
IsDontTouch: 0
HasImplIP: 0
IsGatedGlobalClock: 0

+ Individual pipeline summary: 
  * Pipeline-0: initiation interval (II) = 1, depth = 1


============================================================
+ Verbose Summary: Schedule
============================================================
* Number of FSM states : 1
* Pipeline : 1
  Pipeline-0 : II = 1, D = 1, States = { 1 }
* Dataflow Pipeline: 0

* FSM state transitions: 
1 --> 

* FSM state operations: 

State 1 <SV = 0> <Delay = 10.6>
ST_1 : Operation 4 [1/1] (0.00ns)   --->   "%r = alloca i32 1" [../snake.cpp:74]   --->   Operation 4 'alloca' 'r' <Predicate = true> <Delay = 0.00>
ST_1 : Operation 5 [1/1] (0.00ns)   --->   "%c = alloca i32 1" [../snake.cpp:73]   --->   Operation 5 'alloca' 'c' <Predicate = true> <Delay = 0.00>
ST_1 : Operation 6 [1/1] (0.00ns)   --->   "%indvar_flatten = alloca i32 1"   --->   Operation 6 'alloca' 'indvar_flatten' <Predicate = true> <Delay = 0.00>
ST_1 : Operation 7 [1/1] (1.58ns)   --->   "%store_ln0 = store i9 0, i9 %indvar_flatten"   --->   Operation 7 'store' 'store_ln0' <Predicate = true> <Delay = 1.58>
ST_1 : Operation 8 [1/1] (1.58ns)   --->   "%store_ln73 = store i5 0, i5 %c" [../snake.cpp:73]   --->   Operation 8 'store' 'store_ln73' <Predicate = true> <Delay = 1.58>
ST_1 : Operation 9 [1/1] (1.58ns)   --->   "%store_ln74 = store i4 0, i4 %r" [../snake.cpp:74]   --->   Operation 9 'store' 'store_ln74' <Predicate = true> <Delay = 1.58>
ST_1 : Operation 10 [1/1] (0.00ns)   --->   "%br_ln0 = br void %for.inc"   --->   Operation 10 'br' 'br_ln0' <Predicate = true> <Delay = 0.00>
ST_1 : Operation 11 [1/1] (0.00ns)   --->   "%indvar_flatten_load = load i9 %indvar_flatten" [../snake.cpp:73]   --->   Operation 11 'load' 'indvar_flatten_load' <Predicate = true> <Delay = 0.00>
ST_1 : Operation 12 [1/1] (1.82ns)   --->   "%icmp_ln73 = icmp_eq  i9 %indvar_flatten_load, i9 300" [../snake.cpp:73]   --->   Operation 12 'icmp' 'icmp_ln73' <Predicate = true> <Delay = 1.82> <CoreInst = "Cmp">   --->   Core 9 'Cmp' <Latency = 0> <II = 1> <Delay = 1.82> <FuncUnit> <Opcode : 'seteq' 'setne' 'setle' 'setge' 'setlt' 'setgt'> <InPorts = 2> <OutPorts = 1>
ST_1 : Operation 13 [1/1] (1.82ns)   --->   "%add_ln73 = add i9 %indvar_flatten_load, i9 1" [../snake.cpp:73]   --->   Operation 13 'add' 'add_ln73' <Predicate = true> <Delay = 1.82> <CoreInst = "Adder">   --->   Core 1 'Adder' <Latency = 0> <II = 1> <Delay = 1.82> <FuncUnit> <Opcode : 'add' 'sub'> <InPorts = 2> <OutPorts = 1>
ST_1 : Operation 14 [1/1] (0.00ns)   --->   "%br_ln73 = br i1 %icmp_ln73, void %for.inc11, void %for.end13.exitStub" [../snake.cpp:73]   --->   Operation 14 'br' 'br_ln73' <Predicate = true> <Delay = 0.00>
ST_1 : Operation 15 [1/1] (0.00ns)   --->   "%r_load = load i4 %r" [../snake.cpp:74]   --->   Operation 15 'load' 'r_load' <Predicate = (!icmp_ln73)> <Delay = 0.00>
ST_1 : Operation 16 [1/1] (0.00ns)   --->   "%c_load = load i5 %c" [../snake.cpp:73]   --->   Operation 16 'load' 'c_load' <Predicate = (!icmp_ln73)> <Delay = 0.00>
ST_1 : Operation 17 [1/1] (0.00ns)   --->   "%specloopname_ln0 = specloopname void @_ssdm_op_SpecLoopName, void @VITIS_LOOP_73_1_VITIS_LOOP_74_2_str"   --->   Operation 17 'specloopname' 'specloopname_ln0' <Predicate = (!icmp_ln73)> <Delay = 0.00>
ST_1 : Operation 18 [1/1] (0.00ns)   --->   "%speclooptripcount_ln0 = speclooptripcount void @_ssdm_op_SpecLoopTripCount, i64 300, i64 300, i64 300"   --->   Operation 18 'speclooptripcount' 'speclooptripcount_ln0' <Predicate = (!icmp_ln73)> <Delay = 0.00>
ST_1 : Operation 19 [1/1] (1.73ns)   --->   "%icmp_ln74 = icmp_eq  i4 %r_load, i4 15" [../snake.cpp:74]   --->   Operation 19 'icmp' 'icmp_ln74' <Predicate = (!icmp_ln73)> <Delay = 1.73> <CoreInst = "Cmp">   --->   Core 9 'Cmp' <Latency = 0> <II = 1> <Delay = 1.73> <FuncUnit> <Opcode : 'seteq' 'setne' 'setle' 'setge' 'setlt' 'setgt'> <InPorts = 2> <OutPorts = 1>
ST_1 : Operation 20 [1/1] (1.02ns)   --->   "%select_ln73 = select i1 %icmp_ln74, i4 0, i4 %r_load" [../snake.cpp:73]   --->   Operation 20 'select' 'select_ln73' <Predicate = (!icmp_ln73)> <Delay = 1.02> <CoreInst = "Sel">   --->   Core 73 'Sel' <Latency = 0> <II = 1> <Delay = 1.02> <FuncUnit> <Opcode : 'select'> <InPorts = 3> <OutPorts = 1>
ST_1 : Operation 21 [1/1] (1.78ns)   --->   "%add_ln73_1 = add i5 %c_load, i5 1" [../snake.cpp:73]   --->   Operation 21 'add' 'add_ln73_1' <Predicate = (!icmp_ln73)> <Delay = 1.78> <CoreInst = "Adder">   --->   Core 1 'Adder' <Latency = 0> <II = 1> <Delay = 1.78> <FuncUnit> <Opcode : 'add' 'sub'> <InPorts = 2> <OutPorts = 1>
ST_1 : Operation 22 [1/1] (1.21ns)   --->   "%select_ln73_1 = select i1 %icmp_ln74, i5 %add_ln73_1, i5 %c_load" [../snake.cpp:73]   --->   Operation 22 'select' 'select_ln73_1' <Predicate = (!icmp_ln73)> <Delay = 1.21> <CoreInst = "Sel">   --->   Core 73 'Sel' <Latency = 0> <II = 1> <Delay = 1.21> <FuncUnit> <Opcode : 'select'> <InPorts = 3> <OutPorts = 1>
ST_1 : Operation 23 [1/1] (0.00ns)   --->   "%zext_ln75 = zext i5 %select_ln73_1" [../snake.cpp:75]   --->   Operation 23 'zext' 'zext_ln75' <Predicate = (!icmp_ln73)> <Delay = 0.00>
ST_1 : Operation 24 [1/1] (0.00ns)   --->   "%p_shl = bitconcatenate i9 @_ssdm_op_BitConcatenate.i9.i5.i4, i5 %select_ln73_1, i4 0" [../snake.cpp:75]   --->   Operation 24 'bitconcatenate' 'p_shl' <Predicate = (!icmp_ln73)> <Delay = 0.00>
ST_1 : Operation 25 [1/1] (0.00ns) (grouped into TernaryAdder)   --->   "%sub_ln75 = sub i9 %p_shl, i9 %zext_ln75" [../snake.cpp:75]   --->   Operation 25 'sub' 'sub_ln75' <Predicate = (!icmp_ln73)> <Delay = 0.00> <CoreInst = "TAddSub">   --->   Core 10 'TAddSub' <Latency = 0> <II = 1> <Delay = 1.84> <IPBlock> <Opcode : 'add' 'sub'> <InPorts = 3> <OutPorts = 1> <Sync> <CReg>
ST_1 : Operation 26 [1/1] (0.00ns)   --->   "%zext_ln75_1 = zext i4 %select_ln73" [../snake.cpp:75]   --->   Operation 26 'zext' 'zext_ln75_1' <Predicate = (!icmp_ln73)> <Delay = 0.00>
ST_1 : Operation 27 [1/1] (3.69ns) (root node of TernaryAdder)   --->   "%add_ln75 = add i9 %sub_ln75, i9 %zext_ln75_1" [../snake.cpp:75]   --->   Operation 27 'add' 'add_ln75' <Predicate = (!icmp_ln73)> <Delay = 3.69> <CoreInst = "TAddSub">   --->   Core 10 'TAddSub' <Latency = 0> <II = 1> <Delay = 1.84> <IPBlock> <Opcode : 'add' 'sub'> <InPorts = 3> <OutPorts = 1> <Sync> <CReg>
ST_1 : Operation 28 [1/1] (0.00ns)   --->   "%zext_ln75_2 = zext i9 %add_ln75" [../snake.cpp:75]   --->   Operation 28 'zext' 'zext_ln75_2' <Predicate = (!icmp_ln73)> <Delay = 0.00>
ST_1 : Operation 29 [1/1] (0.00ns)   --->   "%grid_addr = getelementptr i1 %grid, i64 0, i64 %zext_ln75_2" [../snake.cpp:75]   --->   Operation 29 'getelementptr' 'grid_addr' <Predicate = (!icmp_ln73)> <Delay = 0.00>
ST_1 : Operation 30 [1/1] (0.00ns)   --->   "%specpipeline_ln74 = specpipeline void @_ssdm_op_SpecPipeline, i32 4294967295, i32 0, i32 0, i32 0, i32 4294967295, void @empty_0" [../snake.cpp:74]   --->   Operation 30 'specpipeline' 'specpipeline_ln74' <Predicate = (!icmp_ln73)> <Delay = 0.00>
ST_1 : Operation 31 [1/1] ( I:2.32ns O:2.32ns )   --->   "%store_ln75 = store i1 0, i9 %grid_addr" [../snake.cpp:75]   --->   Operation 31 'store' 'store_ln75' <Predicate = (!icmp_ln73)> <Delay = 2.32> <CoreInst = "RAM">   --->   Core 81 'RAM' <Latency = 1> <II = 1> <Delay = 2.32> <Storage> <Opcode : 'load' 'store'> <Ports = 2> <Width = 1> <Depth = 300> <RAM>
ST_1 : Operation 32 [1/1] (1.73ns)   --->   "%add_ln74 = add i4 %select_ln73, i4 1" [../snake.cpp:74]   --->   Operation 32 'add' 'add_ln74' <Predicate = (!icmp_ln73)> <Delay = 1.73> <CoreInst = "Adder">   --->   Core 1 'Adder' <Latency = 0> <II = 1> <Delay = 1.73> <FuncUnit> <Opcode : 'add' 'sub'> <InPorts = 2> <OutPorts = 1>
ST_1 : Operation 33 [1/1] (1.58ns)   --->   "%store_ln73 = store i9 %add_ln73, i9 %indvar_flatten" [../snake.cpp:73]   --->   Operation 33 'store' 'store_ln73' <Predicate = (!icmp_ln73)> <Delay = 1.58>
ST_1 : Operation 34 [1/1] (1.58ns)   --->   "%store_ln73 = store i5 %select_ln73_1, i5 %c" [../snake.cpp:73]   --->   Operation 34 'store' 'store_ln73' <Predicate = (!icmp_ln73)> <Delay = 1.58>
ST_1 : Operation 35 [1/1] (1.58ns)   --->   "%store_ln74 = store i4 %add_ln74, i4 %r" [../snake.cpp:74]   --->   Operation 35 'store' 'store_ln74' <Predicate = (!icmp_ln73)> <Delay = 1.58>
ST_1 : Operation 36 [1/1] (0.00ns)   --->   "%br_ln74 = br void %for.inc" [../snake.cpp:74]   --->   Operation 36 'br' 'br_ln74' <Predicate = (!icmp_ln73)> <Delay = 0.00>
ST_1 : Operation 37 [1/1] (1.58ns)   --->   "%ret_ln0 = ret"   --->   Operation 37 'ret' 'ret_ln0' <Predicate = (icmp_ln73)> <Delay = 1.58>


============================================================
+ Verbose Summary: Timing violations
============================================================
Target clock period: 25.000ns, clock uncertainty: 6.750ns.

 <State 1>: 10.603ns
The critical path consists of the following:
	'store' operation ('store_ln73', ../snake.cpp:73) of constant 0 5 bit on local variable 'c', ../snake.cpp:73 [6]  (1.588 ns)
	'load' operation 5 bit ('c_load', ../snake.cpp:73) on local variable 'c', ../snake.cpp:73 [16]  (0.000 ns)
	'add' operation 5 bit ('add_ln73_1', ../snake.cpp:73) [21]  (1.780 ns)
	'select' operation 5 bit ('select_ln73_1', ../snake.cpp:73) [22]  (1.215 ns)
	'sub' operation 9 bit ('sub_ln75', ../snake.cpp:75) [25]  (0.000 ns)
	'add' operation 9 bit ('add_ln75', ../snake.cpp:75) [27]  (3.698 ns)
	'getelementptr' operation 9 bit ('grid_addr', ../snake.cpp:75) [29]  (0.000 ns)
	'store' operation ('store_ln75', ../snake.cpp:75) of constant 0 1 bit on array 'grid' [31]  (2.322 ns)


============================================================
+ Verbose Summary: Binding
============================================================
N/A
* FSMD analyzer results:
  - Output states:
 - Input state : 
  - Chain level:
	State 1


============================================================
+ Verbose Summary: Datapath Resource usage 
============================================================
N/A
