

================================================================
== Vitis HLS Report for 'snake_top_Pipeline_VITIS_LOOP_27_1'
================================================================
* Date:           Sat Mar 21 02:24:10 2026

* Version:        2025.2 (Build 6295257 on Nov 12 2025)
* Project:        snake_top
* Solution:       hls (Vivado IP Flow Target)
* Product family: zynq
* Target device:  xc7z010-clg225-1


================================================================
== Performance Estimates
================================================================
+ Timing: 
    * Summary: 
    +--------+----------+----------+------------+
    |  Clock |  Target  | Estimated| Uncertainty|
    +--------+----------+----------+------------+
    |ap_clk  |  25.00 ns|  7.608 ns|     6.75 ns|
    +--------+----------+----------+------------+

+ Latency: 
    * Summary: 
    +---------+---------+-----------+----------+-----+-----+-------------------+
    |  Latency (cycles) |  Latency (absolute)  |  Interval |      Pipeline     |
    |   min   |   max   |    min    |    max   | min | max |        Type       |
    +---------+---------+-----------+----------+-----+-----+-------------------+
    |        3|       34|  75.000 ns|  0.850 us|    0|    0|  loop pipeline stp|
    +---------+---------+-----------+----------+-----+-----+-------------------+

    + Detail: 
        * Instance: 
        N/A

        * Loop: 
        +-------------------+---------+---------+----------+-----------+-----------+--------+----------+
        |                   |  Latency (cycles) | Iteration|  Initiation Interval  |  Trip  |          |
        |     Loop Name     |   min   |   max   |  Latency |  achieved |   target  |  Count | Pipelined|
        +-------------------+---------+---------+----------+-----------+-----------+--------+----------+
        |- VITIS_LOOP_27_1  |        1|       32|         2|          1|          1|  0 ~ 32|       yes|
        +-------------------+---------+---------+----------+-----------+-----------+--------+----------+

============================================================
+ Verbose Summary: Synthesis Manager
============================================================
InlineROM: 1
ExposeGlobal: 0
============================================================
+ Verbose Summary: CDFG Model
============================================================
IsTopModel: 0
ResetActiveHigh: 1
IsCombinational: 0
IsDatapathOnly: 0
HasWiredReturn: 1
HasMFsm: 2
HasVarLatency: 1
IsPipeline: 0
IsRtlPipelined: 0
IsInstanceOverlapped: 0
IsDontTouch: 0
HasImplIP: 0
IsGatedGlobalClock: 0

+ Individual pipeline summary: 
  * Pipeline-0: initiation interval (II) = 1, depth = 2


============================================================
+ Verbose Summary: Schedule
============================================================
* Number of FSM states : 2
* Pipeline : 1
  Pipeline-0 : II = 1, D = 2, States = { 1 2 }
* Dataflow Pipeline: 0

* FSM state transitions: 
1 --> 2 
2 --> 

* FSM state operations: 

State 1 <SV = 0> <Delay = 7.60>
ST_1 : Operation 5 [1/1] (0.00ns)   --->   "%attempt = alloca i32 1" [../snake.cpp:27->../snake.cpp:100]   --->   Operation 5 'alloca' 'attempt' <Predicate = true> <Delay = 0.00>
ST_1 : Operation 6 [1/1] (0.00ns)   --->   "%s = alloca i32 1" [../snake.cpp:7->../snake.cpp:28->../snake.cpp:100]   --->   Operation 6 'alloca' 's' <Predicate = true> <Delay = 0.00>
ST_1 : Operation 7 [1/1] (0.00ns)   --->   "%conv2_i_i186_i = alloca i32 1"   --->   Operation 7 'alloca' 'conv2_i_i186_i' <Predicate = true> <Delay = 0.00>
ST_1 : Operation 8 [1/1] (0.00ns)   --->   "%conv2_i_i8_i = alloca i32 1"   --->   Operation 8 'alloca' 'conv2_i_i8_i' <Predicate = true> <Delay = 0.00>
ST_1 : Operation 9 [1/1] (1.58ns)   --->   "%store_ln0 = store i4 0, i4 %conv2_i_i8_i"   --->   Operation 9 'store' 'store_ln0' <Predicate = true> <Delay = 1.58>
ST_1 : Operation 10 [1/1] (1.58ns)   --->   "%store_ln0 = store i5 0, i5 %conv2_i_i186_i"   --->   Operation 10 'store' 'store_ln0' <Predicate = true> <Delay = 1.58>
ST_1 : Operation 11 [1/1] (1.58ns)   --->   "%store_ln7 = store i16 44257, i16 %s" [../snake.cpp:7->../snake.cpp:28->../snake.cpp:100]   --->   Operation 11 'store' 'store_ln7' <Predicate = true> <Delay = 1.58>
ST_1 : Operation 12 [1/1] (1.58ns)   --->   "%store_ln27 = store i5 0, i5 %attempt" [../snake.cpp:27->../snake.cpp:100]   --->   Operation 12 'store' 'store_ln27' <Predicate = true> <Delay = 1.58>
ST_1 : Operation 13 [1/1] (0.00ns)   --->   "%br_ln0 = br void %for.body.i_ifconv"   --->   Operation 13 'br' 'br_ln0' <Predicate = true> <Delay = 0.00>
ST_1 : Operation 14 [1/1] (0.00ns)   --->   "%s_2 = load i16 %s" [../snake.cpp:14->../snake.cpp:28->../snake.cpp:100]   --->   Operation 14 'load' 's_2' <Predicate = true> <Delay = 0.00>
ST_1 : Operation 15 [1/1] (0.00ns) (grouped into LUT with out node xor_ln14)   --->   "%tmp = bitselect i1 @_ssdm_op_BitSelect.i1.i16.i32, i16 %s_2, i32 12" [../snake.cpp:12->../snake.cpp:28->../snake.cpp:100]   --->   Operation 15 'bitselect' 'tmp' <Predicate = true> <Delay = 0.00>
ST_1 : Operation 16 [1/1] (0.00ns) (grouped into LUT with out node xor_ln14)   --->   "%tmp_6 = bitselect i1 @_ssdm_op_BitSelect.i1.i16.i32, i16 %s_2, i32 3" [../snake.cpp:12->../snake.cpp:28->../snake.cpp:100]   --->   Operation 16 'bitselect' 'tmp_6' <Predicate = true> <Delay = 0.00>
ST_1 : Operation 17 [1/1] (0.00ns) (grouped into LUT with out node xor_ln14)   --->   "%tmp_7 = bitselect i1 @_ssdm_op_BitSelect.i1.i16.i32, i16 %s_2, i32 14" [../snake.cpp:12->../snake.cpp:28->../snake.cpp:100]   --->   Operation 17 'bitselect' 'tmp_7' <Predicate = true> <Delay = 0.00>
ST_1 : Operation 18 [1/1] (0.00ns)   --->   "%lshr_ln = partselect i15 @_ssdm_op_PartSelect.i15.i16.i32.i32, i16 %s_2, i32 1, i32 15" [../snake.cpp:14->../snake.cpp:28->../snake.cpp:100]   --->   Operation 18 'partselect' 'lshr_ln' <Predicate = true> <Delay = 0.00>
ST_1 : Operation 19 [1/1] (0.00ns) (grouped into LUT with out node xor_ln14)   --->   "%xor_ln14_3 = xor i1 %tmp, i1 %tmp_7" [../snake.cpp:14->../snake.cpp:28->../snake.cpp:100]   --->   Operation 19 'xor' 'xor_ln14_3' <Predicate = true> <Delay = 0.00> <CoreInst = "LogicGate">   --->   Core 74 'LogicGate' <Latency = 0> <II = 1> <Delay = 0.97> <FuncUnit> <Opcode : 'and' 'or' 'xor'> <InPorts = 2> <OutPorts = 1>
ST_1 : Operation 20 [1/1] (0.00ns) (grouped into LUT with out node xor_ln14)   --->   "%xor_ln14_2 = xor i1 %xor_ln14_3, i1 %tmp_6" [../snake.cpp:14->../snake.cpp:28->../snake.cpp:100]   --->   Operation 20 'xor' 'xor_ln14_2' <Predicate = true> <Delay = 0.00> <CoreInst = "LogicGate">   --->   Core 74 'LogicGate' <Latency = 0> <II = 1> <Delay = 0.97> <FuncUnit> <Opcode : 'and' 'or' 'xor'> <InPorts = 2> <OutPorts = 1>
ST_1 : Operation 21 [1/1] (0.00ns) (grouped into LUT with out node xor_ln14)   --->   "%shl_ln = bitconcatenate i16 @_ssdm_op_BitConcatenate.i16.i1.i15, i1 %xor_ln14_2, i15 0" [../snake.cpp:14->../snake.cpp:28->../snake.cpp:100]   --->   Operation 21 'bitconcatenate' 'shl_ln' <Predicate = true> <Delay = 0.00>
ST_1 : Operation 22 [1/1] (0.00ns) (grouped into LUT with out node xor_ln14)   --->   "%tmp_8 = bitselect i1 @_ssdm_op_BitSelect.i1.i16.i32, i16 %s_2, i32 15" [../snake.cpp:14->../snake.cpp:28->../snake.cpp:100]   --->   Operation 22 'bitselect' 'tmp_8' <Predicate = true> <Delay = 0.00>
ST_1 : Operation 23 [1/1] (0.00ns) (grouped into LUT with out node xor_ln14)   --->   "%and_ln = bitconcatenate i16 @_ssdm_op_BitConcatenate.i16.i1.i15, i1 %tmp_8, i15 0" [../snake.cpp:14->../snake.cpp:28->../snake.cpp:100]   --->   Operation 23 'bitconcatenate' 'and_ln' <Predicate = true> <Delay = 0.00>
ST_1 : Operation 24 [1/1] (0.99ns) (out node of the LUT)   --->   "%xor_ln14 = xor i16 %shl_ln, i16 %and_ln" [../snake.cpp:14->../snake.cpp:28->../snake.cpp:100]   --->   Operation 24 'xor' 'xor_ln14' <Predicate = true> <Delay = 0.99> <CoreInst = "LogicGate">   --->   Core 74 'LogicGate' <Latency = 0> <II = 1> <Delay = 0.99> <FuncUnit> <Opcode : 'and' 'or' 'xor'> <InPorts = 2> <OutPorts = 1>
ST_1 : Operation 25 [1/1] (0.00ns)   --->   "%tmp_9 = bitselect i1 @_ssdm_op_BitSelect.i1.i16.i32, i16 %xor_ln14, i32 15" [../snake.cpp:14->../snake.cpp:28->../snake.cpp:100]   --->   Operation 25 'bitselect' 'tmp_9' <Predicate = true> <Delay = 0.00>
ST_1 : Operation 26 [1/1] (0.00ns)   --->   "%c = partselect i5 @_ssdm_op_PartSelect.i5.i16.i32.i32, i16 %s_2, i32 1, i32 5" [../snake.cpp:29->../snake.cpp:100]   --->   Operation 26 'partselect' 'c' <Predicate = true> <Delay = 0.00>
ST_1 : Operation 27 [1/1] (0.00ns)   --->   "%r_1 = partselect i4 @_ssdm_op_PartSelect.i4.i16.i32.i32, i16 %s_2, i32 6, i32 9" [../snake.cpp:30->../snake.cpp:100]   --->   Operation 27 'partselect' 'r_1' <Predicate = true> <Delay = 0.00>
ST_1 : Operation 28 [1/1] (0.00ns)   --->   "%zext_ln31 = zext i5 %c" [../snake.cpp:31->../snake.cpp:100]   --->   Operation 28 'zext' 'zext_ln31' <Predicate = true> <Delay = 0.00>
ST_1 : Operation 29 [1/1] (0.00ns)   --->   "%p_shl = bitconcatenate i9 @_ssdm_op_BitConcatenate.i9.i5.i4, i5 %c, i4 0" [../snake.cpp:31->../snake.cpp:100]   --->   Operation 29 'bitconcatenate' 'p_shl' <Predicate = true> <Delay = 0.00>
ST_1 : Operation 30 [1/1] (0.00ns) (grouped into TernaryAdder)   --->   "%sub_ln31 = sub i9 %p_shl, i9 %zext_ln31" [../snake.cpp:31->../snake.cpp:100]   --->   Operation 30 'sub' 'sub_ln31' <Predicate = true> <Delay = 0.00> <CoreInst = "TAddSub">   --->   Core 10 'TAddSub' <Latency = 0> <II = 1> <Delay = 1.84> <IPBlock> <Opcode : 'add' 'sub'> <InPorts = 3> <OutPorts = 1> <Sync> <CReg>
ST_1 : Operation 31 [1/1] (0.00ns)   --->   "%zext_ln31_3 = zext i4 %r_1" [../snake.cpp:31->../snake.cpp:100]   --->   Operation 31 'zext' 'zext_ln31_3' <Predicate = true> <Delay = 0.00>
ST_1 : Operation 32 [1/1] (3.69ns) (root node of TernaryAdder)   --->   "%add_ln31 = add i9 %sub_ln31, i9 %zext_ln31_3" [../snake.cpp:31->../snake.cpp:100]   --->   Operation 32 'add' 'add_ln31' <Predicate = true> <Delay = 3.69> <CoreInst = "TAddSub">   --->   Core 10 'TAddSub' <Latency = 0> <II = 1> <Delay = 1.84> <IPBlock> <Opcode : 'add' 'sub'> <InPorts = 3> <OutPorts = 1> <Sync> <CReg>
ST_1 : Operation 33 [1/1] (0.00ns)   --->   "%zext_ln31_4 = zext i9 %add_ln31" [../snake.cpp:31->../snake.cpp:100]   --->   Operation 33 'zext' 'zext_ln31_4' <Predicate = true> <Delay = 0.00>
ST_1 : Operation 34 [1/1] (0.00ns)   --->   "%grid_addr = getelementptr i1 %grid, i64 0, i64 %zext_ln31_4" [../snake.cpp:31->../snake.cpp:100]   --->   Operation 34 'getelementptr' 'grid_addr' <Predicate = true> <Delay = 0.00>
ST_1 : Operation 35 [2/2] (2.32ns)   --->   "%grid_load = load i9 %grid_addr" [../snake.cpp:31->../snake.cpp:100]   --->   Operation 35 'load' 'grid_load' <Predicate = true> <Delay = 2.32> <CoreInst = "RAM">   --->   Core 81 'RAM' <Latency = 1> <II = 1> <Delay = 2.32> <Storage> <Opcode : 'load' 'store'> <Ports = 2> <Width = 1> <Depth = 300> <RAM>

State 2 <SV = 1> <Delay = 7.60>
ST_2 : Operation 36 [1/1] (0.00ns)   --->   "%attempt_3 = load i5 %attempt" [../snake.cpp:27->../snake.cpp:100]   --->   Operation 36 'load' 'attempt_3' <Predicate = true> <Delay = 0.00>
ST_2 : Operation 37 [1/1] (0.00ns)   --->   "%conv2_i_i186_i_load = load i5 %conv2_i_i186_i"   --->   Operation 37 'load' 'conv2_i_i186_i_load' <Predicate = true> <Delay = 0.00>
ST_2 : Operation 38 [1/1] (0.00ns)   --->   "%conv2_i_i8_i_load = load i4 %conv2_i_i8_i"   --->   Operation 38 'load' 'conv2_i_i8_i_load' <Predicate = true> <Delay = 0.00>
ST_2 : Operation 39 [1/1] (0.00ns)   --->   "%zext_ln27 = zext i5 %attempt_3" [../snake.cpp:27->../snake.cpp:100]   --->   Operation 39 'zext' 'zext_ln27' <Predicate = true> <Delay = 0.00>
ST_2 : Operation 40 [1/1] (0.00ns)   --->   "%specpipeline_ln27 = specpipeline void @_ssdm_op_SpecPipeline, i32 4294967295, i32 0, i32 0, i32 0, i32 4294967295, void @empty_0" [../snake.cpp:27->../snake.cpp:100]   --->   Operation 40 'specpipeline' 'specpipeline_ln27' <Predicate = true> <Delay = 0.00>
ST_2 : Operation 41 [1/1] (0.00ns)   --->   "%speclooptripcount_ln27 = speclooptripcount void @_ssdm_op_SpecLoopTripCount, i64 0, i64 32, i64 16" [../snake.cpp:27->../snake.cpp:100]   --->   Operation 41 'speclooptripcount' 'speclooptripcount_ln27' <Predicate = true> <Delay = 0.00>
ST_2 : Operation 42 [1/1] (0.00ns)   --->   "%specloopname_ln27 = specloopname void @_ssdm_op_SpecLoopName, void @empty_2" [../snake.cpp:27->../snake.cpp:100]   --->   Operation 42 'specloopname' 'specloopname_ln27' <Predicate = true> <Delay = 0.00>
ST_2 : Operation 43 [1/1] (0.00ns)   --->   "%or_ln = bitconcatenate i16 @_ssdm_op_BitConcatenate.i16.i1.i15, i1 %tmp_9, i15 %lshr_ln" [../snake.cpp:14->../snake.cpp:28->../snake.cpp:100]   --->   Operation 43 'bitconcatenate' 'or_ln' <Predicate = true> <Delay = 0.00>
ST_2 : Operation 44 [1/2] ( I:2.32ns O:2.32ns )   --->   "%grid_load = load i9 %grid_addr" [../snake.cpp:31->../snake.cpp:100]   --->   Operation 44 'load' 'grid_load' <Predicate = true> <Delay = 2.32> <CoreInst = "RAM">   --->   Core 81 'RAM' <Latency = 1> <II = 1> <Delay = 2.32> <Storage> <Opcode : 'load' 'store'> <Ports = 2> <Width = 1> <Depth = 300> <RAM>
ST_2 : Operation 45 [1/1] (1.78ns)   --->   "%icmp_ln31 = icmp_ugt  i5 %c, i5 19" [../snake.cpp:31->../snake.cpp:100]   --->   Operation 45 'icmp' 'icmp_ln31' <Predicate = true> <Delay = 1.78> <CoreInst = "Cmp">   --->   Core 9 'Cmp' <Latency = 0> <II = 1> <Delay = 1.78> <FuncUnit> <Opcode : 'seteq' 'setne' 'setle' 'setge' 'setlt' 'setgt'> <InPorts = 2> <OutPorts = 1>
ST_2 : Operation 46 [1/1] (1.73ns)   --->   "%icmp_ln31_1 = icmp_eq  i4 %r_1, i4 15" [../snake.cpp:31->../snake.cpp:100]   --->   Operation 46 'icmp' 'icmp_ln31_1' <Predicate = true> <Delay = 1.73> <CoreInst = "Cmp">   --->   Core 9 'Cmp' <Latency = 0> <II = 1> <Delay = 1.73> <FuncUnit> <Opcode : 'seteq' 'setne' 'setle' 'setge' 'setlt' 'setgt'> <InPorts = 2> <OutPorts = 1>
ST_2 : Operation 47 [1/1] (0.00ns) (grouped into LUT with out node or_ln31_1)   --->   "%or_ln31 = or i1 %icmp_ln31_1, i1 %grid_load" [../snake.cpp:31->../snake.cpp:100]   --->   Operation 47 'or' 'or_ln31' <Predicate = true> <Delay = 0.00> <CoreInst = "LogicGate">   --->   Core 74 'LogicGate' <Latency = 0> <II = 1> <Delay = 0.97> <FuncUnit> <Opcode : 'and' 'or' 'xor'> <InPorts = 2> <OutPorts = 1>
ST_2 : Operation 48 [1/1] (0.97ns) (out node of the LUT)   --->   "%or_ln31_1 = or i1 %or_ln31, i1 %icmp_ln31" [../snake.cpp:31->../snake.cpp:100]   --->   Operation 48 'or' 'or_ln31_1' <Predicate = true> <Delay = 0.97> <CoreInst = "LogicGate">   --->   Core 74 'LogicGate' <Latency = 0> <II = 1> <Delay = 0.97> <FuncUnit> <Opcode : 'and' 'or' 'xor'> <InPorts = 2> <OutPorts = 1>
ST_2 : Operation 49 [1/1] (1.02ns)   --->   "%r = select i1 %or_ln31_1, i4 %conv2_i_i8_i_load, i4 %r_1" [../snake.cpp:31->../snake.cpp:100]   --->   Operation 49 'select' 'r' <Predicate = true> <Delay = 1.02> <CoreInst = "Sel">   --->   Core 73 'Sel' <Latency = 0> <II = 1> <Delay = 1.02> <FuncUnit> <Opcode : 'select'> <InPorts = 3> <OutPorts = 1>
ST_2 : Operation 50 [1/1] (1.21ns)   --->   "%c_2 = select i1 %or_ln31_1, i5 %conv2_i_i186_i_load, i5 %c" [../snake.cpp:31->../snake.cpp:100]   --->   Operation 50 'select' 'c_2' <Predicate = true> <Delay = 1.21> <CoreInst = "Sel">   --->   Core 73 'Sel' <Latency = 0> <II = 1> <Delay = 1.21> <FuncUnit> <Opcode : 'select'> <InPorts = 3> <OutPorts = 1>
ST_2 : Operation 51 [1/1] (1.78ns)   --->   "%attempt_4 = add i6 %zext_ln27, i6 1" [../snake.cpp:27->../snake.cpp:100]   --->   Operation 51 'add' 'attempt_4' <Predicate = true> <Delay = 1.78> <CoreInst = "Adder">   --->   Core 1 'Adder' <Latency = 0> <II = 1> <Delay = 1.78> <FuncUnit> <Opcode : 'add' 'sub'> <InPorts = 2> <OutPorts = 1>
ST_2 : Operation 52 [1/1] (0.00ns)   --->   "%trunc_ln27 = trunc i6 %attempt_4" [../snake.cpp:27->../snake.cpp:100]   --->   Operation 52 'trunc' 'trunc_ln27' <Predicate = true> <Delay = 0.00>
ST_2 : Operation 53 [1/1] (0.00ns) (grouped into LUT with out node or_cond5_i)   --->   "%tmp_10 = bitselect i1 @_ssdm_op_BitSelect.i1.i6.i32, i6 %attempt_4, i32 5" [../snake.cpp:27->../snake.cpp:100]   --->   Operation 53 'bitselect' 'tmp_10' <Predicate = true> <Delay = 0.00>
ST_2 : Operation 54 [1/1] (0.00ns) (grouped into LUT with out node or_cond5_i)   --->   "%xor_ln27 = xor i1 %tmp_10, i1 1" [../snake.cpp:27->../snake.cpp:100]   --->   Operation 54 'xor' 'xor_ln27' <Predicate = true> <Delay = 0.00> <CoreInst = "LogicGate">   --->   Core 74 'LogicGate' <Latency = 0> <II = 1> <Delay = 0.97> <FuncUnit> <Opcode : 'and' 'or' 'xor'> <InPorts = 2> <OutPorts = 1>
ST_2 : Operation 55 [1/1] (0.97ns) (out node of the LUT)   --->   "%or_cond5_i = and i1 %or_ln31_1, i1 %xor_ln27" [../snake.cpp:31->../snake.cpp:100]   --->   Operation 55 'and' 'or_cond5_i' <Predicate = true> <Delay = 0.97> <CoreInst = "LogicGate">   --->   Core 74 'LogicGate' <Latency = 0> <II = 1> <Delay = 0.97> <FuncUnit> <Opcode : 'and' 'or' 'xor'> <InPorts = 2> <OutPorts = 1>
ST_2 : Operation 56 [1/1] (1.58ns)   --->   "%store_ln31 = store i4 %r, i4 %conv2_i_i8_i" [../snake.cpp:31->../snake.cpp:100]   --->   Operation 56 'store' 'store_ln31' <Predicate = true> <Delay = 1.58>
ST_2 : Operation 57 [1/1] (1.58ns)   --->   "%store_ln31 = store i5 %c_2, i5 %conv2_i_i186_i" [../snake.cpp:31->../snake.cpp:100]   --->   Operation 57 'store' 'store_ln31' <Predicate = true> <Delay = 1.58>
ST_2 : Operation 58 [1/1] (1.58ns)   --->   "%store_ln7 = store i16 %or_ln, i16 %s" [../snake.cpp:7->../snake.cpp:28->../snake.cpp:100]   --->   Operation 58 'store' 'store_ln7' <Predicate = true> <Delay = 1.58>
ST_2 : Operation 59 [1/1] (1.58ns)   --->   "%store_ln27 = store i5 %trunc_ln27, i5 %attempt" [../snake.cpp:27->../snake.cpp:100]   --->   Operation 59 'store' 'store_ln27' <Predicate = true> <Delay = 1.58>
ST_2 : Operation 60 [1/1] (0.00ns)   --->   "%br_ln31 = br i1 %or_cond5_i, void %_ZL10spawn_foodR7ap_uintILi16EEPA15_b.exit.exitStub, void %for.body.i_ifconv" [../snake.cpp:31->../snake.cpp:100]   --->   Operation 60 'br' 'br_ln31' <Predicate = true> <Delay = 0.00>
ST_2 : Operation 61 [1/1] (0.00ns)   --->   "%write_ln14 = write void @_ssdm_op_Write.ap_auto.i16P0A, i16 %or_ln_out, i16 %or_ln" [../snake.cpp:14->../snake.cpp:28->../snake.cpp:100]   --->   Operation 61 'write' 'write_ln14' <Predicate = (!or_cond5_i)> <Delay = 0.00>
ST_2 : Operation 62 [1/1] (0.00ns)   --->   "%write_ln31 = write void @_ssdm_op_Write.ap_auto.i4P0A, i4 %r_5_out, i4 %r" [../snake.cpp:31->../snake.cpp:100]   --->   Operation 62 'write' 'write_ln31' <Predicate = (!or_cond5_i)> <Delay = 0.00>
ST_2 : Operation 63 [1/1] (0.00ns)   --->   "%write_ln31 = write void @_ssdm_op_Write.ap_auto.i5P0A, i5 %c_6_out, i5 %c_2" [../snake.cpp:31->../snake.cpp:100]   --->   Operation 63 'write' 'write_ln31' <Predicate = (!or_cond5_i)> <Delay = 0.00>
ST_2 : Operation 64 [1/1] (1.58ns)   --->   "%ret_ln0 = ret"   --->   Operation 64 'ret' 'ret_ln0' <Predicate = (!or_cond5_i)> <Delay = 1.58>


============================================================
+ Verbose Summary: Binding
============================================================
STG Binding: 
---------------- STG Properties BEGIN ----------------
- Is combinational: 0
- Is one-state seq: 0
- Is datapath-only: 0
- Is pipelined: 0
- Is top level: 0
Port [ Return ] is wired: 1; IO mode=ap_ctrl_hs:ce=0
Port [ or_ln_out]:  wired=1; compound=0; hidden=0; nouse=0; global=0; static=0; extern=0; dir=1; type=0; pingpong=0; private_global=0; IO mode=ap_vld:ce=0
Port [ r_5_out]:  wired=1; compound=0; hidden=0; nouse=0; global=0; static=0; extern=0; dir=1; type=0; pingpong=0; private_global=0; IO mode=ap_vld:ce=0
Port [ c_6_out]:  wired=1; compound=0; hidden=0; nouse=0; global=0; static=0; extern=0; dir=1; type=0; pingpong=0; private_global=0; IO mode=ap_vld:ce=0
Port [ grid]:  wired=1; compound=1; hidden=0; nouse=0; global=1; static=1; extern=0; dir=0; type=1; pingpong=0; private_global=0; MemPort=[13]; IO mode=ap_memory:ce=0
---------------- STG Properties END ------------------

---------------- Datapath Model BEGIN ----------------

<LifeTime>
<method=bitvector/>
attempt                (alloca           ) [ 011]
s                      (alloca           ) [ 011]
conv2_i_i186_i         (alloca           ) [ 011]
conv2_i_i8_i           (alloca           ) [ 011]
store_ln0              (store            ) [ 000]
store_ln0              (store            ) [ 000]
store_ln7              (store            ) [ 000]
store_ln27             (store            ) [ 000]
br_ln0                 (br               ) [ 000]
s_2                    (load             ) [ 000]
tmp                    (bitselect        ) [ 000]
tmp_6                  (bitselect        ) [ 000]
tmp_7                  (bitselect        ) [ 000]
lshr_ln                (partselect       ) [ 011]
xor_ln14_3             (xor              ) [ 000]
xor_ln14_2             (xor              ) [ 000]
shl_ln                 (bitconcatenate   ) [ 000]
tmp_8                  (bitselect        ) [ 000]
and_ln                 (bitconcatenate   ) [ 000]
xor_ln14               (xor              ) [ 000]
tmp_9                  (bitselect        ) [ 011]
c                      (partselect       ) [ 011]
r_1                    (partselect       ) [ 011]
zext_ln31              (zext             ) [ 000]
p_shl                  (bitconcatenate   ) [ 000]
sub_ln31               (sub              ) [ 000]
zext_ln31_3            (zext             ) [ 000]
add_ln31               (add              ) [ 000]
zext_ln31_4            (zext             ) [ 000]
grid_addr              (getelementptr    ) [ 011]
attempt_3              (load             ) [ 000]
conv2_i_i186_i_load    (load             ) [ 000]
conv2_i_i8_i_load      (load             ) [ 000]
zext_ln27              (zext             ) [ 000]
specpipeline_ln27      (specpipeline     ) [ 000]
speclooptripcount_ln27 (speclooptripcount) [ 000]
specloopname_ln27      (specloopname     ) [ 000]
or_ln                  (bitconcatenate   ) [ 000]
grid_load              (load             ) [ 000]
icmp_ln31              (icmp             ) [ 000]
icmp_ln31_1            (icmp             ) [ 000]
or_ln31                (or               ) [ 000]
or_ln31_1              (or               ) [ 000]
r                      (select           ) [ 000]
c_2                    (select           ) [ 000]
attempt_4              (add              ) [ 000]
trunc_ln27             (trunc            ) [ 000]
tmp_10                 (bitselect        ) [ 000]
xor_ln27               (xor              ) [ 000]
or_cond5_i             (and              ) [ 011]
store_ln31             (store            ) [ 000]
store_ln31             (store            ) [ 000]
store_ln7              (store            ) [ 000]
store_ln27             (store            ) [ 000]
br_ln31                (br               ) [ 000]
write_ln14             (write            ) [ 000]
write_ln31             (write            ) [ 000]
write_ln31             (write            ) [ 000]
ret_ln0                (ret              ) [ 000]
</LifeTime>

<model>

<comp_list>
<comp id="0" class="1000" name="or_ln_out">
<pin_list>
<pin id="1" dir="1" index="0" bw="1" slack="0"/>
</pin_list>
<bind>
<StgValue><ssdm name="or_ln_out"/></StgValue>
</bind>
</comp>

<comp id="2" class="1000" name="r_5_out">
<pin_list>
<pin id="3" dir="1" index="0" bw="1" slack="0"/>
</pin_list>
<bind>
<StgValue><ssdm name="r_5_out"/></StgValue>
</bind>
</comp>

<comp id="4" class="1000" name="c_6_out">
<pin_list>
<pin id="5" dir="1" index="0" bw="1" slack="0"/>
</pin_list>
<bind>
<StgValue><ssdm name="c_6_out"/></StgValue>
</bind>
</comp>

<comp id="6" class="1000" name="grid">
<pin_list>
<pin id="7" dir="1" index="0" bw="1" slack="0"/>
</pin_list>
<bind>
<StgValue><ssdm name="grid"/><MemPortTyVec>1 3 </MemPortTyVec>
</StgValue>
</bind>
</comp>

<comp id="8" class="1001" name="const_8">
<pin_list>
<pin id="9" dir="1" index="0" bw="1" slack="0"/>
</pin_list>
<bind>
<StgValue><ssdm name=""/></StgValue>
</bind>
</comp>

<comp id="10" class="1001" name="const_10">
<pin_list>
<pin id="11" dir="1" index="0" bw="1" slack="0"/>
</pin_list>
<bind>
<StgValue><ssdm name=""/></StgValue>
</bind>
</comp>

<comp id="12" class="1001" name="const_12">
<pin_list>
<pin id="13" dir="1" index="0" bw="1" slack="0"/>
</pin_list>
<bind>
<StgValue><ssdm name=""/></StgValue>
</bind>
</comp>

<comp id="14" class="1001" name="const_14">
<pin_list>
<pin id="15" dir="1" index="0" bw="1" slack="0"/>
</pin_list>
<bind>
<StgValue><ssdm name=""/></StgValue>
</bind>
</comp>

<comp id="16" class="1001" name="const_16">
<pin_list>
<pin id="17" dir="1" index="0" bw="1" slack="0"/>
</pin_list>
<bind>
<StgValue><ssdm name="_ssdm_op_BitSelect.i1.i16.i32"/></StgValue>
</bind>
</comp>

<comp id="18" class="1001" name="const_18">
<pin_list>
<pin id="19" dir="1" index="0" bw="1" slack="0"/>
</pin_list>
<bind>
<StgValue><ssdm name=""/></StgValue>
</bind>
</comp>

<comp id="20" class="1001" name="const_20">
<pin_list>
<pin id="21" dir="1" index="0" bw="1" slack="0"/>
</pin_list>
<bind>
<StgValue><ssdm name=""/></StgValue>
</bind>
</comp>

<comp id="22" class="1001" name="const_22">
<pin_list>
<pin id="23" dir="1" index="0" bw="1" slack="0"/>
</pin_list>
<bind>
<StgValue><ssdm name=""/></StgValue>
</bind>
</comp>

<comp id="24" class="1001" name="const_24">
<pin_list>
<pin id="25" dir="1" index="0" bw="1" slack="0"/>
</pin_list>
<bind>
<StgValue><ssdm name="_ssdm_op_PartSelect.i15.i16.i32.i32"/></StgValue>
</bind>
</comp>

<comp id="26" class="1001" name="const_26">
<pin_list>
<pin id="27" dir="1" index="0" bw="1" slack="0"/>
</pin_list>
<bind>
<StgValue><ssdm name=""/></StgValue>
</bind>
</comp>

<comp id="28" class="1001" name="const_28">
<pin_list>
<pin id="29" dir="1" index="0" bw="1" slack="0"/>
</pin_list>
<bind>
<StgValue><ssdm name="_ssdm_op_BitConcatenate.i16.i1.i15"/></StgValue>
</bind>
</comp>

<comp id="30" class="1001" name="const_30">
<pin_list>
<pin id="31" dir="1" index="0" bw="1" slack="0"/>
</pin_list>
<bind>
<StgValue><ssdm name=""/></StgValue>
</bind>
</comp>

<comp id="32" class="1001" name="const_32">
<pin_list>
<pin id="33" dir="1" index="0" bw="1" slack="0"/>
</pin_list>
<bind>
<StgValue><ssdm name="_ssdm_op_PartSelect.i5.i16.i32.i32"/></StgValue>
</bind>
</comp>

<comp id="34" class="1001" name="const_34">
<pin_list>
<pin id="35" dir="1" index="0" bw="1" slack="0"/>
</pin_list>
<bind>
<StgValue><ssdm name=""/></StgValue>
</bind>
</comp>

<comp id="36" class="1001" name="const_36">
<pin_list>
<pin id="37" dir="1" index="0" bw="1" slack="0"/>
</pin_list>
<bind>
<StgValue><ssdm name="_ssdm_op_PartSelect.i4.i16.i32.i32"/></StgValue>
</bind>
</comp>

<comp id="38" class="1001" name="const_38">
<pin_list>
<pin id="39" dir="1" index="0" bw="1" slack="0"/>
</pin_list>
<bind>
<StgValue><ssdm name=""/></StgValue>
</bind>
</comp>

<comp id="40" class="1001" name="const_40">
<pin_list>
<pin id="41" dir="1" index="0" bw="1" slack="0"/>
</pin_list>
<bind>
<StgValue><ssdm name=""/></StgValue>
</bind>
</comp>

<comp id="42" class="1001" name="const_42">
<pin_list>
<pin id="43" dir="1" index="0" bw="1" slack="0"/>
</pin_list>
<bind>
<StgValue><ssdm name="_ssdm_op_BitConcatenate.i9.i5.i4"/></StgValue>
</bind>
</comp>

<comp id="44" class="1001" name="const_44">
<pin_list>
<pin id="45" dir="1" index="0" bw="1" slack="0"/>
</pin_list>
<bind>
<StgValue><ssdm name=""/></StgValue>
</bind>
</comp>

<comp id="46" class="1001" name="const_46">
<pin_list>
<pin id="47" dir="1" index="0" bw="1" slack="2147483647"/>
</pin_list>
<bind>
<StgValue><ssdm name="_ssdm_op_SpecPipeline"/></StgValue>
</bind>
</comp>

<comp id="48" class="1001" name="const_48">
<pin_list>
<pin id="49" dir="1" index="0" bw="1" slack="2147483647"/>
</pin_list>
<bind>
<StgValue><ssdm name=""/></StgValue>
</bind>
</comp>

<comp id="50" class="1001" name="const_50">
<pin_list>
<pin id="51" dir="1" index="0" bw="1" slack="2147483647"/>
</pin_list>
<bind>
<StgValue><ssdm name=""/></StgValue>
</bind>
</comp>

<comp id="52" class="1001" name="const_52">
<pin_list>
<pin id="53" dir="1" index="0" bw="1" slack="2147483647"/>
</pin_list>
<bind>
<StgValue><ssdm name="empty_0"/></StgValue>
</bind>
</comp>

<comp id="54" class="1001" name="const_54">
<pin_list>
<pin id="55" dir="1" index="0" bw="1" slack="2147483647"/>
</pin_list>
<bind>
<StgValue><ssdm name="_ssdm_op_SpecLoopTripCount"/></StgValue>
</bind>
</comp>

<comp id="56" class="1001" name="const_56">
<pin_list>
<pin id="57" dir="1" index="0" bw="1" slack="2147483647"/>
</pin_list>
<bind>
<StgValue><ssdm name=""/></StgValue>
</bind>
</comp>

<comp id="58" class="1001" name="const_58">
<pin_list>
<pin id="59" dir="1" index="0" bw="1" slack="2147483647"/>
</pin_list>
<bind>
<StgValue><ssdm name=""/></StgValue>
</bind>
</comp>

<comp id="60" class="1001" name="const_60">
<pin_list>
<pin id="61" dir="1" index="0" bw="1" slack="2147483647"/>
</pin_list>
<bind>
<StgValue><ssdm name="_ssdm_op_SpecLoopName"/></StgValue>
</bind>
</comp>

<comp id="62" class="1001" name="const_62">
<pin_list>
<pin id="63" dir="1" index="0" bw="1" slack="2147483647"/>
</pin_list>
<bind>
<StgValue><ssdm name="empty_2"/></StgValue>
</bind>
</comp>

<comp id="64" class="1001" name="const_64">
<pin_list>
<pin id="65" dir="1" index="0" bw="1" slack="0"/>
</pin_list>
<bind>
<StgValue><ssdm name=""/></StgValue>
</bind>
</comp>

<comp id="66" class="1001" name="const_66">
<pin_list>
<pin id="67" dir="1" index="0" bw="1" slack="0"/>
</pin_list>
<bind>
<StgValue><ssdm name=""/></StgValue>
</bind>
</comp>

<comp id="68" class="1001" name="const_68">
<pin_list>
<pin id="69" dir="1" index="0" bw="1" slack="0"/>
</pin_list>
<bind>
<StgValue><ssdm name=""/></StgValue>
</bind>
</comp>

<comp id="70" class="1001" name="const_70">
<pin_list>
<pin id="71" dir="1" index="0" bw="1" slack="0"/>
</pin_list>
<bind>
<StgValue><ssdm name="_ssdm_op_BitSelect.i1.i6.i32"/></StgValue>
</bind>
</comp>

<comp id="72" class="1001" name="const_72">
<pin_list>
<pin id="73" dir="1" index="0" bw="1" slack="0"/>
</pin_list>
<bind>
<StgValue><ssdm name=""/></StgValue>
</bind>
</comp>

<comp id="74" class="1001" name="const_74">
<pin_list>
<pin id="75" dir="1" index="0" bw="1" slack="0"/>
</pin_list>
<bind>
<StgValue><ssdm name="_ssdm_op_Write.ap_auto.i16P0A"/></StgValue>
</bind>
</comp>

<comp id="76" class="1001" name="const_76">
<pin_list>
<pin id="77" dir="1" index="0" bw="1" slack="0"/>
</pin_list>
<bind>
<StgValue><ssdm name="_ssdm_op_Write.ap_auto.i4P0A"/></StgValue>
</bind>
</comp>

<comp id="78" class="1001" name="const_78">
<pin_list>
<pin id="79" dir="1" index="0" bw="1" slack="0"/>
</pin_list>
<bind>
<StgValue><ssdm name="_ssdm_op_Write.ap_auto.i5P0A"/></StgValue>
</bind>
</comp>

<comp id="80" class="1004" name="attempt_fu_80">
<pin_list>
<pin id="81" dir="0" index="0" bw="1" slack="0"/>
<pin id="82" dir="1" index="1" bw="5" slack="0"/>
</pin_list>
<bind>
<opcode="alloca(26) " fcode="alloca"/>
<opset="attempt/1 "/>
</bind>
</comp>

<comp id="84" class="1004" name="s_fu_84">
<pin_list>
<pin id="85" dir="0" index="0" bw="1" slack="0"/>
<pin id="86" dir="1" index="1" bw="16" slack="0"/>
</pin_list>
<bind>
<opcode="alloca(26) " fcode="alloca"/>
<opset="s/1 "/>
</bind>
</comp>

<comp id="88" class="1004" name="conv2_i_i186_i_fu_88">
<pin_list>
<pin id="89" dir="0" index="0" bw="1" slack="0"/>
<pin id="90" dir="1" index="1" bw="5" slack="0"/>
</pin_list>
<bind>
<opcode="alloca(26) " fcode="alloca"/>
<opset="conv2_i_i186_i/1 "/>
</bind>
</comp>

<comp id="92" class="1004" name="conv2_i_i8_i_fu_92">
<pin_list>
<pin id="93" dir="0" index="0" bw="1" slack="0"/>
<pin id="94" dir="1" index="1" bw="4" slack="0"/>
</pin_list>
<bind>
<opcode="alloca(26) " fcode="alloca"/>
<opset="conv2_i_i8_i/1 "/>
</bind>
</comp>

<comp id="96" class="1004" name="write_ln14_write_fu_96">
<pin_list>
<pin id="97" dir="0" index="0" bw="0" slack="0"/>
<pin id="98" dir="0" index="1" bw="16" slack="0"/>
<pin id="99" dir="0" index="2" bw="16" slack="0"/>
<pin id="100" dir="1" index="3" bw="0" slack="2147483647"/>
</pin_list>
<bind>
<opcode="write(1151) " fcode="write"/>
<opset="write_ln14/2 "/>
</bind>
</comp>

<comp id="103" class="1004" name="write_ln31_write_fu_103">
<pin_list>
<pin id="104" dir="0" index="0" bw="0" slack="0"/>
<pin id="105" dir="0" index="1" bw="4" slack="0"/>
<pin id="106" dir="0" index="2" bw="4" slack="0"/>
<pin id="107" dir="1" index="3" bw="0" slack="2147483647"/>
</pin_list>
<bind>
<opcode="write(1151) " fcode="write"/>
<opset="write_ln31/2 "/>
</bind>
</comp>

<comp id="110" class="1004" name="write_ln31_write_fu_110">
<pin_list>
<pin id="111" dir="0" index="0" bw="0" slack="0"/>
<pin id="112" dir="0" index="1" bw="5" slack="0"/>
<pin id="113" dir="0" index="2" bw="5" slack="0"/>
<pin id="114" dir="1" index="3" bw="0" slack="2147483647"/>
</pin_list>
<bind>
<opcode="write(1151) " fcode="write"/>
<opset="write_ln31/2 "/>
</bind>
</comp>

<comp id="117" class="1004" name="grid_addr_gep_fu_117">
<pin_list>
<pin id="118" dir="0" index="0" bw="1" slack="0"/>
<pin id="119" dir="0" index="1" bw="1" slack="0"/>
<pin id="120" dir="0" index="2" bw="9" slack="0"/>
<pin id="121" dir="1" index="3" bw="9" slack="0"/>
</pin_list>
<bind>
<opcode="getelementptr(29) " fcode="getelementptr"/>
<opset="grid_addr/1 "/>
</bind>
</comp>

<comp id="124" class="1004" name="grp_access_fu_124">
<pin_list>
<pin id="125" dir="0" index="0" bw="9" slack="0"/>
<pin id="126" dir="0" index="1" bw="1" slack="2147483647"/>
<pin id="127" dir="0" index="2" bw="0" slack="2147483647"/>
<pin id="128" dir="1" index="3" bw="1" slack="0"/>
</pin_list>
<bind>
<opcode="load(27) " fcode="load"/>
<opset="grid_load/1 "/>
</bind>
</comp>

<comp id="130" class="1004" name="store_ln0_store_fu_130">
<pin_list>
<pin id="131" dir="0" index="0" bw="1" slack="0"/>
<pin id="132" dir="0" index="1" bw="4" slack="0"/>
<pin id="133" dir="1" index="2" bw="0" slack="2147483647"/>
</pin_list>
<bind>
<opcode="store(28) " fcode="store"/>
<opset="store_ln0/1 "/>
</bind>
</comp>

<comp id="135" class="1004" name="store_ln0_store_fu_135">
<pin_list>
<pin id="136" dir="0" index="0" bw="1" slack="0"/>
<pin id="137" dir="0" index="1" bw="5" slack="0"/>
<pin id="138" dir="1" index="2" bw="0" slack="2147483647"/>
</pin_list>
<bind>
<opcode="store(28) " fcode="store"/>
<opset="store_ln0/1 "/>
</bind>
</comp>

<comp id="140" class="1004" name="store_ln7_store_fu_140">
<pin_list>
<pin id="141" dir="0" index="0" bw="16" slack="0"/>
<pin id="142" dir="0" index="1" bw="16" slack="0"/>
<pin id="143" dir="1" index="2" bw="0" slack="2147483647"/>
</pin_list>
<bind>
<opcode="store(28) " fcode="store"/>
<opset="store_ln7/1 "/>
</bind>
</comp>

<comp id="145" class="1004" name="store_ln27_store_fu_145">
<pin_list>
<pin id="146" dir="0" index="0" bw="1" slack="0"/>
<pin id="147" dir="0" index="1" bw="5" slack="0"/>
<pin id="148" dir="1" index="2" bw="0" slack="2147483647"/>
</pin_list>
<bind>
<opcode="store(28) " fcode="store"/>
<opset="store_ln27/1 "/>
</bind>
</comp>

<comp id="150" class="1004" name="s_2_load_fu_150">
<pin_list>
<pin id="151" dir="0" index="0" bw="16" slack="0"/>
<pin id="152" dir="1" index="1" bw="16" slack="0"/>
</pin_list>
<bind>
<opcode="load(27) " fcode="load"/>
<opset="s_2/1 "/>
</bind>
</comp>

<comp id="153" class="1004" name="tmp_fu_153">
<pin_list>
<pin id="154" dir="0" index="0" bw="1" slack="0"/>
<pin id="155" dir="0" index="1" bw="16" slack="0"/>
<pin id="156" dir="0" index="2" bw="5" slack="0"/>
<pin id="157" dir="1" index="3" bw="1" slack="0"/>
</pin_list>
<bind>
<opcode="bitselect(1000) " fcode="bitselect"/>
<opset="tmp/1 "/>
</bind>
</comp>

<comp id="161" class="1004" name="tmp_6_fu_161">
<pin_list>
<pin id="162" dir="0" index="0" bw="1" slack="0"/>
<pin id="163" dir="0" index="1" bw="16" slack="0"/>
<pin id="164" dir="0" index="2" bw="3" slack="0"/>
<pin id="165" dir="1" index="3" bw="1" slack="0"/>
</pin_list>
<bind>
<opcode="bitselect(1000) " fcode="bitselect"/>
<opset="tmp_6/1 "/>
</bind>
</comp>

<comp id="169" class="1004" name="tmp_7_fu_169">
<pin_list>
<pin id="170" dir="0" index="0" bw="1" slack="0"/>
<pin id="171" dir="0" index="1" bw="16" slack="0"/>
<pin id="172" dir="0" index="2" bw="5" slack="0"/>
<pin id="173" dir="1" index="3" bw="1" slack="0"/>
</pin_list>
<bind>
<opcode="bitselect(1000) " fcode="bitselect"/>
<opset="tmp_7/1 "/>
</bind>
</comp>

<comp id="177" class="1004" name="lshr_ln_fu_177">
<pin_list>
<pin id="178" dir="0" index="0" bw="15" slack="0"/>
<pin id="179" dir="0" index="1" bw="16" slack="0"/>
<pin id="180" dir="0" index="2" bw="1" slack="0"/>
<pin id="181" dir="0" index="3" bw="5" slack="0"/>
<pin id="182" dir="1" index="4" bw="15" slack="1"/>
</pin_list>
<bind>
<opcode="partselect(1002) " fcode="partselect"/>
<opset="lshr_ln/1 "/>
</bind>
</comp>

<comp id="187" class="1004" name="xor_ln14_3_fu_187">
<pin_list>
<pin id="188" dir="0" index="0" bw="1" slack="0"/>
<pin id="189" dir="0" index="1" bw="1" slack="0"/>
<pin id="190" dir="1" index="2" bw="1" slack="0"/>
</pin_list>
<bind>
<opcode="xor(25) " fcode="xor"/>
<opset="xor_ln14_3/1 "/>
</bind>
</comp>

<comp id="193" class="1004" name="xor_ln14_2_fu_193">
<pin_list>
<pin id="194" dir="0" index="0" bw="1" slack="0"/>
<pin id="195" dir="0" index="1" bw="1" slack="0"/>
<pin id="196" dir="1" index="2" bw="1" slack="0"/>
</pin_list>
<bind>
<opcode="xor(25) " fcode="xor"/>
<opset="xor_ln14_2/1 "/>
</bind>
</comp>

<comp id="199" class="1004" name="shl_ln_fu_199">
<pin_list>
<pin id="200" dir="0" index="0" bw="16" slack="0"/>
<pin id="201" dir="0" index="1" bw="1" slack="0"/>
<pin id="202" dir="0" index="2" bw="1" slack="0"/>
<pin id="203" dir="1" index="3" bw="16" slack="0"/>
</pin_list>
<bind>
<opcode="bitconcatenate(1004) " fcode="bitconcatenate"/>
<opset="shl_ln/1 "/>
</bind>
</comp>

<comp id="207" class="1004" name="tmp_8_fu_207">
<pin_list>
<pin id="208" dir="0" index="0" bw="1" slack="0"/>
<pin id="209" dir="0" index="1" bw="16" slack="0"/>
<pin id="210" dir="0" index="2" bw="5" slack="0"/>
<pin id="211" dir="1" index="3" bw="1" slack="0"/>
</pin_list>
<bind>
<opcode="bitselect(1000) " fcode="bitselect"/>
<opset="tmp_8/1 "/>
</bind>
</comp>

<comp id="215" class="1004" name="and_ln_fu_215">
<pin_list>
<pin id="216" dir="0" index="0" bw="16" slack="0"/>
<pin id="217" dir="0" index="1" bw="1" slack="0"/>
<pin id="218" dir="0" index="2" bw="1" slack="0"/>
<pin id="219" dir="1" index="3" bw="16" slack="0"/>
</pin_list>
<bind>
<opcode="bitconcatenate(1004) " fcode="bitconcatenate"/>
<opset="and_ln/1 "/>
</bind>
</comp>

<comp id="223" class="1004" name="xor_ln14_fu_223">
<pin_list>
<pin id="224" dir="0" index="0" bw="16" slack="0"/>
<pin id="225" dir="0" index="1" bw="16" slack="0"/>
<pin id="226" dir="1" index="2" bw="16" slack="0"/>
</pin_list>
<bind>
<opcode="xor(25) " fcode="xor"/>
<opset="xor_ln14/1 "/>
</bind>
</comp>

<comp id="229" class="1004" name="tmp_9_fu_229">
<pin_list>
<pin id="230" dir="0" index="0" bw="1" slack="0"/>
<pin id="231" dir="0" index="1" bw="16" slack="0"/>
<pin id="232" dir="0" index="2" bw="5" slack="0"/>
<pin id="233" dir="1" index="3" bw="1" slack="1"/>
</pin_list>
<bind>
<opcode="bitselect(1000) " fcode="bitselect"/>
<opset="tmp_9/1 "/>
</bind>
</comp>

<comp id="237" class="1004" name="c_fu_237">
<pin_list>
<pin id="238" dir="0" index="0" bw="5" slack="0"/>
<pin id="239" dir="0" index="1" bw="16" slack="0"/>
<pin id="240" dir="0" index="2" bw="1" slack="0"/>
<pin id="241" dir="0" index="3" bw="4" slack="0"/>
<pin id="242" dir="1" index="4" bw="5" slack="0"/>
</pin_list>
<bind>
<opcode="partselect(1002) " fcode="partselect"/>
<opset="c/1 "/>
</bind>
</comp>

<comp id="247" class="1004" name="r_1_fu_247">
<pin_list>
<pin id="248" dir="0" index="0" bw="4" slack="0"/>
<pin id="249" dir="0" index="1" bw="16" slack="0"/>
<pin id="250" dir="0" index="2" bw="4" slack="0"/>
<pin id="251" dir="0" index="3" bw="5" slack="0"/>
<pin id="252" dir="1" index="4" bw="4" slack="0"/>
</pin_list>
<bind>
<opcode="partselect(1002) " fcode="partselect"/>
<opset="r_1/1 "/>
</bind>
</comp>

<comp id="257" class="1004" name="zext_ln31_fu_257">
<pin_list>
<pin id="258" dir="0" index="0" bw="5" slack="0"/>
<pin id="259" dir="1" index="1" bw="9" slack="0"/>
</pin_list>
<bind>
<opcode="zext(34) " fcode="zext"/>
<opset="zext_ln31/1 "/>
</bind>
</comp>

<comp id="261" class="1004" name="p_shl_fu_261">
<pin_list>
<pin id="262" dir="0" index="0" bw="9" slack="0"/>
<pin id="263" dir="0" index="1" bw="5" slack="0"/>
<pin id="264" dir="0" index="2" bw="1" slack="0"/>
<pin id="265" dir="1" index="3" bw="9" slack="0"/>
</pin_list>
<bind>
<opcode="bitconcatenate(1004) " fcode="bitconcatenate"/>
<opset="p_shl/1 "/>
</bind>
</comp>

<comp id="269" class="1004" name="sub_ln31_fu_269">
<pin_list>
<pin id="270" dir="0" index="0" bw="9" slack="0"/>
<pin id="271" dir="0" index="1" bw="5" slack="0"/>
<pin id="272" dir="1" index="2" bw="9" slack="0"/>
</pin_list>
<bind>
<opcode="sub(10) " fcode="sub"/>
<opset="sub_ln31/1 "/>
</bind>
</comp>

<comp id="275" class="1004" name="zext_ln31_3_fu_275">
<pin_list>
<pin id="276" dir="0" index="0" bw="4" slack="0"/>
<pin id="277" dir="1" index="1" bw="9" slack="0"/>
</pin_list>
<bind>
<opcode="zext(34) " fcode="zext"/>
<opset="zext_ln31_3/1 "/>
</bind>
</comp>

<comp id="279" class="1004" name="add_ln31_fu_279">
<pin_list>
<pin id="280" dir="0" index="0" bw="9" slack="0"/>
<pin id="281" dir="0" index="1" bw="4" slack="0"/>
<pin id="282" dir="1" index="2" bw="9" slack="0"/>
</pin_list>
<bind>
<opcode="add(8) " fcode="add"/>
<opset="add_ln31/1 "/>
</bind>
</comp>

<comp id="285" class="1004" name="zext_ln31_4_fu_285">
<pin_list>
<pin id="286" dir="0" index="0" bw="9" slack="0"/>
<pin id="287" dir="1" index="1" bw="64" slack="0"/>
</pin_list>
<bind>
<opcode="zext(34) " fcode="zext"/>
<opset="zext_ln31_4/1 "/>
</bind>
</comp>

<comp id="290" class="1004" name="attempt_3_load_fu_290">
<pin_list>
<pin id="291" dir="0" index="0" bw="5" slack="1"/>
<pin id="292" dir="1" index="1" bw="5" slack="0"/>
</pin_list>
<bind>
<opcode="load(27) " fcode="load"/>
<opset="attempt_3/2 "/>
</bind>
</comp>

<comp id="293" class="1004" name="conv2_i_i186_i_load_load_fu_293">
<pin_list>
<pin id="294" dir="0" index="0" bw="5" slack="1"/>
<pin id="295" dir="1" index="1" bw="5" slack="0"/>
</pin_list>
<bind>
<opcode="load(27) " fcode="load"/>
<opset="conv2_i_i186_i_load/2 "/>
</bind>
</comp>

<comp id="296" class="1004" name="conv2_i_i8_i_load_load_fu_296">
<pin_list>
<pin id="297" dir="0" index="0" bw="4" slack="1"/>
<pin id="298" dir="1" index="1" bw="4" slack="0"/>
</pin_list>
<bind>
<opcode="load(27) " fcode="load"/>
<opset="conv2_i_i8_i_load/2 "/>
</bind>
</comp>

<comp id="299" class="1004" name="zext_ln27_fu_299">
<pin_list>
<pin id="300" dir="0" index="0" bw="5" slack="0"/>
<pin id="301" dir="1" index="1" bw="6" slack="0"/>
</pin_list>
<bind>
<opcode="zext(34) " fcode="zext"/>
<opset="zext_ln27/2 "/>
</bind>
</comp>

<comp id="303" class="1004" name="or_ln_fu_303">
<pin_list>
<pin id="304" dir="0" index="0" bw="16" slack="0"/>
<pin id="305" dir="0" index="1" bw="1" slack="1"/>
<pin id="306" dir="0" index="2" bw="15" slack="1"/>
<pin id="307" dir="1" index="3" bw="16" slack="0"/>
</pin_list>
<bind>
<opcode="bitconcatenate(1004) " fcode="bitconcatenate"/>
<opset="or_ln/2 "/>
</bind>
</comp>

<comp id="310" class="1004" name="icmp_ln31_fu_310">
<pin_list>
<pin id="311" dir="0" index="0" bw="5" slack="1"/>
<pin id="312" dir="0" index="1" bw="5" slack="0"/>
<pin id="313" dir="1" index="2" bw="1" slack="0"/>
</pin_list>
<bind>
<opcode="icmp(45) " fcode="icmp"/>
<opset="icmp_ln31/2 "/>
</bind>
</comp>

<comp id="315" class="1004" name="icmp_ln31_1_fu_315">
<pin_list>
<pin id="316" dir="0" index="0" bw="4" slack="1"/>
<pin id="317" dir="0" index="1" bw="1" slack="0"/>
<pin id="318" dir="1" index="2" bw="1" slack="0"/>
</pin_list>
<bind>
<opcode="icmp(45) " fcode="icmp"/>
<opset="icmp_ln31_1/2 "/>
</bind>
</comp>

<comp id="320" class="1004" name="or_ln31_fu_320">
<pin_list>
<pin id="321" dir="0" index="0" bw="1" slack="0"/>
<pin id="322" dir="0" index="1" bw="1" slack="0"/>
<pin id="323" dir="1" index="2" bw="1" slack="0"/>
</pin_list>
<bind>
<opcode="or(24) " fcode="or"/>
<opset="or_ln31/2 "/>
</bind>
</comp>

<comp id="326" class="1004" name="or_ln31_1_fu_326">
<pin_list>
<pin id="327" dir="0" index="0" bw="1" slack="0"/>
<pin id="328" dir="0" index="1" bw="1" slack="0"/>
<pin id="329" dir="1" index="2" bw="1" slack="0"/>
</pin_list>
<bind>
<opcode="or(24) " fcode="or"/>
<opset="or_ln31_1/2 "/>
</bind>
</comp>

<comp id="332" class="1004" name="r_fu_332">
<pin_list>
<pin id="333" dir="0" index="0" bw="1" slack="0"/>
<pin id="334" dir="0" index="1" bw="4" slack="0"/>
<pin id="335" dir="0" index="2" bw="4" slack="1"/>
<pin id="336" dir="1" index="3" bw="4" slack="0"/>
</pin_list>
<bind>
<opcode="select(49) " fcode="select"/>
<opset="r/2 "/>
</bind>
</comp>

<comp id="340" class="1004" name="c_2_fu_340">
<pin_list>
<pin id="341" dir="0" index="0" bw="1" slack="0"/>
<pin id="342" dir="0" index="1" bw="5" slack="0"/>
<pin id="343" dir="0" index="2" bw="5" slack="1"/>
<pin id="344" dir="1" index="3" bw="5" slack="0"/>
</pin_list>
<bind>
<opcode="select(49) " fcode="select"/>
<opset="c_2/2 "/>
</bind>
</comp>

<comp id="348" class="1004" name="attempt_4_fu_348">
<pin_list>
<pin id="349" dir="0" index="0" bw="5" slack="0"/>
<pin id="350" dir="0" index="1" bw="1" slack="0"/>
<pin id="351" dir="1" index="2" bw="6" slack="0"/>
</pin_list>
<bind>
<opcode="add(8) " fcode="add"/>
<opset="attempt_4/2 "/>
</bind>
</comp>

<comp id="354" class="1004" name="trunc_ln27_fu_354">
<pin_list>
<pin id="355" dir="0" index="0" bw="6" slack="0"/>
<pin id="356" dir="1" index="1" bw="5" slack="0"/>
</pin_list>
<bind>
<opcode="trunc(33) " fcode="trunc"/>
<opset="trunc_ln27/2 "/>
</bind>
</comp>

<comp id="358" class="1004" name="tmp_10_fu_358">
<pin_list>
<pin id="359" dir="0" index="0" bw="1" slack="0"/>
<pin id="360" dir="0" index="1" bw="6" slack="0"/>
<pin id="361" dir="0" index="2" bw="4" slack="0"/>
<pin id="362" dir="1" index="3" bw="1" slack="0"/>
</pin_list>
<bind>
<opcode="bitselect(1000) " fcode="bitselect"/>
<opset="tmp_10/2 "/>
</bind>
</comp>

<comp id="366" class="1004" name="xor_ln27_fu_366">
<pin_list>
<pin id="367" dir="0" index="0" bw="1" slack="0"/>
<pin id="368" dir="0" index="1" bw="1" slack="0"/>
<pin id="369" dir="1" index="2" bw="1" slack="0"/>
</pin_list>
<bind>
<opcode="xor(25) " fcode="xor"/>
<opset="xor_ln27/2 "/>
</bind>
</comp>

<comp id="372" class="1004" name="or_cond5_i_fu_372">
<pin_list>
<pin id="373" dir="0" index="0" bw="1" slack="0"/>
<pin id="374" dir="0" index="1" bw="1" slack="0"/>
<pin id="375" dir="1" index="2" bw="1" slack="2147483647"/>
</pin_list>
<bind>
<opcode="and(23) " fcode="and"/>
<opset="or_cond5_i/2 "/>
</bind>
</comp>

<comp id="378" class="1004" name="store_ln31_store_fu_378">
<pin_list>
<pin id="379" dir="0" index="0" bw="4" slack="0"/>
<pin id="380" dir="0" index="1" bw="4" slack="1"/>
<pin id="381" dir="1" index="2" bw="0" slack="2147483647"/>
</pin_list>
<bind>
<opcode="store(28) " fcode="store"/>
<opset="store_ln31/2 "/>
</bind>
</comp>

<comp id="383" class="1004" name="store_ln31_store_fu_383">
<pin_list>
<pin id="384" dir="0" index="0" bw="5" slack="0"/>
<pin id="385" dir="0" index="1" bw="5" slack="1"/>
<pin id="386" dir="1" index="2" bw="0" slack="2147483647"/>
</pin_list>
<bind>
<opcode="store(28) " fcode="store"/>
<opset="store_ln31/2 "/>
</bind>
</comp>

<comp id="388" class="1004" name="store_ln7_store_fu_388">
<pin_list>
<pin id="389" dir="0" index="0" bw="16" slack="0"/>
<pin id="390" dir="0" index="1" bw="16" slack="1"/>
<pin id="391" dir="1" index="2" bw="0" slack="2147483647"/>
</pin_list>
<bind>
<opcode="store(28) " fcode="store"/>
<opset="store_ln7/2 "/>
</bind>
</comp>

<comp id="393" class="1004" name="store_ln27_store_fu_393">
<pin_list>
<pin id="394" dir="0" index="0" bw="5" slack="0"/>
<pin id="395" dir="0" index="1" bw="5" slack="1"/>
<pin id="396" dir="1" index="2" bw="0" slack="2147483647"/>
</pin_list>
<bind>
<opcode="store(28) " fcode="store"/>
<opset="store_ln27/2 "/>
</bind>
</comp>

<comp id="398" class="1005" name="attempt_reg_398">
<pin_list>
<pin id="399" dir="0" index="0" bw="5" slack="0"/>
<pin id="400" dir="1" index="1" bw="5" slack="0"/>
</pin_list>
<bind>
<opset="attempt "/>
</bind>
</comp>

<comp id="405" class="1005" name="s_reg_405">
<pin_list>
<pin id="406" dir="0" index="0" bw="16" slack="0"/>
<pin id="407" dir="1" index="1" bw="16" slack="0"/>
</pin_list>
<bind>
<opset="s "/>
</bind>
</comp>

<comp id="412" class="1005" name="conv2_i_i186_i_reg_412">
<pin_list>
<pin id="413" dir="0" index="0" bw="5" slack="0"/>
<pin id="414" dir="1" index="1" bw="5" slack="0"/>
</pin_list>
<bind>
<opset="conv2_i_i186_i "/>
</bind>
</comp>

<comp id="419" class="1005" name="conv2_i_i8_i_reg_419">
<pin_list>
<pin id="420" dir="0" index="0" bw="4" slack="0"/>
<pin id="421" dir="1" index="1" bw="4" slack="0"/>
</pin_list>
<bind>
<opset="conv2_i_i8_i "/>
</bind>
</comp>

<comp id="426" class="1005" name="lshr_ln_reg_426">
<pin_list>
<pin id="427" dir="0" index="0" bw="15" slack="1"/>
<pin id="428" dir="1" index="1" bw="15" slack="1"/>
</pin_list>
<bind>
<opset="lshr_ln "/>
</bind>
</comp>

<comp id="431" class="1005" name="tmp_9_reg_431">
<pin_list>
<pin id="432" dir="0" index="0" bw="1" slack="1"/>
<pin id="433" dir="1" index="1" bw="1" slack="1"/>
</pin_list>
<bind>
<opset="tmp_9 "/>
</bind>
</comp>

<comp id="436" class="1005" name="c_reg_436">
<pin_list>
<pin id="437" dir="0" index="0" bw="5" slack="1"/>
<pin id="438" dir="1" index="1" bw="5" slack="1"/>
</pin_list>
<bind>
<opset="c "/>
</bind>
</comp>

<comp id="442" class="1005" name="r_1_reg_442">
<pin_list>
<pin id="443" dir="0" index="0" bw="4" slack="1"/>
<pin id="444" dir="1" index="1" bw="4" slack="1"/>
</pin_list>
<bind>
<opset="r_1 "/>
</bind>
</comp>

<comp id="448" class="1005" name="grid_addr_reg_448">
<pin_list>
<pin id="449" dir="0" index="0" bw="9" slack="1"/>
<pin id="450" dir="1" index="1" bw="9" slack="1"/>
</pin_list>
<bind>
<opset="grid_addr "/>
</bind>
</comp>

</comp_list>

<net_list>
<net id="83"><net_src comp="8" pin="0"/><net_sink comp="80" pin=0"/></net>

<net id="87"><net_src comp="8" pin="0"/><net_sink comp="84" pin=0"/></net>

<net id="91"><net_src comp="8" pin="0"/><net_sink comp="88" pin=0"/></net>

<net id="95"><net_src comp="8" pin="0"/><net_sink comp="92" pin=0"/></net>

<net id="101"><net_src comp="74" pin="0"/><net_sink comp="96" pin=0"/></net>

<net id="102"><net_src comp="0" pin="0"/><net_sink comp="96" pin=1"/></net>

<net id="108"><net_src comp="76" pin="0"/><net_sink comp="103" pin=0"/></net>

<net id="109"><net_src comp="2" pin="0"/><net_sink comp="103" pin=1"/></net>

<net id="115"><net_src comp="78" pin="0"/><net_sink comp="110" pin=0"/></net>

<net id="116"><net_src comp="4" pin="0"/><net_sink comp="110" pin=1"/></net>

<net id="122"><net_src comp="6" pin="0"/><net_sink comp="117" pin=0"/></net>

<net id="123"><net_src comp="44" pin="0"/><net_sink comp="117" pin=1"/></net>

<net id="129"><net_src comp="117" pin="3"/><net_sink comp="124" pin=0"/></net>

<net id="134"><net_src comp="10" pin="0"/><net_sink comp="130" pin=0"/></net>

<net id="139"><net_src comp="12" pin="0"/><net_sink comp="135" pin=0"/></net>

<net id="144"><net_src comp="14" pin="0"/><net_sink comp="140" pin=0"/></net>

<net id="149"><net_src comp="12" pin="0"/><net_sink comp="145" pin=0"/></net>

<net id="158"><net_src comp="16" pin="0"/><net_sink comp="153" pin=0"/></net>

<net id="159"><net_src comp="150" pin="1"/><net_sink comp="153" pin=1"/></net>

<net id="160"><net_src comp="18" pin="0"/><net_sink comp="153" pin=2"/></net>

<net id="166"><net_src comp="16" pin="0"/><net_sink comp="161" pin=0"/></net>

<net id="167"><net_src comp="150" pin="1"/><net_sink comp="161" pin=1"/></net>

<net id="168"><net_src comp="20" pin="0"/><net_sink comp="161" pin=2"/></net>

<net id="174"><net_src comp="16" pin="0"/><net_sink comp="169" pin=0"/></net>

<net id="175"><net_src comp="150" pin="1"/><net_sink comp="169" pin=1"/></net>

<net id="176"><net_src comp="22" pin="0"/><net_sink comp="169" pin=2"/></net>

<net id="183"><net_src comp="24" pin="0"/><net_sink comp="177" pin=0"/></net>

<net id="184"><net_src comp="150" pin="1"/><net_sink comp="177" pin=1"/></net>

<net id="185"><net_src comp="8" pin="0"/><net_sink comp="177" pin=2"/></net>

<net id="186"><net_src comp="26" pin="0"/><net_sink comp="177" pin=3"/></net>

<net id="191"><net_src comp="153" pin="3"/><net_sink comp="187" pin=0"/></net>

<net id="192"><net_src comp="169" pin="3"/><net_sink comp="187" pin=1"/></net>

<net id="197"><net_src comp="187" pin="2"/><net_sink comp="193" pin=0"/></net>

<net id="198"><net_src comp="161" pin="3"/><net_sink comp="193" pin=1"/></net>

<net id="204"><net_src comp="28" pin="0"/><net_sink comp="199" pin=0"/></net>

<net id="205"><net_src comp="193" pin="2"/><net_sink comp="199" pin=1"/></net>

<net id="206"><net_src comp="30" pin="0"/><net_sink comp="199" pin=2"/></net>

<net id="212"><net_src comp="16" pin="0"/><net_sink comp="207" pin=0"/></net>

<net id="213"><net_src comp="150" pin="1"/><net_sink comp="207" pin=1"/></net>

<net id="214"><net_src comp="26" pin="0"/><net_sink comp="207" pin=2"/></net>

<net id="220"><net_src comp="28" pin="0"/><net_sink comp="215" pin=0"/></net>

<net id="221"><net_src comp="207" pin="3"/><net_sink comp="215" pin=1"/></net>

<net id="222"><net_src comp="30" pin="0"/><net_sink comp="215" pin=2"/></net>

<net id="227"><net_src comp="199" pin="3"/><net_sink comp="223" pin=0"/></net>

<net id="228"><net_src comp="215" pin="3"/><net_sink comp="223" pin=1"/></net>

<net id="234"><net_src comp="16" pin="0"/><net_sink comp="229" pin=0"/></net>

<net id="235"><net_src comp="223" pin="2"/><net_sink comp="229" pin=1"/></net>

<net id="236"><net_src comp="26" pin="0"/><net_sink comp="229" pin=2"/></net>

<net id="243"><net_src comp="32" pin="0"/><net_sink comp="237" pin=0"/></net>

<net id="244"><net_src comp="150" pin="1"/><net_sink comp="237" pin=1"/></net>

<net id="245"><net_src comp="8" pin="0"/><net_sink comp="237" pin=2"/></net>

<net id="246"><net_src comp="34" pin="0"/><net_sink comp="237" pin=3"/></net>

<net id="253"><net_src comp="36" pin="0"/><net_sink comp="247" pin=0"/></net>

<net id="254"><net_src comp="150" pin="1"/><net_sink comp="247" pin=1"/></net>

<net id="255"><net_src comp="38" pin="0"/><net_sink comp="247" pin=2"/></net>

<net id="256"><net_src comp="40" pin="0"/><net_sink comp="247" pin=3"/></net>

<net id="260"><net_src comp="237" pin="4"/><net_sink comp="257" pin=0"/></net>

<net id="266"><net_src comp="42" pin="0"/><net_sink comp="261" pin=0"/></net>

<net id="267"><net_src comp="237" pin="4"/><net_sink comp="261" pin=1"/></net>

<net id="268"><net_src comp="10" pin="0"/><net_sink comp="261" pin=2"/></net>

<net id="273"><net_src comp="261" pin="3"/><net_sink comp="269" pin=0"/></net>

<net id="274"><net_src comp="257" pin="1"/><net_sink comp="269" pin=1"/></net>

<net id="278"><net_src comp="247" pin="4"/><net_sink comp="275" pin=0"/></net>

<net id="283"><net_src comp="269" pin="2"/><net_sink comp="279" pin=0"/></net>

<net id="284"><net_src comp="275" pin="1"/><net_sink comp="279" pin=1"/></net>

<net id="288"><net_src comp="279" pin="2"/><net_sink comp="285" pin=0"/></net>

<net id="289"><net_src comp="285" pin="1"/><net_sink comp="117" pin=2"/></net>

<net id="302"><net_src comp="290" pin="1"/><net_sink comp="299" pin=0"/></net>

<net id="308"><net_src comp="28" pin="0"/><net_sink comp="303" pin=0"/></net>

<net id="309"><net_src comp="303" pin="3"/><net_sink comp="96" pin=2"/></net>

<net id="314"><net_src comp="64" pin="0"/><net_sink comp="310" pin=1"/></net>

<net id="319"><net_src comp="66" pin="0"/><net_sink comp="315" pin=1"/></net>

<net id="324"><net_src comp="315" pin="2"/><net_sink comp="320" pin=0"/></net>

<net id="325"><net_src comp="124" pin="3"/><net_sink comp="320" pin=1"/></net>

<net id="330"><net_src comp="320" pin="2"/><net_sink comp="326" pin=0"/></net>

<net id="331"><net_src comp="310" pin="2"/><net_sink comp="326" pin=1"/></net>

<net id="337"><net_src comp="326" pin="2"/><net_sink comp="332" pin=0"/></net>

<net id="338"><net_src comp="296" pin="1"/><net_sink comp="332" pin=1"/></net>

<net id="339"><net_src comp="332" pin="3"/><net_sink comp="103" pin=2"/></net>

<net id="345"><net_src comp="326" pin="2"/><net_sink comp="340" pin=0"/></net>

<net id="346"><net_src comp="293" pin="1"/><net_sink comp="340" pin=1"/></net>

<net id="347"><net_src comp="340" pin="3"/><net_sink comp="110" pin=2"/></net>

<net id="352"><net_src comp="299" pin="1"/><net_sink comp="348" pin=0"/></net>

<net id="353"><net_src comp="68" pin="0"/><net_sink comp="348" pin=1"/></net>

<net id="357"><net_src comp="348" pin="2"/><net_sink comp="354" pin=0"/></net>

<net id="363"><net_src comp="70" pin="0"/><net_sink comp="358" pin=0"/></net>

<net id="364"><net_src comp="348" pin="2"/><net_sink comp="358" pin=1"/></net>

<net id="365"><net_src comp="34" pin="0"/><net_sink comp="358" pin=2"/></net>

<net id="370"><net_src comp="358" pin="3"/><net_sink comp="366" pin=0"/></net>

<net id="371"><net_src comp="72" pin="0"/><net_sink comp="366" pin=1"/></net>

<net id="376"><net_src comp="326" pin="2"/><net_sink comp="372" pin=0"/></net>

<net id="377"><net_src comp="366" pin="2"/><net_sink comp="372" pin=1"/></net>

<net id="382"><net_src comp="332" pin="3"/><net_sink comp="378" pin=0"/></net>

<net id="387"><net_src comp="340" pin="3"/><net_sink comp="383" pin=0"/></net>

<net id="392"><net_src comp="303" pin="3"/><net_sink comp="388" pin=0"/></net>

<net id="397"><net_src comp="354" pin="1"/><net_sink comp="393" pin=0"/></net>

<net id="401"><net_src comp="80" pin="1"/><net_sink comp="398" pin=0"/></net>

<net id="402"><net_src comp="398" pin="1"/><net_sink comp="145" pin=1"/></net>

<net id="403"><net_src comp="398" pin="1"/><net_sink comp="290" pin=0"/></net>

<net id="404"><net_src comp="398" pin="1"/><net_sink comp="393" pin=1"/></net>

<net id="408"><net_src comp="84" pin="1"/><net_sink comp="405" pin=0"/></net>

<net id="409"><net_src comp="405" pin="1"/><net_sink comp="140" pin=1"/></net>

<net id="410"><net_src comp="405" pin="1"/><net_sink comp="150" pin=0"/></net>

<net id="411"><net_src comp="405" pin="1"/><net_sink comp="388" pin=1"/></net>

<net id="415"><net_src comp="88" pin="1"/><net_sink comp="412" pin=0"/></net>

<net id="416"><net_src comp="412" pin="1"/><net_sink comp="135" pin=1"/></net>

<net id="417"><net_src comp="412" pin="1"/><net_sink comp="293" pin=0"/></net>

<net id="418"><net_src comp="412" pin="1"/><net_sink comp="383" pin=1"/></net>

<net id="422"><net_src comp="92" pin="1"/><net_sink comp="419" pin=0"/></net>

<net id="423"><net_src comp="419" pin="1"/><net_sink comp="130" pin=1"/></net>

<net id="424"><net_src comp="419" pin="1"/><net_sink comp="296" pin=0"/></net>

<net id="425"><net_src comp="419" pin="1"/><net_sink comp="378" pin=1"/></net>

<net id="429"><net_src comp="177" pin="4"/><net_sink comp="426" pin=0"/></net>

<net id="430"><net_src comp="426" pin="1"/><net_sink comp="303" pin=2"/></net>

<net id="434"><net_src comp="229" pin="3"/><net_sink comp="431" pin=0"/></net>

<net id="435"><net_src comp="431" pin="1"/><net_sink comp="303" pin=1"/></net>

<net id="439"><net_src comp="237" pin="4"/><net_sink comp="436" pin=0"/></net>

<net id="440"><net_src comp="436" pin="1"/><net_sink comp="310" pin=0"/></net>

<net id="441"><net_src comp="436" pin="1"/><net_sink comp="340" pin=2"/></net>

<net id="445"><net_src comp="247" pin="4"/><net_sink comp="442" pin=0"/></net>

<net id="446"><net_src comp="442" pin="1"/><net_sink comp="315" pin=0"/></net>

<net id="447"><net_src comp="442" pin="1"/><net_sink comp="332" pin=2"/></net>

<net id="451"><net_src comp="117" pin="3"/><net_sink comp="448" pin=0"/></net>

<net id="452"><net_src comp="448" pin="1"/><net_sink comp="124" pin=0"/></net>

</net_list>

</model> 
---------------- Datapath Model END ------------------

* FSMD analyzer results:
  - Output states:
	Port: or_ln_out | {2 }
	Port: r_5_out | {2 }
	Port: c_6_out | {2 }
 - Input state : 
	Port: snake_top_Pipeline_VITIS_LOOP_27_1 : grid | {1 2 }
  - Chain level:
	State 1
		store_ln0 : 1
		store_ln0 : 1
		store_ln7 : 1
		store_ln27 : 1
		s_2 : 1
		tmp : 2
		tmp_6 : 2
		tmp_7 : 2
		lshr_ln : 2
		xor_ln14_3 : 3
		xor_ln14_2 : 3
		shl_ln : 3
		tmp_8 : 2
		and_ln : 3
		xor_ln14 : 4
		tmp_9 : 4
		c : 2
		r_1 : 2
		zext_ln31 : 3
		p_shl : 3
		sub_ln31 : 4
		zext_ln31_3 : 3
		add_ln31 : 5
		zext_ln31_4 : 6
		grid_addr : 7
		grid_load : 8
	State 2
		zext_ln27 : 1
		or_ln31 : 1
		or_ln31_1 : 1
		r : 1
		c_2 : 1
		attempt_4 : 2
		trunc_ln27 : 3
		tmp_10 : 3
		xor_ln27 : 4
		or_cond5_i : 4
		store_ln31 : 2
		store_ln31 : 2
		store_ln7 : 1
		store_ln27 : 4
		br_ln31 : 4
		write_ln14 : 1
		write_ln31 : 2
		write_ln31 : 2


============================================================
+ Verbose Summary: Datapath Resource usage 
============================================================

* Functional unit list:
|----------|-------------------------|---------|---------|
| Operation|     Functional Unit     |    FF   |   LUT   |
|----------|-------------------------|---------|---------|
|   icmp   |     icmp_ln31_fu_310    |    0    |    13   |
|          |    icmp_ln31_1_fu_315   |    0    |    13   |
|----------|-------------------------|---------|---------|
|          |    xor_ln14_3_fu_187    |    0    |    2    |
|    xor   |    xor_ln14_2_fu_193    |    0    |    2    |
|          |     xor_ln14_fu_223     |    0    |    16   |
|          |     xor_ln27_fu_366     |    0    |    2    |
|----------|-------------------------|---------|---------|
|    add   |     add_ln31_fu_279     |    0    |    9    |
|          |     attempt_4_fu_348    |    0    |    13   |
|----------|-------------------------|---------|---------|
|    sub   |     sub_ln31_fu_269     |    0    |    9    |
|----------|-------------------------|---------|---------|
|  select  |         r_fu_332        |    0    |    4    |
|          |        c_2_fu_340       |    0    |    5    |
|----------|-------------------------|---------|---------|
|    or    |      or_ln31_fu_320     |    0    |    2    |
|          |     or_ln31_1_fu_326    |    0    |    2    |
|----------|-------------------------|---------|---------|
|    and   |    or_cond5_i_fu_372    |    0    |    2    |
|----------|-------------------------|---------|---------|
|          |  write_ln14_write_fu_96 |    0    |    0    |
|   write  | write_ln31_write_fu_103 |    0    |    0    |
|          | write_ln31_write_fu_110 |    0    |    0    |
|----------|-------------------------|---------|---------|
|          |        tmp_fu_153       |    0    |    0    |
|          |       tmp_6_fu_161      |    0    |    0    |
| bitselect|       tmp_7_fu_169      |    0    |    0    |
|          |       tmp_8_fu_207      |    0    |    0    |
|          |       tmp_9_fu_229      |    0    |    0    |
|          |      tmp_10_fu_358      |    0    |    0    |
|----------|-------------------------|---------|---------|
|          |      lshr_ln_fu_177     |    0    |    0    |
|partselect|         c_fu_237        |    0    |    0    |
|          |        r_1_fu_247       |    0    |    0    |
|----------|-------------------------|---------|---------|
|          |      shl_ln_fu_199      |    0    |    0    |
|bitconcatenate|      and_ln_fu_215      |    0    |    0    |
|          |       p_shl_fu_261      |    0    |    0    |
|          |       or_ln_fu_303      |    0    |    0    |
|----------|-------------------------|---------|---------|
|          |     zext_ln31_fu_257    |    0    |    0    |
|   zext   |    zext_ln31_3_fu_275   |    0    |    0    |
|          |    zext_ln31_4_fu_285   |    0    |    0    |
|          |     zext_ln27_fu_299    |    0    |    0    |
|----------|-------------------------|---------|---------|
|   trunc  |    trunc_ln27_fu_354    |    0    |    0    |
|----------|-------------------------|---------|---------|
|   Total  |                         |    0    |    94   |
|----------|-------------------------|---------|---------|

Memories:
N/A

* Register list:
+----------------------+--------+
|                      |   FF   |
+----------------------+--------+
|    attempt_reg_398   |    5   |
|       c_reg_436      |    5   |
|conv2_i_i186_i_reg_412|    5   |
| conv2_i_i8_i_reg_419 |    4   |
|   grid_addr_reg_448  |    9   |
|    lshr_ln_reg_426   |   15   |
|      r_1_reg_442     |    4   |
|       s_reg_405      |   16   |
|     tmp_9_reg_431    |    1   |
+----------------------+--------+
|         Total        |   64   |
+----------------------+--------+

* Multiplexer (MUX) list: 
|-------------------|------|------|------|--------||---------||---------||---------|
|        Comp       |  Pin | Size |  BW  | S x BW ||  Delay  ||    FF   ||   LUT   |
|-------------------|------|------|------|--------||---------||---------||---------|
| grp_access_fu_124 |  p0  |   2  |   9  |   18   ||    0    ||    9    |
|-------------------|------|------|------|--------||---------||---------||---------|
|       Total       |      |      |      |   18   ||  1.588  ||    0    ||    9    |
|-------------------|------|------|------|--------||---------||---------||---------|



* Summary:
+-----------+--------+--------+--------+
|           |  Delay |   FF   |   LUT  |
+-----------+--------+--------+--------+
|  Function |    -   |    0   |   94   |
|   Memory  |    -   |    -   |    -   |
|Multiplexer|    1   |    0   |    9   |
|  Register |    -   |   64   |    -   |
+-----------+--------+--------+--------+
|   Total   |    1   |   64   |   103  |
+-----------+--------+--------+--------+
