C:\Users\aniko\OneDrive\Desktop\ECE554\capstone\snake_hls\snake_hls\snake_top\hls\.autopilot\db\snake.pp.0.cpp:2256:5: remark: Added loop label VITIS_LOOP_676_1:   [xilinx-label-all-loops]
    for (unsigned i = low; i != high+1; ++i) {
    ^
    VITIS_LOOP_676_1: 
C:\Users\aniko\OneDrive\Desktop\ECE554\capstone\snake_hls\snake_hls\snake_top\hls\.autopilot\db\snake.pp.0.cpp:2256:5: note: FIX-IT applied suggested code changes
C:\Users\aniko\OneDrive\Desktop\ECE554\capstone\snake_hls\snake_hls\snake_top\hls\.autopilot\db\snake.pp.0.cpp:2270:5: remark: Added loop label VITIS_LOOP_690_1:   [xilinx-label-all-loops]
    for (unsigned i = low; i != high+1; ++i) {
    ^
    VITIS_LOOP_690_1: 
C:\Users\aniko\OneDrive\Desktop\ECE554\capstone\snake_hls\snake_hls\snake_top\hls\.autopilot\db\snake.pp.0.cpp:2270:5: note: FIX-IT applied suggested code changes
C:\Users\aniko\OneDrive\Desktop\ECE554\capstone\snake_hls\snake_hls\snake_top\hls\.autopilot\db\snake.pp.0.cpp:2284:5: remark: Added loop label VITIS_LOOP_704_1:   [xilinx-label-all-loops]
    for (unsigned i = low; i != high+1; ++i) {
    ^
    VITIS_LOOP_704_1: 
C:\Users\aniko\OneDrive\Desktop\ECE554\capstone\snake_hls\snake_hls\snake_top\hls\.autopilot\db\snake.pp.0.cpp:2284:5: note: FIX-IT applied suggested code changes
C:\Users\aniko\OneDrive\Desktop\ECE554\capstone\snake_hls\snake_hls\snake_top\hls\.autopilot\db\snake.pp.0.cpp:5804:7: remark: Added loop label VITIS_LOOP_1251_1:   [xilinx-label-all-loops]
      for (i = 0; i < __N - 1; ++i) {
      ^
      VITIS_LOOP_1251_1: 
C:\Users\aniko\OneDrive\Desktop\ECE554\capstone\snake_hls\snake_hls\snake_top\hls\.autopilot\db\snake.pp.0.cpp:5804:7: note: FIX-IT applied suggested code changes
C:\Users\aniko\OneDrive\Desktop\ECE554\capstone\snake_hls\snake_hls\snake_top\hls\.autopilot\db\snake.pp.0.cpp:49541:5: remark: Added loop label VITIS_LOOP_27_1:   [xilinx-label-all-loops]
    for (int attempt = 0; attempt < 32; attempt++) {
    ^
    VITIS_LOOP_27_1: 
C:\Users\aniko\OneDrive\Desktop\ECE554\capstone\snake_hls\snake_hls\snake_top\hls\.autopilot\db\snake.pp.0.cpp:49541:5: note: FIX-IT applied suggested code changes
C:\Users\aniko\OneDrive\Desktop\ECE554\capstone\snake_hls\snake_hls\snake_top\hls\.autopilot\db\snake.pp.0.cpp:49583:9: remark: Added loop label VITIS_LOOP_73_1:   [xilinx-label-all-loops]
        for (int c = 0; c < 20; c++)
        ^
        VITIS_LOOP_73_1: 
C:\Users\aniko\OneDrive\Desktop\ECE554\capstone\snake_hls\snake_hls\snake_top\hls\.autopilot\db\snake.pp.0.cpp:49583:9: note: FIX-IT applied suggested code changes
C:\Users\aniko\OneDrive\Desktop\ECE554\capstone\snake_hls\snake_hls\snake_top\hls\.autopilot\db\snake.pp.0.cpp:49584:13: remark: Added loop label VITIS_LOOP_74_2:   [xilinx-label-all-loops]
            for (int r = 0; r < 15; r++)
            ^
            VITIS_LOOP_74_2: 
C:\Users\aniko\OneDrive\Desktop\ECE554\capstone\snake_hls\snake_hls\snake_top\hls\.autopilot\db\snake.pp.0.cpp:49584:13: note: FIX-IT applied suggested code changes
C:\Users\aniko\OneDrive\Desktop\ECE554\capstone\snake_hls\snake_hls\snake_top\hls\.autopilot\db\snake.pp.0.cpp:49595:9: remark: Added loop label VITIS_LOOP_85_3:   [xilinx-label-all-loops]
        for (int i = 0; i < 3; i++) {
        ^
        VITIS_LOOP_85_3: 
C:\Users\aniko\OneDrive\Desktop\ECE554\capstone\snake_hls\snake_hls\snake_top\hls\.autopilot\db\snake.pp.0.cpp:49595:9: note: FIX-IT applied suggested code changes
C:\Users\aniko\OneDrive\Desktop\ECE554\capstone\snake_hls\snake_hls\snake_top\hls\.autopilot\db\snake.pp.0.cpp:49604:9: remark: Added loop label VITIS_LOOP_94_4:   [xilinx-label-all-loops]
        for (int i = 3; i < (20 * 15); i++) {
        ^
        VITIS_LOOP_94_4: 
C:\Users\aniko\OneDrive\Desktop\ECE554\capstone\snake_hls\snake_hls\snake_top\hls\.autopilot\db\snake.pp.0.cpp:49604:9: note: FIX-IT applied suggested code changes
C:\Users\aniko\OneDrive\Desktop\ECE554\capstone\snake_hls\snake_hls\snake_top\hls\.autopilot\db\snake.pp.0.cpp:49717:21: remark: Added loop label VITIS_LOOP_207_5:   [xilinx-label-all-loops]
                    for (int i = (20 * 15) - 1; i > 0; i--) {
                    ^
                    VITIS_LOOP_207_5: 
C:\Users\aniko\OneDrive\Desktop\ECE554\capstone\snake_hls\snake_hls\snake_top\hls\.autopilot\db\snake.pp.0.cpp:49717:21: note: FIX-IT applied suggested code changes
