

================================================================
== Vitis HLS Report for 'snake_top_Pipeline_VITIS_LOOP_207_5'
================================================================
* Date:           Sat Mar 21 02:24:10 2026

* Version:        2025.2 (Build 6295257 on Nov 12 2025)
* Project:        snake_top
* Solution:       hls (Vivado IP Flow Target)
* Product family: zynq
* Target device:  xc7z010-clg225-1


================================================================
== Performance Estimates
================================================================
+ Timing: 
    * Summary: 
    +--------+----------+----------+------------+
    |  Clock |  Target  | Estimated| Uncertainty|
    +--------+----------+----------+------------+
    |ap_clk  |  25.00 ns|  6.665 ns|     6.75 ns|
    +--------+----------+----------+------------+

+ Latency: 
    * Summary: 
    +---------+---------+----------+----------+-----+-----+-------------------+
    |  Latency (cycles) |  Latency (absolute) |  Interval |      Pipeline     |
    |   min   |   max   |    min   |    max   | min | max |        Type       |
    +---------+---------+----------+----------+-----+-----+-------------------+
    |      301|      301|  7.525 us|  7.525 us|    0|    0|  loop pipeline stp|
    +---------+---------+----------+----------+-----+-----+-------------------+

    + Detail: 
        * Instance: 
        N/A

        * Loop: 
        +--------------------+---------+---------+----------+-----------+-----------+------+----------+
        |                    |  Latency (cycles) | Iteration|  Initiation Interval  | Trip |          |
        |      Loop Name     |   min   |   max   |  Latency |  achieved |   target  | Count| Pipelined|
        +--------------------+---------+---------+----------+-----------+-----------+------+----------+
        |- VITIS_LOOP_207_5  |      299|      299|         2|          1|          1|   299|       yes|
        +--------------------+---------+---------+----------+-----------+-----------+------+----------+

============================================================
+ Verbose Summary: Synthesis Manager
============================================================
InlineROM: 1
ExposeGlobal: 0
============================================================
+ Verbose Summary: CDFG Model
============================================================
IsTopModel: 0
ResetActiveHigh: 1
IsCombinational: 0
IsDatapathOnly: 0
HasWiredReturn: 1
HasMFsm: 2
HasVarLatency: 1
IsPipeline: 0
IsRtlPipelined: 0
IsInstanceOverlapped: 0
IsDontTouch: 0
HasImplIP: 0
IsGatedGlobalClock: 0

+ Individual pipeline summary: 
  * Pipeline-0: initiation interval (II) = 1, depth = 2


============================================================
+ Verbose Summary: Schedule
============================================================
* Number of FSM states : 2
* Pipeline : 1
  Pipeline-0 : II = 1, D = 2, States = { 1 2 }
* Dataflow Pipeline: 0

* FSM state transitions: 
1 --> 2 
2 --> 

* FSM state operations: 

State 1 <SV = 0> <Delay = 6.66>
ST_1 : Operation 5 [1/1] (0.00ns)   --->   "%i_3 = alloca i32 1" [../snake.cpp:207]   --->   Operation 5 'alloca' 'i_3' <Predicate = true> <Delay = 0.00>
ST_1 : Operation 6 [1/1] (0.00ns)   --->   "%new_len_2_read = read i9 @_ssdm_op_Read.ap_auto.i9, i9 %new_len_2"   --->   Operation 6 'read' 'new_len_2_read' <Predicate = true> <Delay = 0.00>
ST_1 : Operation 7 [1/1] (1.58ns)   --->   "%store_ln207 = store i9 299, i9 %i_3" [../snake.cpp:207]   --->   Operation 7 'store' 'store_ln207' <Predicate = true> <Delay = 1.58>
ST_1 : Operation 8 [1/1] (0.00ns)   --->   "%br_ln0 = br void %for.body220"   --->   Operation 8 'br' 'br_ln0' <Predicate = true> <Delay = 0.00>
ST_1 : Operation 9 [1/1] (0.00ns)   --->   "%i = load i9 %i_3" [../snake.cpp:207]   --->   Operation 9 'load' 'i' <Predicate = true> <Delay = 0.00>
ST_1 : Operation 10 [1/1] (1.82ns)   --->   "%icmp_ln207 = icmp_eq  i9 %i, i9 0" [../snake.cpp:207]   --->   Operation 10 'icmp' 'icmp_ln207' <Predicate = true> <Delay = 1.82> <CoreInst = "Cmp">   --->   Core 9 'Cmp' <Latency = 0> <II = 1> <Delay = 1.82> <FuncUnit> <Opcode : 'seteq' 'setne' 'setle' 'setge' 'setlt' 'setgt'> <InPorts = 2> <OutPorts = 1>
ST_1 : Operation 11 [1/1] (0.00ns)   --->   "%br_ln207 = br i1 %icmp_ln207, void %for.body220.split, void %for.end231.exitStub" [../snake.cpp:207]   --->   Operation 11 'br' 'br_ln207' <Predicate = true> <Delay = 0.00>
ST_1 : Operation 12 [1/1] (1.82ns)   --->   "%icmp_ln208 = icmp_ult  i9 %i, i9 %new_len_2_read" [../snake.cpp:208]   --->   Operation 12 'icmp' 'icmp_ln208' <Predicate = (!icmp_ln207)> <Delay = 1.82> <CoreInst = "Cmp">   --->   Core 9 'Cmp' <Latency = 0> <II = 1> <Delay = 1.82> <FuncUnit> <Opcode : 'seteq' 'setne' 'setle' 'setge' 'setlt' 'setgt'> <InPorts = 2> <OutPorts = 1>
ST_1 : Operation 13 [1/1] (1.82ns)   --->   "%i_4 = add i9 %i, i9 511" [../snake.cpp:207]   --->   Operation 13 'add' 'i_4' <Predicate = (!icmp_ln207)> <Delay = 1.82> <CoreInst = "Adder">   --->   Core 1 'Adder' <Latency = 0> <II = 1> <Delay = 1.82> <FuncUnit> <Opcode : 'add' 'sub'> <InPorts = 2> <OutPorts = 1>
ST_1 : Operation 14 [1/1] (0.00ns)   --->   "%zext_ln208 = zext i9 %i_4" [../snake.cpp:208]   --->   Operation 14 'zext' 'zext_ln208' <Predicate = (!icmp_ln207)> <Delay = 0.00>
ST_1 : Operation 15 [1/1] (0.00ns)   --->   "%br_ln208 = br i1 %icmp_ln208, void %for.inc230, void %if.then223" [../snake.cpp:208]   --->   Operation 15 'br' 'br_ln208' <Predicate = (!icmp_ln207)> <Delay = 0.00>
ST_1 : Operation 16 [1/1] (0.00ns)   --->   "%st_body_col_addr = getelementptr i5 %st_body_col, i64 0, i64 %zext_ln208" [../snake.cpp:209]   --->   Operation 16 'getelementptr' 'st_body_col_addr' <Predicate = (!icmp_ln207 & icmp_ln208)> <Delay = 0.00>
ST_1 : Operation 17 [1/1] (0.00ns)   --->   "%st_body_row_addr = getelementptr i4 %st_body_row, i64 0, i64 %zext_ln208" [../snake.cpp:209]   --->   Operation 17 'getelementptr' 'st_body_row_addr' <Predicate = (!icmp_ln207 & icmp_ln208)> <Delay = 0.00>
ST_1 : Operation 18 [2/2] (3.25ns)   --->   "%st_body_col_load = load i9 %st_body_col_addr" [../snake.cpp:209]   --->   Operation 18 'load' 'st_body_col_load' <Predicate = (!icmp_ln207 & icmp_ln208)> <Delay = 3.25> <CoreInst = "RAM">   --->   Core 81 'RAM' <Latency = 1> <II = 1> <Delay = 3.25> <Storage> <Opcode : 'load' 'store'> <Ports = 2> <Width = 5> <Depth = 300> <RAM>
ST_1 : Operation 19 [2/2] (3.25ns)   --->   "%st_body_row_load = load i9 %st_body_row_addr" [../snake.cpp:209]   --->   Operation 19 'load' 'st_body_row_load' <Predicate = (!icmp_ln207 & icmp_ln208)> <Delay = 3.25> <CoreInst = "RAM">   --->   Core 81 'RAM' <Latency = 1> <II = 1> <Delay = 3.25> <Storage> <Opcode : 'load' 'store'> <Ports = 2> <Width = 4> <Depth = 300> <RAM>
ST_1 : Operation 20 [1/1] (1.58ns)   --->   "%store_ln207 = store i9 %i_4, i9 %i_3" [../snake.cpp:207]   --->   Operation 20 'store' 'store_ln207' <Predicate = (!icmp_ln207)> <Delay = 1.58>
ST_1 : Operation 21 [1/1] (0.00ns)   --->   "%br_ln207 = br void %for.body220" [../snake.cpp:207]   --->   Operation 21 'br' 'br_ln207' <Predicate = (!icmp_ln207)> <Delay = 0.00>
ST_1 : Operation 33 [1/1] (1.58ns)   --->   "%ret_ln0 = ret"   --->   Operation 33 'ret' 'ret_ln0' <Predicate = (icmp_ln207)> <Delay = 1.58>

State 2 <SV = 1> <Delay = 6.50>
ST_2 : Operation 22 [1/1] (0.00ns)   --->   "%zext_ln207 = zext i9 %i" [../snake.cpp:207]   --->   Operation 22 'zext' 'zext_ln207' <Predicate = true> <Delay = 0.00>
ST_2 : Operation 23 [1/1] (0.00ns)   --->   "%specpipeline_ln207 = specpipeline void @_ssdm_op_SpecPipeline, i32 4294967295, i32 0, i32 0, i32 0, i32 4294967295, void @empty_0" [../snake.cpp:207]   --->   Operation 23 'specpipeline' 'specpipeline_ln207' <Predicate = true> <Delay = 0.00>
ST_2 : Operation 24 [1/1] (0.00ns)   --->   "%speclooptripcount_ln207 = speclooptripcount void @_ssdm_op_SpecLoopTripCount, i64 299, i64 299, i64 299" [../snake.cpp:207]   --->   Operation 24 'speclooptripcount' 'speclooptripcount_ln207' <Predicate = true> <Delay = 0.00>
ST_2 : Operation 25 [1/1] (0.00ns)   --->   "%specloopname_ln207 = specloopname void @_ssdm_op_SpecLoopName, void @empty_3" [../snake.cpp:207]   --->   Operation 25 'specloopname' 'specloopname_ln207' <Predicate = true> <Delay = 0.00>
ST_2 : Operation 26 [1/1] (0.00ns)   --->   "%st_body_col_addr_1 = getelementptr i5 %st_body_col, i64 0, i64 %zext_ln207" [../snake.cpp:209]   --->   Operation 26 'getelementptr' 'st_body_col_addr_1' <Predicate = (icmp_ln208)> <Delay = 0.00>
ST_2 : Operation 27 [1/1] (0.00ns)   --->   "%st_body_row_addr_1 = getelementptr i4 %st_body_row, i64 0, i64 %zext_ln207" [../snake.cpp:209]   --->   Operation 27 'getelementptr' 'st_body_row_addr_1' <Predicate = (icmp_ln208)> <Delay = 0.00>
ST_2 : Operation 28 [1/2] ( I:3.25ns O:3.25ns )   --->   "%st_body_col_load = load i9 %st_body_col_addr" [../snake.cpp:209]   --->   Operation 28 'load' 'st_body_col_load' <Predicate = (icmp_ln208)> <Delay = 3.25> <CoreInst = "RAM">   --->   Core 81 'RAM' <Latency = 1> <II = 1> <Delay = 3.25> <Storage> <Opcode : 'load' 'store'> <Ports = 2> <Width = 5> <Depth = 300> <RAM>
ST_2 : Operation 29 [1/2] ( I:3.25ns O:3.25ns )   --->   "%st_body_row_load = load i9 %st_body_row_addr" [../snake.cpp:209]   --->   Operation 29 'load' 'st_body_row_load' <Predicate = (icmp_ln208)> <Delay = 3.25> <CoreInst = "RAM">   --->   Core 81 'RAM' <Latency = 1> <II = 1> <Delay = 3.25> <Storage> <Opcode : 'load' 'store'> <Ports = 2> <Width = 4> <Depth = 300> <RAM>
ST_2 : Operation 30 [1/1] ( I:3.25ns O:3.25ns )   --->   "%store_ln209 = store i5 %st_body_col_load, i9 %st_body_col_addr_1" [../snake.cpp:209]   --->   Operation 30 'store' 'store_ln209' <Predicate = (icmp_ln208)> <Delay = 3.25> <CoreInst = "RAM">   --->   Core 81 'RAM' <Latency = 1> <II = 1> <Delay = 3.25> <Storage> <Opcode : 'load' 'store'> <Ports = 2> <Width = 5> <Depth = 300> <RAM>
ST_2 : Operation 31 [1/1] ( I:3.25ns O:3.25ns )   --->   "%store_ln209 = store i4 %st_body_row_load, i9 %st_body_row_addr_1" [../snake.cpp:209]   --->   Operation 31 'store' 'store_ln209' <Predicate = (icmp_ln208)> <Delay = 3.25> <CoreInst = "RAM">   --->   Core 81 'RAM' <Latency = 1> <II = 1> <Delay = 3.25> <Storage> <Opcode : 'load' 'store'> <Ports = 2> <Width = 4> <Depth = 300> <RAM>
ST_2 : Operation 32 [1/1] (0.00ns)   --->   "%br_ln209 = br void %for.inc230" [../snake.cpp:209]   --->   Operation 32 'br' 'br_ln209' <Predicate = (icmp_ln208)> <Delay = 0.00>


============================================================
+ Verbose Summary: Timing violations
============================================================
Target clock period: 25.000ns, clock uncertainty: 6.750ns.

 <State 1>: 6.665ns
The critical path consists of the following:
	'store' operation ('store_ln207', ../snake.cpp:207) of constant 299 9 bit on local variable 'i', ../snake.cpp:207 [6]  (1.588 ns)
	'load' operation 9 bit ('i', ../snake.cpp:207) on local variable 'i', ../snake.cpp:207 [9]  (0.000 ns)
	'add' operation 9 bit ('i', ../snake.cpp:207) [18]  (1.823 ns)
	'getelementptr' operation 9 bit ('st_body_col_addr', ../snake.cpp:209) [22]  (0.000 ns)
	'load' operation 5 bit ('st_body_col_load', ../snake.cpp:209) on array 'st_body_col' [26]  (3.254 ns)

 <State 2>: 6.508ns
The critical path consists of the following:
	'load' operation 5 bit ('st_body_col_load', ../snake.cpp:209) on array 'st_body_col' [26]  (3.254 ns)
	'store' operation ('store_ln209', ../snake.cpp:209) of variable 'st_body_col_load', ../snake.cpp:209 5 bit on array 'st_body_col' [28]  (3.254 ns)


============================================================
+ Verbose Summary: Binding
============================================================
N/A
* FSMD analyzer results:
  - Output states:
 - Input state : 
  - Chain level:
	State 1
	State 2


============================================================
+ Verbose Summary: Datapath Resource usage 
============================================================
N/A
