

================================================================
== Vitis HLS Report for 'snake_top_Pipeline_VITIS_LOOP_85_3'
================================================================
* Date:           Sat Mar 21 02:24:13 2026

* Version:        2025.2 (Build 6295257 on Nov 12 2025)
* Project:        snake_top
* Solution:       hls (Vivado IP Flow Target)
* Product family: zynq
* Target device:  xc7z010-clg225-1


================================================================
== Performance Estimates
================================================================
+ Timing: 
    * Summary: 
    +--------+----------+----------+------------+
    |  Clock |  Target  | Estimated| Uncertainty|
    +--------+----------+----------+------------+
    |ap_clk  |  25.00 ns|  9.314 ns|     6.75 ns|
    +--------+----------+----------+------------+

+ Latency: 
    * Summary: 
    +---------+---------+----------+----------+-----+-----+-------------------+
    |  Latency (cycles) |  Latency (absolute) |  Interval |      Pipeline     |
    |   min   |   max   |    min   |    max   | min | max |        Type       |
    +---------+---------+----------+----------+-----+-----+-------------------+
    |        5|        5|  0.125 us|  0.125 us|    0|    0|  loop pipeline stp|
    +---------+---------+----------+----------+-----+-----+-------------------+

    + Detail: 
        * Instance: 
        N/A

        * Loop: 
        +-------------------+---------+---------+----------+-----------+-----------+------+----------+
        |                   |  Latency (cycles) | Iteration|  Initiation Interval  | Trip |          |
        |     Loop Name     |   min   |   max   |  Latency |  achieved |   target  | Count| Pipelined|
        +-------------------+---------+---------+----------+-----------+-----------+------+----------+
        |- VITIS_LOOP_85_3  |        3|        3|         1|          1|          1|     3|       yes|
        +-------------------+---------+---------+----------+-----------+-----------+------+----------+



================================================================
== Utilization Estimates
================================================================
* Summary: 
+-----------------+---------+----+-------+-------+-----+
|       Name      | BRAM_18K| DSP|   FF  |  LUT  | URAM|
+-----------------+---------+----+-------+-------+-----+
|DSP              |        -|   -|      -|      -|    -|
|Expression       |        -|   -|      0|     49|    -|
|FIFO             |        -|   -|      -|      -|    -|
|Instance         |        -|   -|      -|      -|    -|
|Memory           |        -|   -|      -|      -|    -|
|Multiplexer      |        -|   -|      0|     27|    -|
|Register         |        -|   -|      4|      -|    -|
+-----------------+---------+----+-------+-------+-----+
|Total            |        0|   0|      4|     76|    0|
+-----------------+---------+----+-------+-------+-----+
|Available        |      120|  80|  35200|  17600|    0|
+-----------------+---------+----+-------+-------+-----+
|Utilization (%)  |        0|   0|     ~0|     ~0|    0|
+-----------------+---------+----+-------+-------+-----+

+ Detail: 
    * Instance: 
    N/A

    * DSP: 
    N/A

    * Memory: 
    N/A

    * FIFO: 
    N/A

    * Expression: 
    +--------------------+----------+----+---+----+------------+------------+
    |    Variable Name   | Operation| DSP| FF| LUT| Bitwidth P0| Bitwidth P1|
    +--------------------+----------+----+---+----+------------+------------+
    |add_ln90_fu_148_p2  |         +|   0|  0|   8|           8|           3|
    |i_3_fu_103_p2       |         +|   0|  0|  10|           2|           1|
    |c_fu_119_p2         |         -|   0|  0|  13|           4|           4|
    |sub_ln90_fu_142_p2  |         -|   0|  0|   8|           8|           8|
    |icmp_ln85_fu_97_p2  |      icmp|   0|  0|  10|           2|           2|
    +--------------------+----------+----+---+----+------------+------------+
    |Total               |          |   0|  0|  49|          24|          18|
    +--------------------+----------+----+---+----+------------+------------+

    * Multiplexer: 
    +----------------------+----+-----------+-----+-----------+
    |         Name         | LUT| Input Size| Bits| Total Bits|
    +----------------------+----+-----------+-----+-----------+
    |ap_done_int           |   9|          2|    1|          2|
    |ap_sig_allocacmp_i_2  |   9|          2|    2|          4|
    |i_fu_44               |   9|          2|    2|          4|
    +----------------------+----+-----------+-----+-----------+
    |Total                 |  27|          6|    5|         10|
    +----------------------+----+-----------+-----+-----------+

    * Register: 
    +-------------+---+----+-----+-----------+
    |     Name    | FF| LUT| Bits| Const Bits|
    +-------------+---+----+-----+-----------+
    |ap_CS_fsm    |  1|   0|    1|          0|
    |ap_done_reg  |  1|   0|    1|          0|
    |i_fu_44      |  2|   0|    2|          0|
    +-------------+---+----+-----+-----------+
    |Total        |  4|   0|    4|          0|
    +-------------+---+----+-----+-----------+



================================================================
== Interface
================================================================
* Summary: 
+----------------------+-----+-----+------------+------------------------------------+--------------+
|       RTL Ports      | Dir | Bits|  Protocol  |            Source Object           |    C Type    |
+----------------------+-----+-----+------------+------------------------------------+--------------+
|ap_clk                |   in|    1|  ap_ctrl_hs|  snake_top_Pipeline_VITIS_LOOP_85_3|  return value|
|ap_rst                |   in|    1|  ap_ctrl_hs|  snake_top_Pipeline_VITIS_LOOP_85_3|  return value|
|ap_start              |   in|    1|  ap_ctrl_hs|  snake_top_Pipeline_VITIS_LOOP_85_3|  return value|
|ap_done               |  out|    1|  ap_ctrl_hs|  snake_top_Pipeline_VITIS_LOOP_85_3|  return value|
|ap_idle               |  out|    1|  ap_ctrl_hs|  snake_top_Pipeline_VITIS_LOOP_85_3|  return value|
|ap_ready              |  out|    1|  ap_ctrl_hs|  snake_top_Pipeline_VITIS_LOOP_85_3|  return value|
|st_body_col_address0  |  out|    9|   ap_memory|                         st_body_col|         array|
|st_body_col_ce0       |  out|    1|   ap_memory|                         st_body_col|         array|
|st_body_col_we0       |  out|    1|   ap_memory|                         st_body_col|         array|
|st_body_col_d0        |  out|    5|   ap_memory|                         st_body_col|         array|
|st_body_row_address0  |  out|    9|   ap_memory|                         st_body_row|         array|
|st_body_row_ce0       |  out|    1|   ap_memory|                         st_body_row|         array|
|st_body_row_we0       |  out|    1|   ap_memory|                         st_body_row|         array|
|st_body_row_d0        |  out|    4|   ap_memory|                         st_body_row|         array|
|grid_address0         |  out|    9|   ap_memory|                                grid|         array|
|grid_ce0              |  out|    1|   ap_memory|                                grid|         array|
|grid_we0              |  out|    1|   ap_memory|                                grid|         array|
|grid_d0               |  out|    1|   ap_memory|                                grid|         array|
+----------------------+-----+-----+------------+------------------------------------+--------------+

============================================================
+ Verbose Summary: Synthesis Manager
============================================================
InlineROM: 1
ExposeGlobal: 0
============================================================
+ Verbose Summary: CDFG Model
============================================================
IsTopModel: 0
ResetActiveHigh: 1
IsCombinational: 2
IsDatapathOnly: 2
HasWiredReturn: 1
HasMFsm: 2
HasVarLatency: 1
IsPipeline: 0
IsRtlPipelined: 0
IsInstanceOverlapped: 0
IsDontTouch: 0
HasImplIP: 0
IsGatedGlobalClock: 0

+ Individual pipeline summary: 
  * Pipeline-0: initiation interval (II) = 1, depth = 1


============================================================
+ Verbose Summary: Schedule
============================================================
* Number of FSM states : 1
* Pipeline : 1
  Pipeline-0 : II = 1, D = 1, States = { 1 }
* Dataflow Pipeline: 0

* FSM state transitions: 
1 --> 

* FSM state operations: 

State 1 <SV = 0> <Delay = 9.31>
ST_1 : Operation 4 [1/1] (0.00ns)   --->   "%i = alloca i32 1" [../snake.cpp:85]   --->   Operation 4 'alloca' 'i' <Predicate = true> <Delay = 0.00>
ST_1 : Operation 5 [1/1] (1.58ns)   --->   "%store_ln85 = store i2 0, i2 %i" [../snake.cpp:85]   --->   Operation 5 'store' 'store_ln85' <Predicate = true> <Delay = 1.58>
ST_1 : Operation 6 [1/1] (0.00ns)   --->   "%br_ln0 = br void %for.inc31"   --->   Operation 6 'br' 'br_ln0' <Predicate = true> <Delay = 0.00>
ST_1 : Operation 7 [1/1] (0.00ns)   --->   "%i_2 = load i2 %i" [../snake.cpp:85]   --->   Operation 7 'load' 'i_2' <Predicate = true> <Delay = 0.00>
ST_1 : Operation 8 [1/1] (1.56ns)   --->   "%icmp_ln85 = icmp_eq  i2 %i_2, i2 3" [../snake.cpp:85]   --->   Operation 8 'icmp' 'icmp_ln85' <Predicate = true> <Delay = 1.56> <CoreInst = "Cmp">   --->   Core 9 'Cmp' <Latency = 0> <II = 1> <Delay = 1.56> <FuncUnit> <Opcode : 'seteq' 'setne' 'setle' 'setge' 'setlt' 'setgt'> <InPorts = 2> <OutPorts = 1>
ST_1 : Operation 9 [1/1] (1.56ns)   --->   "%i_3 = add i2 %i_2, i2 1" [../snake.cpp:85]   --->   Operation 9 'add' 'i_3' <Predicate = true> <Delay = 1.56> <CoreInst = "Adder">   --->   Core 1 'Adder' <Latency = 0> <II = 1> <Delay = 1.56> <FuncUnit> <Opcode : 'add' 'sub'> <InPorts = 2> <OutPorts = 1>
ST_1 : Operation 10 [1/1] (0.00ns)   --->   "%br_ln85 = br i1 %icmp_ln85, void %for.inc31.split, void %for.inc47.preheader.exitStub" [../snake.cpp:85]   --->   Operation 10 'br' 'br_ln85' <Predicate = true> <Delay = 0.00>
ST_1 : Operation 11 [1/1] (0.00ns)   --->   "%zext_ln85 = zext i2 %i_2" [../snake.cpp:85]   --->   Operation 11 'zext' 'zext_ln85' <Predicate = (!icmp_ln85)> <Delay = 0.00>
ST_1 : Operation 12 [1/1] (0.00ns)   --->   "%specpipeline_ln85 = specpipeline void @_ssdm_op_SpecPipeline, i32 4294967295, i32 0, i32 0, i32 0, i32 4294967295, void @empty_0" [../snake.cpp:85]   --->   Operation 12 'specpipeline' 'specpipeline_ln85' <Predicate = (!icmp_ln85)> <Delay = 0.00>
ST_1 : Operation 13 [1/1] (0.00ns)   --->   "%speclooptripcount_ln85 = speclooptripcount void @_ssdm_op_SpecLoopTripCount, i64 3, i64 3, i64 3" [../snake.cpp:85]   --->   Operation 13 'speclooptripcount' 'speclooptripcount_ln85' <Predicate = (!icmp_ln85)> <Delay = 0.00>
ST_1 : Operation 14 [1/1] (0.00ns)   --->   "%specloopname_ln85 = specloopname void @_ssdm_op_SpecLoopName, void @empty_5" [../snake.cpp:85]   --->   Operation 14 'specloopname' 'specloopname_ln85' <Predicate = (!icmp_ln85)> <Delay = 0.00>
ST_1 : Operation 15 [1/1] (0.00ns)   --->   "%zext_ln86 = zext i2 %i_2" [../snake.cpp:86]   --->   Operation 15 'zext' 'zext_ln86' <Predicate = (!icmp_ln85)> <Delay = 0.00>
ST_1 : Operation 16 [1/1] (1.73ns)   --->   "%c = sub i4 10, i4 %zext_ln86" [../snake.cpp:86]   --->   Operation 16 'sub' 'c' <Predicate = (!icmp_ln85)> <Delay = 1.73> <CoreInst = "Adder">   --->   Core 1 'Adder' <Latency = 0> <II = 1> <Delay = 1.73> <FuncUnit> <Opcode : 'add' 'sub'> <InPorts = 2> <OutPorts = 1>
ST_1 : Operation 17 [1/1] (0.00ns)   --->   "%zext_ln86_1 = zext i4 %c" [../snake.cpp:86]   --->   Operation 17 'zext' 'zext_ln86_1' <Predicate = (!icmp_ln85)> <Delay = 0.00>
ST_1 : Operation 18 [1/1] (0.00ns)   --->   "%st_body_col_addr = getelementptr i5 %st_body_col, i64 0, i64 %zext_ln85" [../snake.cpp:88]   --->   Operation 18 'getelementptr' 'st_body_col_addr' <Predicate = (!icmp_ln85)> <Delay = 0.00>
ST_1 : Operation 19 [1/1] ( I:3.25ns O:3.25ns )   --->   "%store_ln88 = store i5 %zext_ln86_1, i9 %st_body_col_addr" [../snake.cpp:88]   --->   Operation 19 'store' 'store_ln88' <Predicate = (!icmp_ln85)> <Delay = 3.25> <CoreInst = "RAM">   --->   Core 81 'RAM' <Latency = 1> <II = 1> <Delay = 3.25> <Storage> <Opcode : 'load' 'store'> <Ports = 2> <Width = 5> <Depth = 300> <RAM>
ST_1 : Operation 20 [1/1] (0.00ns)   --->   "%st_body_row_addr = getelementptr i4 %st_body_row, i64 0, i64 %zext_ln85" [../snake.cpp:89]   --->   Operation 20 'getelementptr' 'st_body_row_addr' <Predicate = (!icmp_ln85)> <Delay = 0.00>
ST_1 : Operation 21 [1/1] ( I:3.25ns O:3.25ns )   --->   "%store_ln89 = store i4 7, i9 %st_body_row_addr" [../snake.cpp:89]   --->   Operation 21 'store' 'store_ln89' <Predicate = (!icmp_ln85)> <Delay = 3.25> <CoreInst = "RAM">   --->   Core 81 'RAM' <Latency = 1> <II = 1> <Delay = 3.25> <Storage> <Opcode : 'load' 'store'> <Ports = 2> <Width = 4> <Depth = 300> <RAM>
ST_1 : Operation 22 [1/1] (0.00ns)   --->   "%zext_ln90 = zext i4 %c" [../snake.cpp:90]   --->   Operation 22 'zext' 'zext_ln90' <Predicate = (!icmp_ln85)> <Delay = 0.00>
ST_1 : Operation 23 [1/1] (0.00ns)   --->   "%p_shl = bitconcatenate i8 @_ssdm_op_BitConcatenate.i8.i4.i4, i4 %c, i4 0" [../snake.cpp:90]   --->   Operation 23 'bitconcatenate' 'p_shl' <Predicate = (!icmp_ln85)> <Delay = 0.00>
ST_1 : Operation 24 [1/1] (0.00ns) (grouped into TernaryAdder)   --->   "%sub_ln90 = sub i8 %p_shl, i8 %zext_ln90" [../snake.cpp:90]   --->   Operation 24 'sub' 'sub_ln90' <Predicate = (!icmp_ln85)> <Delay = 0.00> <CoreInst = "TAddSub">   --->   Core 10 'TAddSub' <Latency = 0> <II = 1> <Delay = 1.83> <IPBlock> <Opcode : 'add' 'sub'> <InPorts = 3> <OutPorts = 1> <Sync> <CReg>
ST_1 : Operation 25 [1/1] (3.66ns) (root node of TernaryAdder)   --->   "%add_ln90 = add i8 %sub_ln90, i8 7" [../snake.cpp:90]   --->   Operation 25 'add' 'add_ln90' <Predicate = (!icmp_ln85)> <Delay = 3.66> <CoreInst = "TAddSub">   --->   Core 10 'TAddSub' <Latency = 0> <II = 1> <Delay = 1.83> <IPBlock> <Opcode : 'add' 'sub'> <InPorts = 3> <OutPorts = 1> <Sync> <CReg>
ST_1 : Operation 26 [1/1] (0.00ns)   --->   "%zext_ln90_1 = zext i8 %add_ln90" [../snake.cpp:90]   --->   Operation 26 'zext' 'zext_ln90_1' <Predicate = (!icmp_ln85)> <Delay = 0.00>
ST_1 : Operation 27 [1/1] (0.00ns)   --->   "%grid_addr = getelementptr i1 %grid, i64 0, i64 %zext_ln90_1" [../snake.cpp:90]   --->   Operation 27 'getelementptr' 'grid_addr' <Predicate = (!icmp_ln85)> <Delay = 0.00>
ST_1 : Operation 28 [1/1] ( I:2.32ns O:2.32ns )   --->   "%store_ln90 = store i1 1, i9 %grid_addr" [../snake.cpp:90]   --->   Operation 28 'store' 'store_ln90' <Predicate = (!icmp_ln85)> <Delay = 2.32> <CoreInst = "RAM">   --->   Core 81 'RAM' <Latency = 1> <II = 1> <Delay = 2.32> <Storage> <Opcode : 'load' 'store'> <Ports = 2> <Width = 1> <Depth = 300> <RAM>
ST_1 : Operation 29 [1/1] (1.58ns)   --->   "%store_ln85 = store i2 %i_3, i2 %i" [../snake.cpp:85]   --->   Operation 29 'store' 'store_ln85' <Predicate = (!icmp_ln85)> <Delay = 1.58>
ST_1 : Operation 30 [1/1] (0.00ns)   --->   "%br_ln85 = br void %for.inc31" [../snake.cpp:85]   --->   Operation 30 'br' 'br_ln85' <Predicate = (!icmp_ln85)> <Delay = 0.00>
ST_1 : Operation 31 [1/1] (1.58ns)   --->   "%ret_ln0 = ret"   --->   Operation 31 'ret' 'ret_ln0' <Predicate = (icmp_ln85)> <Delay = 1.58>


============================================================
+ Verbose Summary: Binding
============================================================
STG Binding: 
---------------- STG Properties BEGIN ----------------
- Is combinational: 0
- Is one-state seq: 0
- Is datapath-only: 0
- Is pipelined: 0
- Is top level: 0
Port [ Return ] is wired: 1; IO mode=ap_ctrl_hs:ce=0
Port [ st_body_col]:  wired=1; compound=1; hidden=0; nouse=0; global=1; static=1; extern=0; dir=1; type=1; pingpong=0; private_global=0; MemPort=[03]; IO mode=ap_memory:ce=0
Port [ st_body_row]:  wired=1; compound=1; hidden=0; nouse=0; global=1; static=1; extern=0; dir=1; type=1; pingpong=0; private_global=0; MemPort=[03]; IO mode=ap_memory:ce=0
Port [ grid]:  wired=1; compound=1; hidden=0; nouse=0; global=1; static=1; extern=0; dir=1; type=1; pingpong=0; private_global=0; MemPort=[03]; IO mode=ap_memory:ce=0
---------------- STG Properties END ------------------

---------------- Datapath Model BEGIN ----------------

<LifeTime>
<method=bitvector/>
i                      (alloca           ) [ 01]
store_ln85             (store            ) [ 00]
br_ln0                 (br               ) [ 00]
i_2                    (load             ) [ 00]
icmp_ln85              (icmp             ) [ 01]
i_3                    (add              ) [ 00]
br_ln85                (br               ) [ 00]
zext_ln85              (zext             ) [ 00]
specpipeline_ln85      (specpipeline     ) [ 00]
speclooptripcount_ln85 (speclooptripcount) [ 00]
specloopname_ln85      (specloopname     ) [ 00]
zext_ln86              (zext             ) [ 00]
c                      (sub              ) [ 00]
zext_ln86_1            (zext             ) [ 00]
st_body_col_addr       (getelementptr    ) [ 00]
store_ln88             (store            ) [ 00]
st_body_row_addr       (getelementptr    ) [ 00]
store_ln89             (store            ) [ 00]
zext_ln90              (zext             ) [ 00]
p_shl                  (bitconcatenate   ) [ 00]
sub_ln90               (sub              ) [ 00]
add_ln90               (add              ) [ 00]
zext_ln90_1            (zext             ) [ 00]
grid_addr              (getelementptr    ) [ 00]
store_ln90             (store            ) [ 00]
store_ln85             (store            ) [ 00]
br_ln85                (br               ) [ 00]
ret_ln0                (ret              ) [ 00]
</LifeTime>

<model>

<comp_list>
<comp id="0" class="1000" name="st_body_col">
<pin_list>
<pin id="1" dir="1" index="0" bw="1" slack="0"/>
</pin_list>
<bind>
<StgValue><ssdm name="st_body_col"/><MemPortTyVec>0 3 </MemPortTyVec>
</StgValue>
</bind>
</comp>

<comp id="2" class="1000" name="st_body_row">
<pin_list>
<pin id="3" dir="1" index="0" bw="1" slack="0"/>
</pin_list>
<bind>
<StgValue><ssdm name="st_body_row"/><MemPortTyVec>0 3 </MemPortTyVec>
</StgValue>
</bind>
</comp>

<comp id="4" class="1000" name="grid">
<pin_list>
<pin id="5" dir="1" index="0" bw="1" slack="0"/>
</pin_list>
<bind>
<StgValue><ssdm name="grid"/><MemPortTyVec>0 3 </MemPortTyVec>
</StgValue>
</bind>
</comp>

<comp id="6" class="1001" name="const_6">
<pin_list>
<pin id="7" dir="1" index="0" bw="1" slack="0"/>
</pin_list>
<bind>
<StgValue><ssdm name=""/></StgValue>
</bind>
</comp>

<comp id="8" class="1001" name="const_8">
<pin_list>
<pin id="9" dir="1" index="0" bw="1" slack="0"/>
</pin_list>
<bind>
<StgValue><ssdm name=""/></StgValue>
</bind>
</comp>

<comp id="10" class="1001" name="const_10">
<pin_list>
<pin id="11" dir="1" index="0" bw="1" slack="0"/>
</pin_list>
<bind>
<StgValue><ssdm name=""/></StgValue>
</bind>
</comp>

<comp id="12" class="1001" name="const_12">
<pin_list>
<pin id="13" dir="1" index="0" bw="1" slack="0"/>
</pin_list>
<bind>
<StgValue><ssdm name=""/></StgValue>
</bind>
</comp>

<comp id="14" class="1001" name="const_14">
<pin_list>
<pin id="15" dir="1" index="0" bw="1" slack="2147483647"/>
</pin_list>
<bind>
<StgValue><ssdm name="_ssdm_op_SpecPipeline"/></StgValue>
</bind>
</comp>

<comp id="16" class="1001" name="const_16">
<pin_list>
<pin id="17" dir="1" index="0" bw="1" slack="2147483647"/>
</pin_list>
<bind>
<StgValue><ssdm name=""/></StgValue>
</bind>
</comp>

<comp id="18" class="1001" name="const_18">
<pin_list>
<pin id="19" dir="1" index="0" bw="1" slack="2147483647"/>
</pin_list>
<bind>
<StgValue><ssdm name=""/></StgValue>
</bind>
</comp>

<comp id="20" class="1001" name="const_20">
<pin_list>
<pin id="21" dir="1" index="0" bw="1" slack="2147483647"/>
</pin_list>
<bind>
<StgValue><ssdm name="empty_0"/></StgValue>
</bind>
</comp>

<comp id="22" class="1001" name="const_22">
<pin_list>
<pin id="23" dir="1" index="0" bw="1" slack="2147483647"/>
</pin_list>
<bind>
<StgValue><ssdm name="_ssdm_op_SpecLoopTripCount"/></StgValue>
</bind>
</comp>

<comp id="24" class="1001" name="const_24">
<pin_list>
<pin id="25" dir="1" index="0" bw="1" slack="2147483647"/>
</pin_list>
<bind>
<StgValue><ssdm name=""/></StgValue>
</bind>
</comp>

<comp id="26" class="1001" name="const_26">
<pin_list>
<pin id="27" dir="1" index="0" bw="1" slack="2147483647"/>
</pin_list>
<bind>
<StgValue><ssdm name="_ssdm_op_SpecLoopName"/></StgValue>
</bind>
</comp>

<comp id="28" class="1001" name="const_28">
<pin_list>
<pin id="29" dir="1" index="0" bw="1" slack="2147483647"/>
</pin_list>
<bind>
<StgValue><ssdm name="empty_5"/></StgValue>
</bind>
</comp>

<comp id="30" class="1001" name="const_30">
<pin_list>
<pin id="31" dir="1" index="0" bw="1" slack="0"/>
</pin_list>
<bind>
<StgValue><ssdm name=""/></StgValue>
</bind>
</comp>

<comp id="32" class="1001" name="const_32">
<pin_list>
<pin id="33" dir="1" index="0" bw="1" slack="0"/>
</pin_list>
<bind>
<StgValue><ssdm name=""/></StgValue>
</bind>
</comp>

<comp id="34" class="1001" name="const_34">
<pin_list>
<pin id="35" dir="1" index="0" bw="1" slack="0"/>
</pin_list>
<bind>
<StgValue><ssdm name=""/></StgValue>
</bind>
</comp>

<comp id="36" class="1001" name="const_36">
<pin_list>
<pin id="37" dir="1" index="0" bw="1" slack="0"/>
</pin_list>
<bind>
<StgValue><ssdm name="_ssdm_op_BitConcatenate.i8.i4.i4"/></StgValue>
</bind>
</comp>

<comp id="38" class="1001" name="const_38">
<pin_list>
<pin id="39" dir="1" index="0" bw="1" slack="0"/>
</pin_list>
<bind>
<StgValue><ssdm name=""/></StgValue>
</bind>
</comp>

<comp id="40" class="1001" name="const_40">
<pin_list>
<pin id="41" dir="1" index="0" bw="1" slack="0"/>
</pin_list>
<bind>
<StgValue><ssdm name=""/></StgValue>
</bind>
</comp>

<comp id="42" class="1001" name="const_42">
<pin_list>
<pin id="43" dir="1" index="0" bw="1" slack="0"/>
</pin_list>
<bind>
<StgValue><ssdm name=""/></StgValue>
</bind>
</comp>

<comp id="44" class="1004" name="i_fu_44">
<pin_list>
<pin id="45" dir="0" index="0" bw="1" slack="0"/>
<pin id="46" dir="1" index="1" bw="2" slack="0"/>
</pin_list>
<bind>
<opcode="alloca(26) " fcode="alloca"/>
<opset="i/1 "/>
</bind>
</comp>

<comp id="48" class="1004" name="st_body_col_addr_gep_fu_48">
<pin_list>
<pin id="49" dir="0" index="0" bw="5" slack="0"/>
<pin id="50" dir="0" index="1" bw="1" slack="0"/>
<pin id="51" dir="0" index="2" bw="2" slack="0"/>
<pin id="52" dir="1" index="3" bw="9" slack="0"/>
</pin_list>
<bind>
<opcode="getelementptr(29) " fcode="getelementptr"/>
<opset="st_body_col_addr/1 "/>
</bind>
</comp>

<comp id="55" class="1004" name="store_ln88_access_fu_55">
<pin_list>
<pin id="56" dir="0" index="0" bw="9" slack="0"/>
<pin id="57" dir="0" index="1" bw="5" slack="0"/>
<pin id="58" dir="0" index="2" bw="0" slack="2147483647"/>
<pin id="59" dir="1" index="3" bw="5" slack="2147483647"/>
</pin_list>
<bind>
<opcode="store(28) " fcode="store"/>
<opset="store_ln88/1 "/>
</bind>
</comp>

<comp id="61" class="1004" name="st_body_row_addr_gep_fu_61">
<pin_list>
<pin id="62" dir="0" index="0" bw="4" slack="0"/>
<pin id="63" dir="0" index="1" bw="1" slack="0"/>
<pin id="64" dir="0" index="2" bw="2" slack="0"/>
<pin id="65" dir="1" index="3" bw="9" slack="0"/>
</pin_list>
<bind>
<opcode="getelementptr(29) " fcode="getelementptr"/>
<opset="st_body_row_addr/1 "/>
</bind>
</comp>

<comp id="68" class="1004" name="store_ln89_access_fu_68">
<pin_list>
<pin id="69" dir="0" index="0" bw="9" slack="0"/>
<pin id="70" dir="0" index="1" bw="4" slack="0"/>
<pin id="71" dir="0" index="2" bw="0" slack="2147483647"/>
<pin id="72" dir="1" index="3" bw="4" slack="2147483647"/>
</pin_list>
<bind>
<opcode="store(28) " fcode="store"/>
<opset="store_ln89/1 "/>
</bind>
</comp>

<comp id="75" class="1004" name="grid_addr_gep_fu_75">
<pin_list>
<pin id="76" dir="0" index="0" bw="1" slack="0"/>
<pin id="77" dir="0" index="1" bw="1" slack="0"/>
<pin id="78" dir="0" index="2" bw="8" slack="0"/>
<pin id="79" dir="1" index="3" bw="9" slack="0"/>
</pin_list>
<bind>
<opcode="getelementptr(29) " fcode="getelementptr"/>
<opset="grid_addr/1 "/>
</bind>
</comp>

<comp id="82" class="1004" name="store_ln90_access_fu_82">
<pin_list>
<pin id="83" dir="0" index="0" bw="9" slack="0"/>
<pin id="84" dir="0" index="1" bw="1" slack="0"/>
<pin id="85" dir="0" index="2" bw="0" slack="2147483647"/>
<pin id="86" dir="1" index="3" bw="1" slack="2147483647"/>
</pin_list>
<bind>
<opcode="store(28) " fcode="store"/>
<opset="store_ln90/1 "/>
</bind>
</comp>

<comp id="89" class="1004" name="store_ln85_store_fu_89">
<pin_list>
<pin id="90" dir="0" index="0" bw="1" slack="0"/>
<pin id="91" dir="0" index="1" bw="2" slack="0"/>
<pin id="92" dir="1" index="2" bw="0" slack="2147483647"/>
</pin_list>
<bind>
<opcode="store(28) " fcode="store"/>
<opset="store_ln85/1 "/>
</bind>
</comp>

<comp id="94" class="1004" name="i_2_load_fu_94">
<pin_list>
<pin id="95" dir="0" index="0" bw="2" slack="0"/>
<pin id="96" dir="1" index="1" bw="2" slack="0"/>
</pin_list>
<bind>
<opcode="load(27) " fcode="load"/>
<opset="i_2/1 "/>
</bind>
</comp>

<comp id="97" class="1004" name="icmp_ln85_fu_97">
<pin_list>
<pin id="98" dir="0" index="0" bw="2" slack="0"/>
<pin id="99" dir="0" index="1" bw="2" slack="0"/>
<pin id="100" dir="1" index="2" bw="1" slack="2147483647"/>
</pin_list>
<bind>
<opcode="icmp(45) " fcode="icmp"/>
<opset="icmp_ln85/1 "/>
</bind>
</comp>

<comp id="103" class="1004" name="i_3_fu_103">
<pin_list>
<pin id="104" dir="0" index="0" bw="2" slack="0"/>
<pin id="105" dir="0" index="1" bw="1" slack="0"/>
<pin id="106" dir="1" index="2" bw="2" slack="0"/>
</pin_list>
<bind>
<opcode="add(8) " fcode="add"/>
<opset="i_3/1 "/>
</bind>
</comp>

<comp id="109" class="1004" name="zext_ln85_fu_109">
<pin_list>
<pin id="110" dir="0" index="0" bw="2" slack="0"/>
<pin id="111" dir="1" index="1" bw="64" slack="0"/>
</pin_list>
<bind>
<opcode="zext(34) " fcode="zext"/>
<opset="zext_ln85/1 "/>
</bind>
</comp>

<comp id="115" class="1004" name="zext_ln86_fu_115">
<pin_list>
<pin id="116" dir="0" index="0" bw="2" slack="0"/>
<pin id="117" dir="1" index="1" bw="4" slack="0"/>
</pin_list>
<bind>
<opcode="zext(34) " fcode="zext"/>
<opset="zext_ln86/1 "/>
</bind>
</comp>

<comp id="119" class="1004" name="c_fu_119">
<pin_list>
<pin id="120" dir="0" index="0" bw="4" slack="0"/>
<pin id="121" dir="0" index="1" bw="2" slack="0"/>
<pin id="122" dir="1" index="2" bw="4" slack="0"/>
</pin_list>
<bind>
<opcode="sub(10) " fcode="sub"/>
<opset="c/1 "/>
</bind>
</comp>

<comp id="125" class="1004" name="zext_ln86_1_fu_125">
<pin_list>
<pin id="126" dir="0" index="0" bw="4" slack="0"/>
<pin id="127" dir="1" index="1" bw="5" slack="0"/>
</pin_list>
<bind>
<opcode="zext(34) " fcode="zext"/>
<opset="zext_ln86_1/1 "/>
</bind>
</comp>

<comp id="130" class="1004" name="zext_ln90_fu_130">
<pin_list>
<pin id="131" dir="0" index="0" bw="4" slack="0"/>
<pin id="132" dir="1" index="1" bw="8" slack="0"/>
</pin_list>
<bind>
<opcode="zext(34) " fcode="zext"/>
<opset="zext_ln90/1 "/>
</bind>
</comp>

<comp id="134" class="1004" name="p_shl_fu_134">
<pin_list>
<pin id="135" dir="0" index="0" bw="8" slack="0"/>
<pin id="136" dir="0" index="1" bw="4" slack="0"/>
<pin id="137" dir="0" index="2" bw="1" slack="0"/>
<pin id="138" dir="1" index="3" bw="8" slack="0"/>
</pin_list>
<bind>
<opcode="bitconcatenate(1004) " fcode="bitconcatenate"/>
<opset="p_shl/1 "/>
</bind>
</comp>

<comp id="142" class="1004" name="sub_ln90_fu_142">
<pin_list>
<pin id="143" dir="0" index="0" bw="8" slack="0"/>
<pin id="144" dir="0" index="1" bw="4" slack="0"/>
<pin id="145" dir="1" index="2" bw="8" slack="0"/>
</pin_list>
<bind>
<opcode="sub(10) " fcode="sub"/>
<opset="sub_ln90/1 "/>
</bind>
</comp>

<comp id="148" class="1004" name="add_ln90_fu_148">
<pin_list>
<pin id="149" dir="0" index="0" bw="8" slack="0"/>
<pin id="150" dir="0" index="1" bw="4" slack="0"/>
<pin id="151" dir="1" index="2" bw="8" slack="0"/>
</pin_list>
<bind>
<opcode="add(8) " fcode="add"/>
<opset="add_ln90/1 "/>
</bind>
</comp>

<comp id="154" class="1004" name="zext_ln90_1_fu_154">
<pin_list>
<pin id="155" dir="0" index="0" bw="8" slack="0"/>
<pin id="156" dir="1" index="1" bw="64" slack="0"/>
</pin_list>
<bind>
<opcode="zext(34) " fcode="zext"/>
<opset="zext_ln90_1/1 "/>
</bind>
</comp>

<comp id="159" class="1004" name="store_ln85_store_fu_159">
<pin_list>
<pin id="160" dir="0" index="0" bw="2" slack="0"/>
<pin id="161" dir="0" index="1" bw="2" slack="0"/>
<pin id="162" dir="1" index="2" bw="0" slack="2147483647"/>
</pin_list>
<bind>
<opcode="store(28) " fcode="store"/>
<opset="store_ln85/1 "/>
</bind>
</comp>

<comp id="164" class="1005" name="i_reg_164">
<pin_list>
<pin id="165" dir="0" index="0" bw="2" slack="0"/>
<pin id="166" dir="1" index="1" bw="2" slack="0"/>
</pin_list>
<bind>
<opset="i "/>
</bind>
</comp>

</comp_list>

<net_list>
<net id="47"><net_src comp="6" pin="0"/><net_sink comp="44" pin=0"/></net>

<net id="53"><net_src comp="0" pin="0"/><net_sink comp="48" pin=0"/></net>

<net id="54"><net_src comp="32" pin="0"/><net_sink comp="48" pin=1"/></net>

<net id="60"><net_src comp="48" pin="3"/><net_sink comp="55" pin=0"/></net>

<net id="66"><net_src comp="2" pin="0"/><net_sink comp="61" pin=0"/></net>

<net id="67"><net_src comp="32" pin="0"/><net_sink comp="61" pin=1"/></net>

<net id="73"><net_src comp="34" pin="0"/><net_sink comp="68" pin=1"/></net>

<net id="74"><net_src comp="61" pin="3"/><net_sink comp="68" pin=0"/></net>

<net id="80"><net_src comp="4" pin="0"/><net_sink comp="75" pin=0"/></net>

<net id="81"><net_src comp="32" pin="0"/><net_sink comp="75" pin=1"/></net>

<net id="87"><net_src comp="42" pin="0"/><net_sink comp="82" pin=1"/></net>

<net id="88"><net_src comp="75" pin="3"/><net_sink comp="82" pin=0"/></net>

<net id="93"><net_src comp="8" pin="0"/><net_sink comp="89" pin=0"/></net>

<net id="101"><net_src comp="94" pin="1"/><net_sink comp="97" pin=0"/></net>

<net id="102"><net_src comp="10" pin="0"/><net_sink comp="97" pin=1"/></net>

<net id="107"><net_src comp="94" pin="1"/><net_sink comp="103" pin=0"/></net>

<net id="108"><net_src comp="12" pin="0"/><net_sink comp="103" pin=1"/></net>

<net id="112"><net_src comp="94" pin="1"/><net_sink comp="109" pin=0"/></net>

<net id="113"><net_src comp="109" pin="1"/><net_sink comp="48" pin=2"/></net>

<net id="114"><net_src comp="109" pin="1"/><net_sink comp="61" pin=2"/></net>

<net id="118"><net_src comp="94" pin="1"/><net_sink comp="115" pin=0"/></net>

<net id="123"><net_src comp="30" pin="0"/><net_sink comp="119" pin=0"/></net>

<net id="124"><net_src comp="115" pin="1"/><net_sink comp="119" pin=1"/></net>

<net id="128"><net_src comp="119" pin="2"/><net_sink comp="125" pin=0"/></net>

<net id="129"><net_src comp="125" pin="1"/><net_sink comp="55" pin=1"/></net>

<net id="133"><net_src comp="119" pin="2"/><net_sink comp="130" pin=0"/></net>

<net id="139"><net_src comp="36" pin="0"/><net_sink comp="134" pin=0"/></net>

<net id="140"><net_src comp="119" pin="2"/><net_sink comp="134" pin=1"/></net>

<net id="141"><net_src comp="38" pin="0"/><net_sink comp="134" pin=2"/></net>

<net id="146"><net_src comp="134" pin="3"/><net_sink comp="142" pin=0"/></net>

<net id="147"><net_src comp="130" pin="1"/><net_sink comp="142" pin=1"/></net>

<net id="152"><net_src comp="142" pin="2"/><net_sink comp="148" pin=0"/></net>

<net id="153"><net_src comp="40" pin="0"/><net_sink comp="148" pin=1"/></net>

<net id="157"><net_src comp="148" pin="2"/><net_sink comp="154" pin=0"/></net>

<net id="158"><net_src comp="154" pin="1"/><net_sink comp="75" pin=2"/></net>

<net id="163"><net_src comp="103" pin="2"/><net_sink comp="159" pin=0"/></net>

<net id="167"><net_src comp="44" pin="1"/><net_sink comp="164" pin=0"/></net>

<net id="168"><net_src comp="164" pin="1"/><net_sink comp="89" pin=1"/></net>

<net id="169"><net_src comp="164" pin="1"/><net_sink comp="94" pin=0"/></net>

<net id="170"><net_src comp="164" pin="1"/><net_sink comp="159" pin=1"/></net>

</net_list>

</model> 
---------------- Datapath Model END ------------------

* FSMD analyzer results:
  - Output states:
	Port: st_body_col | {1 }
	Port: st_body_row | {1 }
	Port: grid | {1 }
 - Input state : 
	Port: snake_top_Pipeline_VITIS_LOOP_85_3 : st_body_col | {}
	Port: snake_top_Pipeline_VITIS_LOOP_85_3 : st_body_row | {}
	Port: snake_top_Pipeline_VITIS_LOOP_85_3 : grid | {}
  - Chain level:
	State 1
		store_ln85 : 1
		i_2 : 1
		icmp_ln85 : 2
		i_3 : 2
		br_ln85 : 3
		zext_ln85 : 2
		zext_ln86 : 2
		c : 3
		zext_ln86_1 : 4
		st_body_col_addr : 3
		store_ln88 : 5
		st_body_row_addr : 3
		store_ln89 : 4
		zext_ln90 : 4
		p_shl : 4
		sub_ln90 : 5
		add_ln90 : 6
		zext_ln90_1 : 7
		grid_addr : 8
		store_ln90 : 9
		store_ln85 : 3


============================================================
+ Verbose Summary: Datapath Resource usage 
============================================================

* Functional unit list:
|----------|--------------------|---------|---------|
| Operation|   Functional Unit  |    FF   |   LUT   |
|----------|--------------------|---------|---------|
|    sub   |      c_fu_119      |    0    |    13   |
|          |   sub_ln90_fu_142  |    0    |    8    |
|----------|--------------------|---------|---------|
|    add   |     i_3_fu_103     |    0    |    10   |
|          |   add_ln90_fu_148  |    0    |    8    |
|----------|--------------------|---------|---------|
|   icmp   |   icmp_ln85_fu_97  |    0    |    10   |
|----------|--------------------|---------|---------|
|          |  zext_ln85_fu_109  |    0    |    0    |
|          |  zext_ln86_fu_115  |    0    |    0    |
|   zext   | zext_ln86_1_fu_125 |    0    |    0    |
|          |  zext_ln90_fu_130  |    0    |    0    |
|          | zext_ln90_1_fu_154 |    0    |    0    |
|----------|--------------------|---------|---------|
|bitconcatenate|    p_shl_fu_134    |    0    |    0    |
|----------|--------------------|---------|---------|
|   Total  |                    |    0    |    49   |
|----------|--------------------|---------|---------|

Memories:
N/A

* Register list:
+---------+--------+
|         |   FF   |
+---------+--------+
|i_reg_164|    2   |
+---------+--------+
|  Total  |    2   |
+---------+--------+

* Multiplexer (MUX) list: 
|--------|------|------|------|--------|
|  Comp  |  Pin | Size |  BW  | S x BW |
|--------|------|------|------|--------|
|  Total |      |      |      |    0   |
|--------|------|------|------|--------|



* Summary:
+-----------+--------+--------+
|           |   FF   |   LUT  |
+-----------+--------+--------+
|  Function |    0   |   49   |
|   Memory  |    -   |    -   |
|Multiplexer|    -   |    -   |
|  Register |    2   |    -   |
+-----------+--------+--------+
|   Total   |    2   |   49   |
+-----------+--------+--------+
