

================================================================
== Vitis HLS Report for 'snake_top_Pipeline_VITIS_LOOP_85_3'
================================================================
* Date:           Sat Mar 21 02:24:10 2026

* Version:        2025.2 (Build 6295257 on Nov 12 2025)
* Project:        snake_top
* Solution:       hls (Vivado IP Flow Target)
* Product family: zynq
* Target device:  xc7z010-clg225-1


================================================================
== Performance Estimates
================================================================
+ Timing: 
    * Summary: 
    +--------+----------+----------+------------+
    |  Clock |  Target  | Estimated| Uncertainty|
    +--------+----------+----------+------------+
    |ap_clk  |  25.00 ns|  9.314 ns|     6.75 ns|
    +--------+----------+----------+------------+

+ Latency: 
    * Summary: 
    +---------+---------+----------+----------+-----+-----+-------------------+
    |  Latency (cycles) |  Latency (absolute) |  Interval |      Pipeline     |
    |   min   |   max   |    min   |    max   | min | max |        Type       |
    +---------+---------+----------+----------+-----+-----+-------------------+
    |        5|        5|  0.125 us|  0.125 us|    0|    0|  loop pipeline stp|
    +---------+---------+----------+----------+-----+-----+-------------------+

    + Detail: 
        * Instance: 
        N/A

        * Loop: 
        +-------------------+---------+---------+----------+-----------+-----------+------+----------+
        |                   |  Latency (cycles) | Iteration|  Initiation Interval  | Trip |          |
        |     Loop Name     |   min   |   max   |  Latency |  achieved |   target  | Count| Pipelined|
        +-------------------+---------+---------+----------+-----------+-----------+------+----------+
        |- VITIS_LOOP_85_3  |        3|        3|         1|          1|          1|     3|       yes|
        +-------------------+---------+---------+----------+-----------+-----------+------+----------+

============================================================
+ Verbose Summary: Synthesis Manager
============================================================
InlineROM: 1
ExposeGlobal: 0
============================================================
+ Verbose Summary: CDFG Model
============================================================
IsTopModel: 0
ResetActiveHigh: 1
IsCombinational: 0
IsDatapathOnly: 0
HasWiredReturn: 1
HasMFsm: 2
HasVarLatency: 1
IsPipeline: 0
IsRtlPipelined: 0
IsInstanceOverlapped: 0
IsDontTouch: 0
HasImplIP: 0
IsGatedGlobalClock: 0

+ Individual pipeline summary: 
  * Pipeline-0: initiation interval (II) = 1, depth = 1


============================================================
+ Verbose Summary: Schedule
============================================================
* Number of FSM states : 1
* Pipeline : 1
  Pipeline-0 : II = 1, D = 1, States = { 1 }
* Dataflow Pipeline: 0

* FSM state transitions: 
1 --> 

* FSM state operations: 

State 1 <SV = 0> <Delay = 9.31>
ST_1 : Operation 4 [1/1] (0.00ns)   --->   "%i = alloca i32 1" [../snake.cpp:85]   --->   Operation 4 'alloca' 'i' <Predicate = true> <Delay = 0.00>
ST_1 : Operation 5 [1/1] (1.58ns)   --->   "%store_ln85 = store i2 0, i2 %i" [../snake.cpp:85]   --->   Operation 5 'store' 'store_ln85' <Predicate = true> <Delay = 1.58>
ST_1 : Operation 6 [1/1] (0.00ns)   --->   "%br_ln0 = br void %for.inc31"   --->   Operation 6 'br' 'br_ln0' <Predicate = true> <Delay = 0.00>
ST_1 : Operation 7 [1/1] (0.00ns)   --->   "%i_2 = load i2 %i" [../snake.cpp:85]   --->   Operation 7 'load' 'i_2' <Predicate = true> <Delay = 0.00>
ST_1 : Operation 8 [1/1] (1.56ns)   --->   "%icmp_ln85 = icmp_eq  i2 %i_2, i2 3" [../snake.cpp:85]   --->   Operation 8 'icmp' 'icmp_ln85' <Predicate = true> <Delay = 1.56> <CoreInst = "Cmp">   --->   Core 9 'Cmp' <Latency = 0> <II = 1> <Delay = 1.56> <FuncUnit> <Opcode : 'seteq' 'setne' 'setle' 'setge' 'setlt' 'setgt'> <InPorts = 2> <OutPorts = 1>
ST_1 : Operation 9 [1/1] (1.56ns)   --->   "%i_3 = add i2 %i_2, i2 1" [../snake.cpp:85]   --->   Operation 9 'add' 'i_3' <Predicate = true> <Delay = 1.56> <CoreInst = "Adder">   --->   Core 1 'Adder' <Latency = 0> <II = 1> <Delay = 1.56> <FuncUnit> <Opcode : 'add' 'sub'> <InPorts = 2> <OutPorts = 1>
ST_1 : Operation 10 [1/1] (0.00ns)   --->   "%br_ln85 = br i1 %icmp_ln85, void %for.inc31.split, void %for.inc47.preheader.exitStub" [../snake.cpp:85]   --->   Operation 10 'br' 'br_ln85' <Predicate = true> <Delay = 0.00>
ST_1 : Operation 11 [1/1] (0.00ns)   --->   "%zext_ln85 = zext i2 %i_2" [../snake.cpp:85]   --->   Operation 11 'zext' 'zext_ln85' <Predicate = (!icmp_ln85)> <Delay = 0.00>
ST_1 : Operation 12 [1/1] (0.00ns)   --->   "%specpipeline_ln85 = specpipeline void @_ssdm_op_SpecPipeline, i32 4294967295, i32 0, i32 0, i32 0, i32 4294967295, void @empty_0" [../snake.cpp:85]   --->   Operation 12 'specpipeline' 'specpipeline_ln85' <Predicate = (!icmp_ln85)> <Delay = 0.00>
ST_1 : Operation 13 [1/1] (0.00ns)   --->   "%speclooptripcount_ln85 = speclooptripcount void @_ssdm_op_SpecLoopTripCount, i64 3, i64 3, i64 3" [../snake.cpp:85]   --->   Operation 13 'speclooptripcount' 'speclooptripcount_ln85' <Predicate = (!icmp_ln85)> <Delay = 0.00>
ST_1 : Operation 14 [1/1] (0.00ns)   --->   "%specloopname_ln85 = specloopname void @_ssdm_op_SpecLoopName, void @empty_5" [../snake.cpp:85]   --->   Operation 14 'specloopname' 'specloopname_ln85' <Predicate = (!icmp_ln85)> <Delay = 0.00>
ST_1 : Operation 15 [1/1] (0.00ns)   --->   "%zext_ln86 = zext i2 %i_2" [../snake.cpp:86]   --->   Operation 15 'zext' 'zext_ln86' <Predicate = (!icmp_ln85)> <Delay = 0.00>
ST_1 : Operation 16 [1/1] (1.73ns)   --->   "%c = sub i4 10, i4 %zext_ln86" [../snake.cpp:86]   --->   Operation 16 'sub' 'c' <Predicate = (!icmp_ln85)> <Delay = 1.73> <CoreInst = "Adder">   --->   Core 1 'Adder' <Latency = 0> <II = 1> <Delay = 1.73> <FuncUnit> <Opcode : 'add' 'sub'> <InPorts = 2> <OutPorts = 1>
ST_1 : Operation 17 [1/1] (0.00ns)   --->   "%zext_ln86_1 = zext i4 %c" [../snake.cpp:86]   --->   Operation 17 'zext' 'zext_ln86_1' <Predicate = (!icmp_ln85)> <Delay = 0.00>
ST_1 : Operation 18 [1/1] (0.00ns)   --->   "%st_body_col_addr = getelementptr i5 %st_body_col, i64 0, i64 %zext_ln85" [../snake.cpp:88]   --->   Operation 18 'getelementptr' 'st_body_col_addr' <Predicate = (!icmp_ln85)> <Delay = 0.00>
ST_1 : Operation 19 [1/1] ( I:3.25ns O:3.25ns )   --->   "%store_ln88 = store i5 %zext_ln86_1, i9 %st_body_col_addr" [../snake.cpp:88]   --->   Operation 19 'store' 'store_ln88' <Predicate = (!icmp_ln85)> <Delay = 3.25> <CoreInst = "RAM">   --->   Core 81 'RAM' <Latency = 1> <II = 1> <Delay = 3.25> <Storage> <Opcode : 'load' 'store'> <Ports = 2> <Width = 5> <Depth = 300> <RAM>
ST_1 : Operation 20 [1/1] (0.00ns)   --->   "%st_body_row_addr = getelementptr i4 %st_body_row, i64 0, i64 %zext_ln85" [../snake.cpp:89]   --->   Operation 20 'getelementptr' 'st_body_row_addr' <Predicate = (!icmp_ln85)> <Delay = 0.00>
ST_1 : Operation 21 [1/1] ( I:3.25ns O:3.25ns )   --->   "%store_ln89 = store i4 7, i9 %st_body_row_addr" [../snake.cpp:89]   --->   Operation 21 'store' 'store_ln89' <Predicate = (!icmp_ln85)> <Delay = 3.25> <CoreInst = "RAM">   --->   Core 81 'RAM' <Latency = 1> <II = 1> <Delay = 3.25> <Storage> <Opcode : 'load' 'store'> <Ports = 2> <Width = 4> <Depth = 300> <RAM>
ST_1 : Operation 22 [1/1] (0.00ns)   --->   "%zext_ln90 = zext i4 %c" [../snake.cpp:90]   --->   Operation 22 'zext' 'zext_ln90' <Predicate = (!icmp_ln85)> <Delay = 0.00>
ST_1 : Operation 23 [1/1] (0.00ns)   --->   "%p_shl = bitconcatenate i8 @_ssdm_op_BitConcatenate.i8.i4.i4, i4 %c, i4 0" [../snake.cpp:90]   --->   Operation 23 'bitconcatenate' 'p_shl' <Predicate = (!icmp_ln85)> <Delay = 0.00>
ST_1 : Operation 24 [1/1] (0.00ns) (grouped into TernaryAdder)   --->   "%sub_ln90 = sub i8 %p_shl, i8 %zext_ln90" [../snake.cpp:90]   --->   Operation 24 'sub' 'sub_ln90' <Predicate = (!icmp_ln85)> <Delay = 0.00> <CoreInst = "TAddSub">   --->   Core 10 'TAddSub' <Latency = 0> <II = 1> <Delay = 1.83> <IPBlock> <Opcode : 'add' 'sub'> <InPorts = 3> <OutPorts = 1> <Sync> <CReg>
ST_1 : Operation 25 [1/1] (3.66ns) (root node of TernaryAdder)   --->   "%add_ln90 = add i8 %sub_ln90, i8 7" [../snake.cpp:90]   --->   Operation 25 'add' 'add_ln90' <Predicate = (!icmp_ln85)> <Delay = 3.66> <CoreInst = "TAddSub">   --->   Core 10 'TAddSub' <Latency = 0> <II = 1> <Delay = 1.83> <IPBlock> <Opcode : 'add' 'sub'> <InPorts = 3> <OutPorts = 1> <Sync> <CReg>
ST_1 : Operation 26 [1/1] (0.00ns)   --->   "%zext_ln90_1 = zext i8 %add_ln90" [../snake.cpp:90]   --->   Operation 26 'zext' 'zext_ln90_1' <Predicate = (!icmp_ln85)> <Delay = 0.00>
ST_1 : Operation 27 [1/1] (0.00ns)   --->   "%grid_addr = getelementptr i1 %grid, i64 0, i64 %zext_ln90_1" [../snake.cpp:90]   --->   Operation 27 'getelementptr' 'grid_addr' <Predicate = (!icmp_ln85)> <Delay = 0.00>
ST_1 : Operation 28 [1/1] ( I:2.32ns O:2.32ns )   --->   "%store_ln90 = store i1 1, i9 %grid_addr" [../snake.cpp:90]   --->   Operation 28 'store' 'store_ln90' <Predicate = (!icmp_ln85)> <Delay = 2.32> <CoreInst = "RAM">   --->   Core 81 'RAM' <Latency = 1> <II = 1> <Delay = 2.32> <Storage> <Opcode : 'load' 'store'> <Ports = 2> <Width = 1> <Depth = 300> <RAM>
ST_1 : Operation 29 [1/1] (1.58ns)   --->   "%store_ln85 = store i2 %i_3, i2 %i" [../snake.cpp:85]   --->   Operation 29 'store' 'store_ln85' <Predicate = (!icmp_ln85)> <Delay = 1.58>
ST_1 : Operation 30 [1/1] (0.00ns)   --->   "%br_ln85 = br void %for.inc31" [../snake.cpp:85]   --->   Operation 30 'br' 'br_ln85' <Predicate = (!icmp_ln85)> <Delay = 0.00>
ST_1 : Operation 31 [1/1] (1.58ns)   --->   "%ret_ln0 = ret"   --->   Operation 31 'ret' 'ret_ln0' <Predicate = (icmp_ln85)> <Delay = 1.58>


============================================================
+ Verbose Summary: Timing violations
============================================================
Target clock period: 25.000ns, clock uncertainty: 6.750ns.

 <State 1>: 9.314ns
The critical path consists of the following:
	'store' operation ('store_ln85', ../snake.cpp:85) of constant 0 2 bit on local variable 'i', ../snake.cpp:85 [5]  (1.588 ns)
	'load' operation 2 bit ('i', ../snake.cpp:85) on local variable 'i', ../snake.cpp:85 [8]  (0.000 ns)
	'sub' operation 4 bit ('c', ../snake.cpp:86) [18]  (1.735 ns)
	'sub' operation 8 bit ('sub_ln90', ../snake.cpp:90) [26]  (0.000 ns)
	'add' operation 8 bit ('add_ln90', ../snake.cpp:90) [27]  (3.669 ns)
	'getelementptr' operation 9 bit ('grid_addr', ../snake.cpp:90) [29]  (0.000 ns)
	'store' operation ('store_ln90', ../snake.cpp:90) of constant 1 1 bit on array 'grid' [30]  (2.322 ns)


============================================================
+ Verbose Summary: Binding
============================================================
N/A
* FSMD analyzer results:
  - Output states:
 - Input state : 
  - Chain level:
	State 1


============================================================
+ Verbose Summary: Datapath Resource usage 
============================================================
N/A
