

================================================================
== Vitis HLS Report for 'snake_top_Pipeline_VITIS_LOOP_73_1_VITIS_LOOP_74_2'
================================================================
* Date:           Sat Mar 21 02:24:10 2026

* Version:        2025.2 (Build 6295257 on Nov 12 2025)
* Project:        snake_top
* Solution:       hls (Vivado IP Flow Target)
* Product family: zynq
* Target device:  xc7z010-clg225-1


================================================================
== Performance Estimates
================================================================
+ Timing: 
    * Summary: 
    +--------+----------+-----------+------------+
    |  Clock |  Target  | Estimated | Uncertainty|
    +--------+----------+-----------+------------+
    |ap_clk  |  25.00 ns|  10.603 ns|     6.75 ns|
    +--------+----------+-----------+------------+

+ Latency: 
    * Summary: 
    +---------+---------+----------+----------+-----+-----+-------------------+
    |  Latency (cycles) |  Latency (absolute) |  Interval |      Pipeline     |
    |   min   |   max   |    min   |    max   | min | max |        Type       |
    +---------+---------+----------+----------+-----+-----+-------------------+
    |      302|      302|  7.550 us|  7.550 us|    0|    0|  loop pipeline stp|
    +---------+---------+----------+----------+-----+-----+-------------------+

    + Detail: 
        * Instance: 
        N/A

        * Loop: 
        +-----------------------------------+---------+---------+----------+-----------+-----------+------+----------+
        |                                   |  Latency (cycles) | Iteration|  Initiation Interval  | Trip |          |
        |             Loop Name             |   min   |   max   |  Latency |  achieved |   target  | Count| Pipelined|
        +-----------------------------------+---------+---------+----------+-----------+-----------+------+----------+
        |- VITIS_LOOP_73_1_VITIS_LOOP_74_2  |      300|      300|         1|          1|          1|   300|       yes|
        +-----------------------------------+---------+---------+----------+-----------+-----------+------+----------+

============================================================
+ Verbose Summary: Synthesis Manager
============================================================
InlineROM: 1
ExposeGlobal: 0
============================================================
+ Verbose Summary: CDFG Model
============================================================
IsTopModel: 0
ResetActiveHigh: 1
IsCombinational: 0
IsDatapathOnly: 0
HasWiredReturn: 1
HasMFsm: 2
HasVarLatency: 1
IsPipeline: 0
IsRtlPipelined: 0
IsInstanceOverlapped: 0
IsDontTouch: 0
HasImplIP: 0
IsGatedGlobalClock: 0

+ Individual pipeline summary: 
  * Pipeline-0: initiation interval (II) = 1, depth = 1


============================================================
+ Verbose Summary: Schedule
============================================================
* Number of FSM states : 1
* Pipeline : 1
  Pipeline-0 : II = 1, D = 1, States = { 1 }
* Dataflow Pipeline: 0

* FSM state transitions: 
1 --> 

* FSM state operations: 

State 1 <SV = 0> <Delay = 10.6>
ST_1 : Operation 4 [1/1] (0.00ns)   --->   "%r = alloca i32 1" [../snake.cpp:74]   --->   Operation 4 'alloca' 'r' <Predicate = true> <Delay = 0.00>
ST_1 : Operation 5 [1/1] (0.00ns)   --->   "%c = alloca i32 1" [../snake.cpp:73]   --->   Operation 5 'alloca' 'c' <Predicate = true> <Delay = 0.00>
ST_1 : Operation 6 [1/1] (0.00ns)   --->   "%indvar_flatten = alloca i32 1"   --->   Operation 6 'alloca' 'indvar_flatten' <Predicate = true> <Delay = 0.00>
ST_1 : Operation 7 [1/1] (1.58ns)   --->   "%store_ln0 = store i9 0, i9 %indvar_flatten"   --->   Operation 7 'store' 'store_ln0' <Predicate = true> <Delay = 1.58>
ST_1 : Operation 8 [1/1] (1.58ns)   --->   "%store_ln73 = store i5 0, i5 %c" [../snake.cpp:73]   --->   Operation 8 'store' 'store_ln73' <Predicate = true> <Delay = 1.58>
ST_1 : Operation 9 [1/1] (1.58ns)   --->   "%store_ln74 = store i4 0, i4 %r" [../snake.cpp:74]   --->   Operation 9 'store' 'store_ln74' <Predicate = true> <Delay = 1.58>
ST_1 : Operation 10 [1/1] (0.00ns)   --->   "%br_ln0 = br void %for.inc"   --->   Operation 10 'br' 'br_ln0' <Predicate = true> <Delay = 0.00>
ST_1 : Operation 11 [1/1] (0.00ns)   --->   "%indvar_flatten_load = load i9 %indvar_flatten" [../snake.cpp:73]   --->   Operation 11 'load' 'indvar_flatten_load' <Predicate = true> <Delay = 0.00>
ST_1 : Operation 12 [1/1] (1.82ns)   --->   "%icmp_ln73 = icmp_eq  i9 %indvar_flatten_load, i9 300" [../snake.cpp:73]   --->   Operation 12 'icmp' 'icmp_ln73' <Predicate = true> <Delay = 1.82> <CoreInst = "Cmp">   --->   Core 9 'Cmp' <Latency = 0> <II = 1> <Delay = 1.82> <FuncUnit> <Opcode : 'seteq' 'setne' 'setle' 'setge' 'setlt' 'setgt'> <InPorts = 2> <OutPorts = 1>
ST_1 : Operation 13 [1/1] (1.82ns)   --->   "%add_ln73 = add i9 %indvar_flatten_load, i9 1" [../snake.cpp:73]   --->   Operation 13 'add' 'add_ln73' <Predicate = true> <Delay = 1.82> <CoreInst = "Adder">   --->   Core 1 'Adder' <Latency = 0> <II = 1> <Delay = 1.82> <FuncUnit> <Opcode : 'add' 'sub'> <InPorts = 2> <OutPorts = 1>
ST_1 : Operation 14 [1/1] (0.00ns)   --->   "%br_ln73 = br i1 %icmp_ln73, void %for.inc11, void %for.end13.exitStub" [../snake.cpp:73]   --->   Operation 14 'br' 'br_ln73' <Predicate = true> <Delay = 0.00>
ST_1 : Operation 15 [1/1] (0.00ns)   --->   "%r_load = load i4 %r" [../snake.cpp:74]   --->   Operation 15 'load' 'r_load' <Predicate = (!icmp_ln73)> <Delay = 0.00>
ST_1 : Operation 16 [1/1] (0.00ns)   --->   "%c_load = load i5 %c" [../snake.cpp:73]   --->   Operation 16 'load' 'c_load' <Predicate = (!icmp_ln73)> <Delay = 0.00>
ST_1 : Operation 17 [1/1] (0.00ns)   --->   "%specloopname_ln0 = specloopname void @_ssdm_op_SpecLoopName, void @VITIS_LOOP_73_1_VITIS_LOOP_74_2_str"   --->   Operation 17 'specloopname' 'specloopname_ln0' <Predicate = (!icmp_ln73)> <Delay = 0.00>
ST_1 : Operation 18 [1/1] (0.00ns)   --->   "%speclooptripcount_ln0 = speclooptripcount void @_ssdm_op_SpecLoopTripCount, i64 300, i64 300, i64 300"   --->   Operation 18 'speclooptripcount' 'speclooptripcount_ln0' <Predicate = (!icmp_ln73)> <Delay = 0.00>
ST_1 : Operation 19 [1/1] (1.73ns)   --->   "%icmp_ln74 = icmp_eq  i4 %r_load, i4 15" [../snake.cpp:74]   --->   Operation 19 'icmp' 'icmp_ln74' <Predicate = (!icmp_ln73)> <Delay = 1.73> <CoreInst = "Cmp">   --->   Core 9 'Cmp' <Latency = 0> <II = 1> <Delay = 1.73> <FuncUnit> <Opcode : 'seteq' 'setne' 'setle' 'setge' 'setlt' 'setgt'> <InPorts = 2> <OutPorts = 1>
ST_1 : Operation 20 [1/1] (1.02ns)   --->   "%select_ln73 = select i1 %icmp_ln74, i4 0, i4 %r_load" [../snake.cpp:73]   --->   Operation 20 'select' 'select_ln73' <Predicate = (!icmp_ln73)> <Delay = 1.02> <CoreInst = "Sel">   --->   Core 73 'Sel' <Latency = 0> <II = 1> <Delay = 1.02> <FuncUnit> <Opcode : 'select'> <InPorts = 3> <OutPorts = 1>
ST_1 : Operation 21 [1/1] (1.78ns)   --->   "%add_ln73_1 = add i5 %c_load, i5 1" [../snake.cpp:73]   --->   Operation 21 'add' 'add_ln73_1' <Predicate = (!icmp_ln73)> <Delay = 1.78> <CoreInst = "Adder">   --->   Core 1 'Adder' <Latency = 0> <II = 1> <Delay = 1.78> <FuncUnit> <Opcode : 'add' 'sub'> <InPorts = 2> <OutPorts = 1>
ST_1 : Operation 22 [1/1] (1.21ns)   --->   "%select_ln73_1 = select i1 %icmp_ln74, i5 %add_ln73_1, i5 %c_load" [../snake.cpp:73]   --->   Operation 22 'select' 'select_ln73_1' <Predicate = (!icmp_ln73)> <Delay = 1.21> <CoreInst = "Sel">   --->   Core 73 'Sel' <Latency = 0> <II = 1> <Delay = 1.21> <FuncUnit> <Opcode : 'select'> <InPorts = 3> <OutPorts = 1>
ST_1 : Operation 23 [1/1] (0.00ns)   --->   "%zext_ln75 = zext i5 %select_ln73_1" [../snake.cpp:75]   --->   Operation 23 'zext' 'zext_ln75' <Predicate = (!icmp_ln73)> <Delay = 0.00>
ST_1 : Operation 24 [1/1] (0.00ns)   --->   "%p_shl = bitconcatenate i9 @_ssdm_op_BitConcatenate.i9.i5.i4, i5 %select_ln73_1, i4 0" [../snake.cpp:75]   --->   Operation 24 'bitconcatenate' 'p_shl' <Predicate = (!icmp_ln73)> <Delay = 0.00>
ST_1 : Operation 25 [1/1] (0.00ns) (grouped into TernaryAdder)   --->   "%sub_ln75 = sub i9 %p_shl, i9 %zext_ln75" [../snake.cpp:75]   --->   Operation 25 'sub' 'sub_ln75' <Predicate = (!icmp_ln73)> <Delay = 0.00> <CoreInst = "TAddSub">   --->   Core 10 'TAddSub' <Latency = 0> <II = 1> <Delay = 1.84> <IPBlock> <Opcode : 'add' 'sub'> <InPorts = 3> <OutPorts = 1> <Sync> <CReg>
ST_1 : Operation 26 [1/1] (0.00ns)   --->   "%zext_ln75_1 = zext i4 %select_ln73" [../snake.cpp:75]   --->   Operation 26 'zext' 'zext_ln75_1' <Predicate = (!icmp_ln73)> <Delay = 0.00>
ST_1 : Operation 27 [1/1] (3.69ns) (root node of TernaryAdder)   --->   "%add_ln75 = add i9 %sub_ln75, i9 %zext_ln75_1" [../snake.cpp:75]   --->   Operation 27 'add' 'add_ln75' <Predicate = (!icmp_ln73)> <Delay = 3.69> <CoreInst = "TAddSub">   --->   Core 10 'TAddSub' <Latency = 0> <II = 1> <Delay = 1.84> <IPBlock> <Opcode : 'add' 'sub'> <InPorts = 3> <OutPorts = 1> <Sync> <CReg>
ST_1 : Operation 28 [1/1] (0.00ns)   --->   "%zext_ln75_2 = zext i9 %add_ln75" [../snake.cpp:75]   --->   Operation 28 'zext' 'zext_ln75_2' <Predicate = (!icmp_ln73)> <Delay = 0.00>
ST_1 : Operation 29 [1/1] (0.00ns)   --->   "%grid_addr = getelementptr i1 %grid, i64 0, i64 %zext_ln75_2" [../snake.cpp:75]   --->   Operation 29 'getelementptr' 'grid_addr' <Predicate = (!icmp_ln73)> <Delay = 0.00>
ST_1 : Operation 30 [1/1] (0.00ns)   --->   "%specpipeline_ln74 = specpipeline void @_ssdm_op_SpecPipeline, i32 4294967295, i32 0, i32 0, i32 0, i32 4294967295, void @empty_0" [../snake.cpp:74]   --->   Operation 30 'specpipeline' 'specpipeline_ln74' <Predicate = (!icmp_ln73)> <Delay = 0.00>
ST_1 : Operation 31 [1/1] ( I:2.32ns O:2.32ns )   --->   "%store_ln75 = store i1 0, i9 %grid_addr" [../snake.cpp:75]   --->   Operation 31 'store' 'store_ln75' <Predicate = (!icmp_ln73)> <Delay = 2.32> <CoreInst = "RAM">   --->   Core 81 'RAM' <Latency = 1> <II = 1> <Delay = 2.32> <Storage> <Opcode : 'load' 'store'> <Ports = 2> <Width = 1> <Depth = 300> <RAM>
ST_1 : Operation 32 [1/1] (1.73ns)   --->   "%add_ln74 = add i4 %select_ln73, i4 1" [../snake.cpp:74]   --->   Operation 32 'add' 'add_ln74' <Predicate = (!icmp_ln73)> <Delay = 1.73> <CoreInst = "Adder">   --->   Core 1 'Adder' <Latency = 0> <II = 1> <Delay = 1.73> <FuncUnit> <Opcode : 'add' 'sub'> <InPorts = 2> <OutPorts = 1>
ST_1 : Operation 33 [1/1] (1.58ns)   --->   "%store_ln73 = store i9 %add_ln73, i9 %indvar_flatten" [../snake.cpp:73]   --->   Operation 33 'store' 'store_ln73' <Predicate = (!icmp_ln73)> <Delay = 1.58>
ST_1 : Operation 34 [1/1] (1.58ns)   --->   "%store_ln73 = store i5 %select_ln73_1, i5 %c" [../snake.cpp:73]   --->   Operation 34 'store' 'store_ln73' <Predicate = (!icmp_ln73)> <Delay = 1.58>
ST_1 : Operation 35 [1/1] (1.58ns)   --->   "%store_ln74 = store i4 %add_ln74, i4 %r" [../snake.cpp:74]   --->   Operation 35 'store' 'store_ln74' <Predicate = (!icmp_ln73)> <Delay = 1.58>
ST_1 : Operation 36 [1/1] (0.00ns)   --->   "%br_ln74 = br void %for.inc" [../snake.cpp:74]   --->   Operation 36 'br' 'br_ln74' <Predicate = (!icmp_ln73)> <Delay = 0.00>
ST_1 : Operation 37 [1/1] (1.58ns)   --->   "%ret_ln0 = ret"   --->   Operation 37 'ret' 'ret_ln0' <Predicate = (icmp_ln73)> <Delay = 1.58>


============================================================
+ Verbose Summary: Binding
============================================================
STG Binding: 
---------------- STG Properties BEGIN ----------------
- Is combinational: 0
- Is one-state seq: 0
- Is datapath-only: 0
- Is pipelined: 0
- Is top level: 0
Port [ Return ] is wired: 1; IO mode=ap_ctrl_hs:ce=0
Port [ grid]:  wired=1; compound=1; hidden=0; nouse=0; global=1; static=1; extern=0; dir=1; type=1; pingpong=0; private_global=0; MemPort=[03]; IO mode=ap_memory:ce=0
---------------- STG Properties END ------------------

---------------- Datapath Model BEGIN ----------------

<LifeTime>
<method=bitvector/>
r                     (alloca           ) [ 01]
c                     (alloca           ) [ 01]
indvar_flatten        (alloca           ) [ 01]
store_ln0             (store            ) [ 00]
store_ln73            (store            ) [ 00]
store_ln74            (store            ) [ 00]
br_ln0                (br               ) [ 00]
indvar_flatten_load   (load             ) [ 00]
icmp_ln73             (icmp             ) [ 01]
add_ln73              (add              ) [ 00]
br_ln73               (br               ) [ 00]
r_load                (load             ) [ 00]
c_load                (load             ) [ 00]
specloopname_ln0      (specloopname     ) [ 00]
speclooptripcount_ln0 (speclooptripcount) [ 00]
icmp_ln74             (icmp             ) [ 00]
select_ln73           (select           ) [ 00]
add_ln73_1            (add              ) [ 00]
select_ln73_1         (select           ) [ 00]
zext_ln75             (zext             ) [ 00]
p_shl                 (bitconcatenate   ) [ 00]
sub_ln75              (sub              ) [ 00]
zext_ln75_1           (zext             ) [ 00]
add_ln75              (add              ) [ 00]
zext_ln75_2           (zext             ) [ 00]
grid_addr             (getelementptr    ) [ 00]
specpipeline_ln74     (specpipeline     ) [ 00]
store_ln75            (store            ) [ 00]
add_ln74              (add              ) [ 00]
store_ln73            (store            ) [ 00]
store_ln73            (store            ) [ 00]
store_ln74            (store            ) [ 00]
br_ln74               (br               ) [ 00]
ret_ln0               (ret              ) [ 00]
</LifeTime>

<model>

<comp_list>
<comp id="0" class="1000" name="grid">
<pin_list>
<pin id="1" dir="1" index="0" bw="1" slack="0"/>
</pin_list>
<bind>
<StgValue><ssdm name="grid"/><MemPortTyVec>0 3 </MemPortTyVec>
</StgValue>
</bind>
</comp>

<comp id="2" class="1001" name="const_2">
<pin_list>
<pin id="3" dir="1" index="0" bw="1" slack="0"/>
</pin_list>
<bind>
<StgValue><ssdm name=""/></StgValue>
</bind>
</comp>

<comp id="4" class="1001" name="const_4">
<pin_list>
<pin id="5" dir="1" index="0" bw="1" slack="0"/>
</pin_list>
<bind>
<StgValue><ssdm name=""/></StgValue>
</bind>
</comp>

<comp id="6" class="1001" name="const_6">
<pin_list>
<pin id="7" dir="1" index="0" bw="1" slack="0"/>
</pin_list>
<bind>
<StgValue><ssdm name=""/></StgValue>
</bind>
</comp>

<comp id="8" class="1001" name="const_8">
<pin_list>
<pin id="9" dir="1" index="0" bw="1" slack="0"/>
</pin_list>
<bind>
<StgValue><ssdm name=""/></StgValue>
</bind>
</comp>

<comp id="10" class="1001" name="const_10">
<pin_list>
<pin id="11" dir="1" index="0" bw="1" slack="0"/>
</pin_list>
<bind>
<StgValue><ssdm name=""/></StgValue>
</bind>
</comp>

<comp id="12" class="1001" name="const_12">
<pin_list>
<pin id="13" dir="1" index="0" bw="1" slack="0"/>
</pin_list>
<bind>
<StgValue><ssdm name=""/></StgValue>
</bind>
</comp>

<comp id="14" class="1001" name="const_14">
<pin_list>
<pin id="15" dir="1" index="0" bw="1" slack="2147483647"/>
</pin_list>
<bind>
<StgValue><ssdm name="_ssdm_op_SpecLoopName"/></StgValue>
</bind>
</comp>

<comp id="16" class="1001" name="const_16">
<pin_list>
<pin id="17" dir="1" index="0" bw="1" slack="2147483647"/>
</pin_list>
<bind>
<StgValue><ssdm name="VITIS_LOOP_73_1_VITIS_LOOP_74_2_str"/></StgValue>
</bind>
</comp>

<comp id="18" class="1001" name="const_18">
<pin_list>
<pin id="19" dir="1" index="0" bw="1" slack="2147483647"/>
</pin_list>
<bind>
<StgValue><ssdm name="_ssdm_op_SpecLoopTripCount"/></StgValue>
</bind>
</comp>

<comp id="20" class="1001" name="const_20">
<pin_list>
<pin id="21" dir="1" index="0" bw="1" slack="2147483647"/>
</pin_list>
<bind>
<StgValue><ssdm name=""/></StgValue>
</bind>
</comp>

<comp id="22" class="1001" name="const_22">
<pin_list>
<pin id="23" dir="1" index="0" bw="1" slack="0"/>
</pin_list>
<bind>
<StgValue><ssdm name=""/></StgValue>
</bind>
</comp>

<comp id="24" class="1001" name="const_24">
<pin_list>
<pin id="25" dir="1" index="0" bw="1" slack="0"/>
</pin_list>
<bind>
<StgValue><ssdm name=""/></StgValue>
</bind>
</comp>

<comp id="26" class="1001" name="const_26">
<pin_list>
<pin id="27" dir="1" index="0" bw="1" slack="0"/>
</pin_list>
<bind>
<StgValue><ssdm name="_ssdm_op_BitConcatenate.i9.i5.i4"/></StgValue>
</bind>
</comp>

<comp id="28" class="1001" name="const_28">
<pin_list>
<pin id="29" dir="1" index="0" bw="1" slack="0"/>
</pin_list>
<bind>
<StgValue><ssdm name=""/></StgValue>
</bind>
</comp>

<comp id="30" class="1001" name="const_30">
<pin_list>
<pin id="31" dir="1" index="0" bw="1" slack="2147483647"/>
</pin_list>
<bind>
<StgValue><ssdm name="_ssdm_op_SpecPipeline"/></StgValue>
</bind>
</comp>

<comp id="32" class="1001" name="const_32">
<pin_list>
<pin id="33" dir="1" index="0" bw="1" slack="2147483647"/>
</pin_list>
<bind>
<StgValue><ssdm name=""/></StgValue>
</bind>
</comp>

<comp id="34" class="1001" name="const_34">
<pin_list>
<pin id="35" dir="1" index="0" bw="1" slack="2147483647"/>
</pin_list>
<bind>
<StgValue><ssdm name=""/></StgValue>
</bind>
</comp>

<comp id="36" class="1001" name="const_36">
<pin_list>
<pin id="37" dir="1" index="0" bw="1" slack="2147483647"/>
</pin_list>
<bind>
<StgValue><ssdm name="empty_0"/></StgValue>
</bind>
</comp>

<comp id="38" class="1001" name="const_38">
<pin_list>
<pin id="39" dir="1" index="0" bw="1" slack="0"/>
</pin_list>
<bind>
<StgValue><ssdm name=""/></StgValue>
</bind>
</comp>

<comp id="40" class="1001" name="const_40">
<pin_list>
<pin id="41" dir="1" index="0" bw="1" slack="0"/>
</pin_list>
<bind>
<StgValue><ssdm name=""/></StgValue>
</bind>
</comp>

<comp id="42" class="1004" name="r_fu_42">
<pin_list>
<pin id="43" dir="0" index="0" bw="1" slack="0"/>
<pin id="44" dir="1" index="1" bw="4" slack="0"/>
</pin_list>
<bind>
<opcode="alloca(26) " fcode="alloca"/>
<opset="r/1 "/>
</bind>
</comp>

<comp id="46" class="1004" name="c_fu_46">
<pin_list>
<pin id="47" dir="0" index="0" bw="1" slack="0"/>
<pin id="48" dir="1" index="1" bw="5" slack="0"/>
</pin_list>
<bind>
<opcode="alloca(26) " fcode="alloca"/>
<opset="c/1 "/>
</bind>
</comp>

<comp id="50" class="1004" name="indvar_flatten_fu_50">
<pin_list>
<pin id="51" dir="0" index="0" bw="1" slack="0"/>
<pin id="52" dir="1" index="1" bw="9" slack="0"/>
</pin_list>
<bind>
<opcode="alloca(26) " fcode="alloca"/>
<opset="indvar_flatten/1 "/>
</bind>
</comp>

<comp id="54" class="1004" name="grid_addr_gep_fu_54">
<pin_list>
<pin id="55" dir="0" index="0" bw="1" slack="0"/>
<pin id="56" dir="0" index="1" bw="1" slack="0"/>
<pin id="57" dir="0" index="2" bw="9" slack="0"/>
<pin id="58" dir="1" index="3" bw="9" slack="0"/>
</pin_list>
<bind>
<opcode="getelementptr(29) " fcode="getelementptr"/>
<opset="grid_addr/1 "/>
</bind>
</comp>

<comp id="61" class="1004" name="store_ln75_access_fu_61">
<pin_list>
<pin id="62" dir="0" index="0" bw="9" slack="0"/>
<pin id="63" dir="0" index="1" bw="1" slack="0"/>
<pin id="64" dir="0" index="2" bw="0" slack="2147483647"/>
<pin id="65" dir="1" index="3" bw="1" slack="2147483647"/>
</pin_list>
<bind>
<opcode="store(28) " fcode="store"/>
<opset="store_ln75/1 "/>
</bind>
</comp>

<comp id="68" class="1004" name="store_ln0_store_fu_68">
<pin_list>
<pin id="69" dir="0" index="0" bw="1" slack="0"/>
<pin id="70" dir="0" index="1" bw="9" slack="0"/>
<pin id="71" dir="1" index="2" bw="0" slack="2147483647"/>
</pin_list>
<bind>
<opcode="store(28) " fcode="store"/>
<opset="store_ln0/1 "/>
</bind>
</comp>

<comp id="73" class="1004" name="store_ln73_store_fu_73">
<pin_list>
<pin id="74" dir="0" index="0" bw="1" slack="0"/>
<pin id="75" dir="0" index="1" bw="5" slack="0"/>
<pin id="76" dir="1" index="2" bw="0" slack="2147483647"/>
</pin_list>
<bind>
<opcode="store(28) " fcode="store"/>
<opset="store_ln73/1 "/>
</bind>
</comp>

<comp id="78" class="1004" name="store_ln74_store_fu_78">
<pin_list>
<pin id="79" dir="0" index="0" bw="1" slack="0"/>
<pin id="80" dir="0" index="1" bw="4" slack="0"/>
<pin id="81" dir="1" index="2" bw="0" slack="2147483647"/>
</pin_list>
<bind>
<opcode="store(28) " fcode="store"/>
<opset="store_ln74/1 "/>
</bind>
</comp>

<comp id="83" class="1004" name="indvar_flatten_load_load_fu_83">
<pin_list>
<pin id="84" dir="0" index="0" bw="9" slack="0"/>
<pin id="85" dir="1" index="1" bw="9" slack="0"/>
</pin_list>
<bind>
<opcode="load(27) " fcode="load"/>
<opset="indvar_flatten_load/1 "/>
</bind>
</comp>

<comp id="86" class="1004" name="icmp_ln73_fu_86">
<pin_list>
<pin id="87" dir="0" index="0" bw="9" slack="0"/>
<pin id="88" dir="0" index="1" bw="9" slack="0"/>
<pin id="89" dir="1" index="2" bw="1" slack="2147483647"/>
</pin_list>
<bind>
<opcode="icmp(45) " fcode="icmp"/>
<opset="icmp_ln73/1 "/>
</bind>
</comp>

<comp id="92" class="1004" name="add_ln73_fu_92">
<pin_list>
<pin id="93" dir="0" index="0" bw="9" slack="0"/>
<pin id="94" dir="0" index="1" bw="1" slack="0"/>
<pin id="95" dir="1" index="2" bw="9" slack="0"/>
</pin_list>
<bind>
<opcode="add(8) " fcode="add"/>
<opset="add_ln73/1 "/>
</bind>
</comp>

<comp id="98" class="1004" name="r_load_load_fu_98">
<pin_list>
<pin id="99" dir="0" index="0" bw="4" slack="0"/>
<pin id="100" dir="1" index="1" bw="4" slack="0"/>
</pin_list>
<bind>
<opcode="load(27) " fcode="load"/>
<opset="r_load/1 "/>
</bind>
</comp>

<comp id="101" class="1004" name="c_load_load_fu_101">
<pin_list>
<pin id="102" dir="0" index="0" bw="5" slack="0"/>
<pin id="103" dir="1" index="1" bw="5" slack="0"/>
</pin_list>
<bind>
<opcode="load(27) " fcode="load"/>
<opset="c_load/1 "/>
</bind>
</comp>

<comp id="104" class="1004" name="icmp_ln74_fu_104">
<pin_list>
<pin id="105" dir="0" index="0" bw="4" slack="0"/>
<pin id="106" dir="0" index="1" bw="1" slack="0"/>
<pin id="107" dir="1" index="2" bw="1" slack="0"/>
</pin_list>
<bind>
<opcode="icmp(45) " fcode="icmp"/>
<opset="icmp_ln74/1 "/>
</bind>
</comp>

<comp id="110" class="1004" name="select_ln73_fu_110">
<pin_list>
<pin id="111" dir="0" index="0" bw="1" slack="0"/>
<pin id="112" dir="0" index="1" bw="1" slack="0"/>
<pin id="113" dir="0" index="2" bw="4" slack="0"/>
<pin id="114" dir="1" index="3" bw="4" slack="0"/>
</pin_list>
<bind>
<opcode="select(49) " fcode="select"/>
<opset="select_ln73/1 "/>
</bind>
</comp>

<comp id="118" class="1004" name="add_ln73_1_fu_118">
<pin_list>
<pin id="119" dir="0" index="0" bw="5" slack="0"/>
<pin id="120" dir="0" index="1" bw="1" slack="0"/>
<pin id="121" dir="1" index="2" bw="5" slack="0"/>
</pin_list>
<bind>
<opcode="add(8) " fcode="add"/>
<opset="add_ln73_1/1 "/>
</bind>
</comp>

<comp id="124" class="1004" name="select_ln73_1_fu_124">
<pin_list>
<pin id="125" dir="0" index="0" bw="1" slack="0"/>
<pin id="126" dir="0" index="1" bw="5" slack="0"/>
<pin id="127" dir="0" index="2" bw="5" slack="0"/>
<pin id="128" dir="1" index="3" bw="5" slack="0"/>
</pin_list>
<bind>
<opcode="select(49) " fcode="select"/>
<opset="select_ln73_1/1 "/>
</bind>
</comp>

<comp id="132" class="1004" name="zext_ln75_fu_132">
<pin_list>
<pin id="133" dir="0" index="0" bw="5" slack="0"/>
<pin id="134" dir="1" index="1" bw="9" slack="0"/>
</pin_list>
<bind>
<opcode="zext(34) " fcode="zext"/>
<opset="zext_ln75/1 "/>
</bind>
</comp>

<comp id="136" class="1004" name="p_shl_fu_136">
<pin_list>
<pin id="137" dir="0" index="0" bw="9" slack="0"/>
<pin id="138" dir="0" index="1" bw="5" slack="0"/>
<pin id="139" dir="0" index="2" bw="1" slack="0"/>
<pin id="140" dir="1" index="3" bw="9" slack="0"/>
</pin_list>
<bind>
<opcode="bitconcatenate(1004) " fcode="bitconcatenate"/>
<opset="p_shl/1 "/>
</bind>
</comp>

<comp id="144" class="1004" name="sub_ln75_fu_144">
<pin_list>
<pin id="145" dir="0" index="0" bw="9" slack="0"/>
<pin id="146" dir="0" index="1" bw="5" slack="0"/>
<pin id="147" dir="1" index="2" bw="9" slack="0"/>
</pin_list>
<bind>
<opcode="sub(10) " fcode="sub"/>
<opset="sub_ln75/1 "/>
</bind>
</comp>

<comp id="150" class="1004" name="zext_ln75_1_fu_150">
<pin_list>
<pin id="151" dir="0" index="0" bw="4" slack="0"/>
<pin id="152" dir="1" index="1" bw="9" slack="0"/>
</pin_list>
<bind>
<opcode="zext(34) " fcode="zext"/>
<opset="zext_ln75_1/1 "/>
</bind>
</comp>

<comp id="154" class="1004" name="add_ln75_fu_154">
<pin_list>
<pin id="155" dir="0" index="0" bw="9" slack="0"/>
<pin id="156" dir="0" index="1" bw="4" slack="0"/>
<pin id="157" dir="1" index="2" bw="9" slack="0"/>
</pin_list>
<bind>
<opcode="add(8) " fcode="add"/>
<opset="add_ln75/1 "/>
</bind>
</comp>

<comp id="160" class="1004" name="zext_ln75_2_fu_160">
<pin_list>
<pin id="161" dir="0" index="0" bw="9" slack="0"/>
<pin id="162" dir="1" index="1" bw="64" slack="0"/>
</pin_list>
<bind>
<opcode="zext(34) " fcode="zext"/>
<opset="zext_ln75_2/1 "/>
</bind>
</comp>

<comp id="165" class="1004" name="add_ln74_fu_165">
<pin_list>
<pin id="166" dir="0" index="0" bw="4" slack="0"/>
<pin id="167" dir="0" index="1" bw="1" slack="0"/>
<pin id="168" dir="1" index="2" bw="4" slack="0"/>
</pin_list>
<bind>
<opcode="add(8) " fcode="add"/>
<opset="add_ln74/1 "/>
</bind>
</comp>

<comp id="171" class="1004" name="store_ln73_store_fu_171">
<pin_list>
<pin id="172" dir="0" index="0" bw="9" slack="0"/>
<pin id="173" dir="0" index="1" bw="9" slack="0"/>
<pin id="174" dir="1" index="2" bw="0" slack="2147483647"/>
</pin_list>
<bind>
<opcode="store(28) " fcode="store"/>
<opset="store_ln73/1 "/>
</bind>
</comp>

<comp id="176" class="1004" name="store_ln73_store_fu_176">
<pin_list>
<pin id="177" dir="0" index="0" bw="5" slack="0"/>
<pin id="178" dir="0" index="1" bw="5" slack="0"/>
<pin id="179" dir="1" index="2" bw="0" slack="2147483647"/>
</pin_list>
<bind>
<opcode="store(28) " fcode="store"/>
<opset="store_ln73/1 "/>
</bind>
</comp>

<comp id="181" class="1004" name="store_ln74_store_fu_181">
<pin_list>
<pin id="182" dir="0" index="0" bw="4" slack="0"/>
<pin id="183" dir="0" index="1" bw="4" slack="0"/>
<pin id="184" dir="1" index="2" bw="0" slack="2147483647"/>
</pin_list>
<bind>
<opcode="store(28) " fcode="store"/>
<opset="store_ln74/1 "/>
</bind>
</comp>

<comp id="186" class="1005" name="r_reg_186">
<pin_list>
<pin id="187" dir="0" index="0" bw="4" slack="0"/>
<pin id="188" dir="1" index="1" bw="4" slack="0"/>
</pin_list>
<bind>
<opset="r "/>
</bind>
</comp>

<comp id="193" class="1005" name="c_reg_193">
<pin_list>
<pin id="194" dir="0" index="0" bw="5" slack="0"/>
<pin id="195" dir="1" index="1" bw="5" slack="0"/>
</pin_list>
<bind>
<opset="c "/>
</bind>
</comp>

<comp id="200" class="1005" name="indvar_flatten_reg_200">
<pin_list>
<pin id="201" dir="0" index="0" bw="9" slack="0"/>
<pin id="202" dir="1" index="1" bw="9" slack="0"/>
</pin_list>
<bind>
<opset="indvar_flatten "/>
</bind>
</comp>

</comp_list>

<net_list>
<net id="45"><net_src comp="2" pin="0"/><net_sink comp="42" pin=0"/></net>

<net id="49"><net_src comp="2" pin="0"/><net_sink comp="46" pin=0"/></net>

<net id="53"><net_src comp="2" pin="0"/><net_sink comp="50" pin=0"/></net>

<net id="59"><net_src comp="0" pin="0"/><net_sink comp="54" pin=0"/></net>

<net id="60"><net_src comp="28" pin="0"/><net_sink comp="54" pin=1"/></net>

<net id="66"><net_src comp="38" pin="0"/><net_sink comp="61" pin=1"/></net>

<net id="67"><net_src comp="54" pin="3"/><net_sink comp="61" pin=0"/></net>

<net id="72"><net_src comp="4" pin="0"/><net_sink comp="68" pin=0"/></net>

<net id="77"><net_src comp="6" pin="0"/><net_sink comp="73" pin=0"/></net>

<net id="82"><net_src comp="8" pin="0"/><net_sink comp="78" pin=0"/></net>

<net id="90"><net_src comp="83" pin="1"/><net_sink comp="86" pin=0"/></net>

<net id="91"><net_src comp="10" pin="0"/><net_sink comp="86" pin=1"/></net>

<net id="96"><net_src comp="83" pin="1"/><net_sink comp="92" pin=0"/></net>

<net id="97"><net_src comp="12" pin="0"/><net_sink comp="92" pin=1"/></net>

<net id="108"><net_src comp="98" pin="1"/><net_sink comp="104" pin=0"/></net>

<net id="109"><net_src comp="22" pin="0"/><net_sink comp="104" pin=1"/></net>

<net id="115"><net_src comp="104" pin="2"/><net_sink comp="110" pin=0"/></net>

<net id="116"><net_src comp="8" pin="0"/><net_sink comp="110" pin=1"/></net>

<net id="117"><net_src comp="98" pin="1"/><net_sink comp="110" pin=2"/></net>

<net id="122"><net_src comp="101" pin="1"/><net_sink comp="118" pin=0"/></net>

<net id="123"><net_src comp="24" pin="0"/><net_sink comp="118" pin=1"/></net>

<net id="129"><net_src comp="104" pin="2"/><net_sink comp="124" pin=0"/></net>

<net id="130"><net_src comp="118" pin="2"/><net_sink comp="124" pin=1"/></net>

<net id="131"><net_src comp="101" pin="1"/><net_sink comp="124" pin=2"/></net>

<net id="135"><net_src comp="124" pin="3"/><net_sink comp="132" pin=0"/></net>

<net id="141"><net_src comp="26" pin="0"/><net_sink comp="136" pin=0"/></net>

<net id="142"><net_src comp="124" pin="3"/><net_sink comp="136" pin=1"/></net>

<net id="143"><net_src comp="8" pin="0"/><net_sink comp="136" pin=2"/></net>

<net id="148"><net_src comp="136" pin="3"/><net_sink comp="144" pin=0"/></net>

<net id="149"><net_src comp="132" pin="1"/><net_sink comp="144" pin=1"/></net>

<net id="153"><net_src comp="110" pin="3"/><net_sink comp="150" pin=0"/></net>

<net id="158"><net_src comp="144" pin="2"/><net_sink comp="154" pin=0"/></net>

<net id="159"><net_src comp="150" pin="1"/><net_sink comp="154" pin=1"/></net>

<net id="163"><net_src comp="154" pin="2"/><net_sink comp="160" pin=0"/></net>

<net id="164"><net_src comp="160" pin="1"/><net_sink comp="54" pin=2"/></net>

<net id="169"><net_src comp="110" pin="3"/><net_sink comp="165" pin=0"/></net>

<net id="170"><net_src comp="40" pin="0"/><net_sink comp="165" pin=1"/></net>

<net id="175"><net_src comp="92" pin="2"/><net_sink comp="171" pin=0"/></net>

<net id="180"><net_src comp="124" pin="3"/><net_sink comp="176" pin=0"/></net>

<net id="185"><net_src comp="165" pin="2"/><net_sink comp="181" pin=0"/></net>

<net id="189"><net_src comp="42" pin="1"/><net_sink comp="186" pin=0"/></net>

<net id="190"><net_src comp="186" pin="1"/><net_sink comp="78" pin=1"/></net>

<net id="191"><net_src comp="186" pin="1"/><net_sink comp="98" pin=0"/></net>

<net id="192"><net_src comp="186" pin="1"/><net_sink comp="181" pin=1"/></net>

<net id="196"><net_src comp="46" pin="1"/><net_sink comp="193" pin=0"/></net>

<net id="197"><net_src comp="193" pin="1"/><net_sink comp="73" pin=1"/></net>

<net id="198"><net_src comp="193" pin="1"/><net_sink comp="101" pin=0"/></net>

<net id="199"><net_src comp="193" pin="1"/><net_sink comp="176" pin=1"/></net>

<net id="203"><net_src comp="50" pin="1"/><net_sink comp="200" pin=0"/></net>

<net id="204"><net_src comp="200" pin="1"/><net_sink comp="68" pin=1"/></net>

<net id="205"><net_src comp="200" pin="1"/><net_sink comp="83" pin=0"/></net>

<net id="206"><net_src comp="200" pin="1"/><net_sink comp="171" pin=1"/></net>

</net_list>

</model> 
---------------- Datapath Model END ------------------

* FSMD analyzer results:
  - Output states:
	Port: grid | {1 }
 - Input state : 
  - Chain level:
	State 1
		store_ln0 : 1
		store_ln73 : 1
		store_ln74 : 1
		indvar_flatten_load : 1
		icmp_ln73 : 2
		add_ln73 : 2
		br_ln73 : 3
		r_load : 1
		c_load : 1
		icmp_ln74 : 2
		select_ln73 : 3
		add_ln73_1 : 2
		select_ln73_1 : 3
		zext_ln75 : 4
		p_shl : 4
		sub_ln75 : 5
		zext_ln75_1 : 4
		add_ln75 : 6
		zext_ln75_2 : 7
		grid_addr : 8
		store_ln75 : 9
		add_ln74 : 4
		store_ln73 : 3
		store_ln73 : 4
		store_ln74 : 5


============================================================
+ Verbose Summary: Datapath Resource usage 
============================================================

* Functional unit list:
|----------|----------------------|---------|---------|
| Operation|    Functional Unit   |    FF   |   LUT   |
|----------|----------------------|---------|---------|
|          |    add_ln73_fu_92    |    0    |    14   |
|    add   |   add_ln73_1_fu_118  |    0    |    13   |
|          |    add_ln75_fu_154   |    0    |    9    |
|          |    add_ln74_fu_165   |    0    |    13   |
|----------|----------------------|---------|---------|
|   icmp   |    icmp_ln73_fu_86   |    0    |    14   |
|          |   icmp_ln74_fu_104   |    0    |    13   |
|----------|----------------------|---------|---------|
|  select  |  select_ln73_fu_110  |    0    |    4    |
|          | select_ln73_1_fu_124 |    0    |    5    |
|----------|----------------------|---------|---------|
|    sub   |    sub_ln75_fu_144   |    0    |    9    |
|----------|----------------------|---------|---------|
|          |   zext_ln75_fu_132   |    0    |    0    |
|   zext   |  zext_ln75_1_fu_150  |    0    |    0    |
|          |  zext_ln75_2_fu_160  |    0    |    0    |
|----------|----------------------|---------|---------|
|bitconcatenate|     p_shl_fu_136     |    0    |    0    |
|----------|----------------------|---------|---------|
|   Total  |                      |    0    |    94   |
|----------|----------------------|---------|---------|

Memories:
N/A

* Register list:
+----------------------+--------+
|                      |   FF   |
+----------------------+--------+
|       c_reg_193      |    5   |
|indvar_flatten_reg_200|    9   |
|       r_reg_186      |    4   |
+----------------------+--------+
|         Total        |   18   |
+----------------------+--------+

* Multiplexer (MUX) list: 
|--------|------|------|------|--------|
|  Comp  |  Pin | Size |  BW  | S x BW |
|--------|------|------|------|--------|
|  Total |      |      |      |    0   |
|--------|------|------|------|--------|



* Summary:
+-----------+--------+--------+
|           |   FF   |   LUT  |
+-----------+--------+--------+
|  Function |    0   |   94   |
|   Memory  |    -   |    -   |
|Multiplexer|    -   |    -   |
|  Register |   18   |    -   |
+-----------+--------+--------+
|   Total   |   18   |   94   |
+-----------+--------+--------+
