

================================================================
== Vitis HLS Report for 'snake_top_Pipeline_VITIS_LOOP_27_1'
================================================================
* Date:           Sat Mar 21 02:24:10 2026

* Version:        2025.2 (Build 6295257 on Nov 12 2025)
* Project:        snake_top
* Solution:       hls (Vivado IP Flow Target)
* Product family: zynq
* Target device:  xc7z010-clg225-1


================================================================
== Performance Estimates
================================================================
+ Timing: 
    * Summary: 
    +--------+----------+----------+------------+
    |  Clock |  Target  | Estimated| Uncertainty|
    +--------+----------+----------+------------+
    |ap_clk  |  25.00 ns|  7.608 ns|     6.75 ns|
    +--------+----------+----------+------------+

+ Latency: 
    * Summary: 
    +---------+---------+-----------+----------+-----+-----+-------------------+
    |  Latency (cycles) |  Latency (absolute)  |  Interval |      Pipeline     |
    |   min   |   max   |    min    |    max   | min | max |        Type       |
    +---------+---------+-----------+----------+-----+-----+-------------------+
    |        3|       34|  75.000 ns|  0.850 us|    0|    0|  loop pipeline stp|
    +---------+---------+-----------+----------+-----+-----+-------------------+

    + Detail: 
        * Instance: 
        N/A

        * Loop: 
        +-------------------+---------+---------+----------+-----------+-----------+--------+----------+
        |                   |  Latency (cycles) | Iteration|  Initiation Interval  |  Trip  |          |
        |     Loop Name     |   min   |   max   |  Latency |  achieved |   target  |  Count | Pipelined|
        +-------------------+---------+---------+----------+-----------+-----------+--------+----------+
        |- VITIS_LOOP_27_1  |        1|       32|         2|          1|          1|  0 ~ 32|       yes|
        +-------------------+---------+---------+----------+-----------+-----------+--------+----------+

============================================================
+ Verbose Summary: Synthesis Manager
============================================================
InlineROM: 1
ExposeGlobal: 0
============================================================
+ Verbose Summary: CDFG Model
============================================================
IsTopModel: 0
ResetActiveHigh: 1
IsCombinational: 0
IsDatapathOnly: 0
HasWiredReturn: 1
HasMFsm: 2
HasVarLatency: 1
IsPipeline: 0
IsRtlPipelined: 0
IsInstanceOverlapped: 0
IsDontTouch: 0
HasImplIP: 0
IsGatedGlobalClock: 0

+ Individual pipeline summary: 
  * Pipeline-0: initiation interval (II) = 1, depth = 2


============================================================
+ Verbose Summary: Schedule
============================================================
* Number of FSM states : 2
* Pipeline : 1
  Pipeline-0 : II = 1, D = 2, States = { 1 2 }
* Dataflow Pipeline: 0

* FSM state transitions: 
1 --> 2 
2 --> 

* FSM state operations: 

State 1 <SV = 0> <Delay = 7.60>
ST_1 : Operation 5 [1/1] (0.00ns)   --->   "%attempt = alloca i32 1" [../snake.cpp:27->../snake.cpp:100]   --->   Operation 5 'alloca' 'attempt' <Predicate = true> <Delay = 0.00>
ST_1 : Operation 6 [1/1] (0.00ns)   --->   "%s = alloca i32 1" [../snake.cpp:7->../snake.cpp:28->../snake.cpp:100]   --->   Operation 6 'alloca' 's' <Predicate = true> <Delay = 0.00>
ST_1 : Operation 7 [1/1] (0.00ns)   --->   "%conv2_i_i186_i = alloca i32 1"   --->   Operation 7 'alloca' 'conv2_i_i186_i' <Predicate = true> <Delay = 0.00>
ST_1 : Operation 8 [1/1] (0.00ns)   --->   "%conv2_i_i8_i = alloca i32 1"   --->   Operation 8 'alloca' 'conv2_i_i8_i' <Predicate = true> <Delay = 0.00>
ST_1 : Operation 9 [1/1] (1.58ns)   --->   "%store_ln0 = store i4 0, i4 %conv2_i_i8_i"   --->   Operation 9 'store' 'store_ln0' <Predicate = true> <Delay = 1.58>
ST_1 : Operation 10 [1/1] (1.58ns)   --->   "%store_ln0 = store i5 0, i5 %conv2_i_i186_i"   --->   Operation 10 'store' 'store_ln0' <Predicate = true> <Delay = 1.58>
ST_1 : Operation 11 [1/1] (1.58ns)   --->   "%store_ln7 = store i16 44257, i16 %s" [../snake.cpp:7->../snake.cpp:28->../snake.cpp:100]   --->   Operation 11 'store' 'store_ln7' <Predicate = true> <Delay = 1.58>
ST_1 : Operation 12 [1/1] (1.58ns)   --->   "%store_ln27 = store i5 0, i5 %attempt" [../snake.cpp:27->../snake.cpp:100]   --->   Operation 12 'store' 'store_ln27' <Predicate = true> <Delay = 1.58>
ST_1 : Operation 13 [1/1] (0.00ns)   --->   "%br_ln0 = br void %for.body.i_ifconv"   --->   Operation 13 'br' 'br_ln0' <Predicate = true> <Delay = 0.00>
ST_1 : Operation 14 [1/1] (0.00ns)   --->   "%s_2 = load i16 %s" [../snake.cpp:14->../snake.cpp:28->../snake.cpp:100]   --->   Operation 14 'load' 's_2' <Predicate = true> <Delay = 0.00>
ST_1 : Operation 15 [1/1] (0.00ns) (grouped into LUT with out node xor_ln14)   --->   "%tmp = bitselect i1 @_ssdm_op_BitSelect.i1.i16.i32, i16 %s_2, i32 12" [../snake.cpp:12->../snake.cpp:28->../snake.cpp:100]   --->   Operation 15 'bitselect' 'tmp' <Predicate = true> <Delay = 0.00>
ST_1 : Operation 16 [1/1] (0.00ns) (grouped into LUT with out node xor_ln14)   --->   "%tmp_6 = bitselect i1 @_ssdm_op_BitSelect.i1.i16.i32, i16 %s_2, i32 3" [../snake.cpp:12->../snake.cpp:28->../snake.cpp:100]   --->   Operation 16 'bitselect' 'tmp_6' <Predicate = true> <Delay = 0.00>
ST_1 : Operation 17 [1/1] (0.00ns) (grouped into LUT with out node xor_ln14)   --->   "%tmp_7 = bitselect i1 @_ssdm_op_BitSelect.i1.i16.i32, i16 %s_2, i32 14" [../snake.cpp:12->../snake.cpp:28->../snake.cpp:100]   --->   Operation 17 'bitselect' 'tmp_7' <Predicate = true> <Delay = 0.00>
ST_1 : Operation 18 [1/1] (0.00ns)   --->   "%lshr_ln = partselect i15 @_ssdm_op_PartSelect.i15.i16.i32.i32, i16 %s_2, i32 1, i32 15" [../snake.cpp:14->../snake.cpp:28->../snake.cpp:100]   --->   Operation 18 'partselect' 'lshr_ln' <Predicate = true> <Delay = 0.00>
ST_1 : Operation 19 [1/1] (0.00ns) (grouped into LUT with out node xor_ln14)   --->   "%xor_ln14_3 = xor i1 %tmp, i1 %tmp_7" [../snake.cpp:14->../snake.cpp:28->../snake.cpp:100]   --->   Operation 19 'xor' 'xor_ln14_3' <Predicate = true> <Delay = 0.00> <CoreInst = "LogicGate">   --->   Core 74 'LogicGate' <Latency = 0> <II = 1> <Delay = 0.97> <FuncUnit> <Opcode : 'and' 'or' 'xor'> <InPorts = 2> <OutPorts = 1>
ST_1 : Operation 20 [1/1] (0.00ns) (grouped into LUT with out node xor_ln14)   --->   "%xor_ln14_2 = xor i1 %xor_ln14_3, i1 %tmp_6" [../snake.cpp:14->../snake.cpp:28->../snake.cpp:100]   --->   Operation 20 'xor' 'xor_ln14_2' <Predicate = true> <Delay = 0.00> <CoreInst = "LogicGate">   --->   Core 74 'LogicGate' <Latency = 0> <II = 1> <Delay = 0.97> <FuncUnit> <Opcode : 'and' 'or' 'xor'> <InPorts = 2> <OutPorts = 1>
ST_1 : Operation 21 [1/1] (0.00ns) (grouped into LUT with out node xor_ln14)   --->   "%shl_ln = bitconcatenate i16 @_ssdm_op_BitConcatenate.i16.i1.i15, i1 %xor_ln14_2, i15 0" [../snake.cpp:14->../snake.cpp:28->../snake.cpp:100]   --->   Operation 21 'bitconcatenate' 'shl_ln' <Predicate = true> <Delay = 0.00>
ST_1 : Operation 22 [1/1] (0.00ns) (grouped into LUT with out node xor_ln14)   --->   "%tmp_8 = bitselect i1 @_ssdm_op_BitSelect.i1.i16.i32, i16 %s_2, i32 15" [../snake.cpp:14->../snake.cpp:28->../snake.cpp:100]   --->   Operation 22 'bitselect' 'tmp_8' <Predicate = true> <Delay = 0.00>
ST_1 : Operation 23 [1/1] (0.00ns) (grouped into LUT with out node xor_ln14)   --->   "%and_ln = bitconcatenate i16 @_ssdm_op_BitConcatenate.i16.i1.i15, i1 %tmp_8, i15 0" [../snake.cpp:14->../snake.cpp:28->../snake.cpp:100]   --->   Operation 23 'bitconcatenate' 'and_ln' <Predicate = true> <Delay = 0.00>
ST_1 : Operation 24 [1/1] (0.99ns) (out node of the LUT)   --->   "%xor_ln14 = xor i16 %shl_ln, i16 %and_ln" [../snake.cpp:14->../snake.cpp:28->../snake.cpp:100]   --->   Operation 24 'xor' 'xor_ln14' <Predicate = true> <Delay = 0.99> <CoreInst = "LogicGate">   --->   Core 74 'LogicGate' <Latency = 0> <II = 1> <Delay = 0.99> <FuncUnit> <Opcode : 'and' 'or' 'xor'> <InPorts = 2> <OutPorts = 1>
ST_1 : Operation 25 [1/1] (0.00ns)   --->   "%tmp_9 = bitselect i1 @_ssdm_op_BitSelect.i1.i16.i32, i16 %xor_ln14, i32 15" [../snake.cpp:14->../snake.cpp:28->../snake.cpp:100]   --->   Operation 25 'bitselect' 'tmp_9' <Predicate = true> <Delay = 0.00>
ST_1 : Operation 26 [1/1] (0.00ns)   --->   "%c = partselect i5 @_ssdm_op_PartSelect.i5.i16.i32.i32, i16 %s_2, i32 1, i32 5" [../snake.cpp:29->../snake.cpp:100]   --->   Operation 26 'partselect' 'c' <Predicate = true> <Delay = 0.00>
ST_1 : Operation 27 [1/1] (0.00ns)   --->   "%r_1 = partselect i4 @_ssdm_op_PartSelect.i4.i16.i32.i32, i16 %s_2, i32 6, i32 9" [../snake.cpp:30->../snake.cpp:100]   --->   Operation 27 'partselect' 'r_1' <Predicate = true> <Delay = 0.00>
ST_1 : Operation 28 [1/1] (0.00ns)   --->   "%zext_ln31 = zext i5 %c" [../snake.cpp:31->../snake.cpp:100]   --->   Operation 28 'zext' 'zext_ln31' <Predicate = true> <Delay = 0.00>
ST_1 : Operation 29 [1/1] (0.00ns)   --->   "%p_shl = bitconcatenate i9 @_ssdm_op_BitConcatenate.i9.i5.i4, i5 %c, i4 0" [../snake.cpp:31->../snake.cpp:100]   --->   Operation 29 'bitconcatenate' 'p_shl' <Predicate = true> <Delay = 0.00>
ST_1 : Operation 30 [1/1] (0.00ns) (grouped into TernaryAdder)   --->   "%sub_ln31 = sub i9 %p_shl, i9 %zext_ln31" [../snake.cpp:31->../snake.cpp:100]   --->   Operation 30 'sub' 'sub_ln31' <Predicate = true> <Delay = 0.00> <CoreInst = "TAddSub">   --->   Core 10 'TAddSub' <Latency = 0> <II = 1> <Delay = 1.84> <IPBlock> <Opcode : 'add' 'sub'> <InPorts = 3> <OutPorts = 1> <Sync> <CReg>
ST_1 : Operation 31 [1/1] (0.00ns)   --->   "%zext_ln31_3 = zext i4 %r_1" [../snake.cpp:31->../snake.cpp:100]   --->   Operation 31 'zext' 'zext_ln31_3' <Predicate = true> <Delay = 0.00>
ST_1 : Operation 32 [1/1] (3.69ns) (root node of TernaryAdder)   --->   "%add_ln31 = add i9 %sub_ln31, i9 %zext_ln31_3" [../snake.cpp:31->../snake.cpp:100]   --->   Operation 32 'add' 'add_ln31' <Predicate = true> <Delay = 3.69> <CoreInst = "TAddSub">   --->   Core 10 'TAddSub' <Latency = 0> <II = 1> <Delay = 1.84> <IPBlock> <Opcode : 'add' 'sub'> <InPorts = 3> <OutPorts = 1> <Sync> <CReg>
ST_1 : Operation 33 [1/1] (0.00ns)   --->   "%zext_ln31_4 = zext i9 %add_ln31" [../snake.cpp:31->../snake.cpp:100]   --->   Operation 33 'zext' 'zext_ln31_4' <Predicate = true> <Delay = 0.00>
ST_1 : Operation 34 [1/1] (0.00ns)   --->   "%grid_addr = getelementptr i1 %grid, i64 0, i64 %zext_ln31_4" [../snake.cpp:31->../snake.cpp:100]   --->   Operation 34 'getelementptr' 'grid_addr' <Predicate = true> <Delay = 0.00>
ST_1 : Operation 35 [2/2] (2.32ns)   --->   "%grid_load = load i9 %grid_addr" [../snake.cpp:31->../snake.cpp:100]   --->   Operation 35 'load' 'grid_load' <Predicate = true> <Delay = 2.32> <CoreInst = "RAM">   --->   Core 81 'RAM' <Latency = 1> <II = 1> <Delay = 2.32> <Storage> <Opcode : 'load' 'store'> <Ports = 2> <Width = 1> <Depth = 300> <RAM>

State 2 <SV = 1> <Delay = 7.60>
ST_2 : Operation 36 [1/1] (0.00ns)   --->   "%attempt_3 = load i5 %attempt" [../snake.cpp:27->../snake.cpp:100]   --->   Operation 36 'load' 'attempt_3' <Predicate = true> <Delay = 0.00>
ST_2 : Operation 37 [1/1] (0.00ns)   --->   "%conv2_i_i186_i_load = load i5 %conv2_i_i186_i"   --->   Operation 37 'load' 'conv2_i_i186_i_load' <Predicate = true> <Delay = 0.00>
ST_2 : Operation 38 [1/1] (0.00ns)   --->   "%conv2_i_i8_i_load = load i4 %conv2_i_i8_i"   --->   Operation 38 'load' 'conv2_i_i8_i_load' <Predicate = true> <Delay = 0.00>
ST_2 : Operation 39 [1/1] (0.00ns)   --->   "%zext_ln27 = zext i5 %attempt_3" [../snake.cpp:27->../snake.cpp:100]   --->   Operation 39 'zext' 'zext_ln27' <Predicate = true> <Delay = 0.00>
ST_2 : Operation 40 [1/1] (0.00ns)   --->   "%specpipeline_ln27 = specpipeline void @_ssdm_op_SpecPipeline, i32 4294967295, i32 0, i32 0, i32 0, i32 4294967295, void @empty_0" [../snake.cpp:27->../snake.cpp:100]   --->   Operation 40 'specpipeline' 'specpipeline_ln27' <Predicate = true> <Delay = 0.00>
ST_2 : Operation 41 [1/1] (0.00ns)   --->   "%speclooptripcount_ln27 = speclooptripcount void @_ssdm_op_SpecLoopTripCount, i64 0, i64 32, i64 16" [../snake.cpp:27->../snake.cpp:100]   --->   Operation 41 'speclooptripcount' 'speclooptripcount_ln27' <Predicate = true> <Delay = 0.00>
ST_2 : Operation 42 [1/1] (0.00ns)   --->   "%specloopname_ln27 = specloopname void @_ssdm_op_SpecLoopName, void @empty_2" [../snake.cpp:27->../snake.cpp:100]   --->   Operation 42 'specloopname' 'specloopname_ln27' <Predicate = true> <Delay = 0.00>
ST_2 : Operation 43 [1/1] (0.00ns)   --->   "%or_ln = bitconcatenate i16 @_ssdm_op_BitConcatenate.i16.i1.i15, i1 %tmp_9, i15 %lshr_ln" [../snake.cpp:14->../snake.cpp:28->../snake.cpp:100]   --->   Operation 43 'bitconcatenate' 'or_ln' <Predicate = true> <Delay = 0.00>
ST_2 : Operation 44 [1/2] ( I:2.32ns O:2.32ns )   --->   "%grid_load = load i9 %grid_addr" [../snake.cpp:31->../snake.cpp:100]   --->   Operation 44 'load' 'grid_load' <Predicate = true> <Delay = 2.32> <CoreInst = "RAM">   --->   Core 81 'RAM' <Latency = 1> <II = 1> <Delay = 2.32> <Storage> <Opcode : 'load' 'store'> <Ports = 2> <Width = 1> <Depth = 300> <RAM>
ST_2 : Operation 45 [1/1] (1.78ns)   --->   "%icmp_ln31 = icmp_ugt  i5 %c, i5 19" [../snake.cpp:31->../snake.cpp:100]   --->   Operation 45 'icmp' 'icmp_ln31' <Predicate = true> <Delay = 1.78> <CoreInst = "Cmp">   --->   Core 9 'Cmp' <Latency = 0> <II = 1> <Delay = 1.78> <FuncUnit> <Opcode : 'seteq' 'setne' 'setle' 'setge' 'setlt' 'setgt'> <InPorts = 2> <OutPorts = 1>
ST_2 : Operation 46 [1/1] (1.73ns)   --->   "%icmp_ln31_1 = icmp_eq  i4 %r_1, i4 15" [../snake.cpp:31->../snake.cpp:100]   --->   Operation 46 'icmp' 'icmp_ln31_1' <Predicate = true> <Delay = 1.73> <CoreInst = "Cmp">   --->   Core 9 'Cmp' <Latency = 0> <II = 1> <Delay = 1.73> <FuncUnit> <Opcode : 'seteq' 'setne' 'setle' 'setge' 'setlt' 'setgt'> <InPorts = 2> <OutPorts = 1>
ST_2 : Operation 47 [1/1] (0.00ns) (grouped into LUT with out node or_ln31_1)   --->   "%or_ln31 = or i1 %icmp_ln31_1, i1 %grid_load" [../snake.cpp:31->../snake.cpp:100]   --->   Operation 47 'or' 'or_ln31' <Predicate = true> <Delay = 0.00> <CoreInst = "LogicGate">   --->   Core 74 'LogicGate' <Latency = 0> <II = 1> <Delay = 0.97> <FuncUnit> <Opcode : 'and' 'or' 'xor'> <InPorts = 2> <OutPorts = 1>
ST_2 : Operation 48 [1/1] (0.97ns) (out node of the LUT)   --->   "%or_ln31_1 = or i1 %or_ln31, i1 %icmp_ln31" [../snake.cpp:31->../snake.cpp:100]   --->   Operation 48 'or' 'or_ln31_1' <Predicate = true> <Delay = 0.97> <CoreInst = "LogicGate">   --->   Core 74 'LogicGate' <Latency = 0> <II = 1> <Delay = 0.97> <FuncUnit> <Opcode : 'and' 'or' 'xor'> <InPorts = 2> <OutPorts = 1>
ST_2 : Operation 49 [1/1] (1.02ns)   --->   "%r = select i1 %or_ln31_1, i4 %conv2_i_i8_i_load, i4 %r_1" [../snake.cpp:31->../snake.cpp:100]   --->   Operation 49 'select' 'r' <Predicate = true> <Delay = 1.02> <CoreInst = "Sel">   --->   Core 73 'Sel' <Latency = 0> <II = 1> <Delay = 1.02> <FuncUnit> <Opcode : 'select'> <InPorts = 3> <OutPorts = 1>
ST_2 : Operation 50 [1/1] (1.21ns)   --->   "%c_2 = select i1 %or_ln31_1, i5 %conv2_i_i186_i_load, i5 %c" [../snake.cpp:31->../snake.cpp:100]   --->   Operation 50 'select' 'c_2' <Predicate = true> <Delay = 1.21> <CoreInst = "Sel">   --->   Core 73 'Sel' <Latency = 0> <II = 1> <Delay = 1.21> <FuncUnit> <Opcode : 'select'> <InPorts = 3> <OutPorts = 1>
ST_2 : Operation 51 [1/1] (1.78ns)   --->   "%attempt_4 = add i6 %zext_ln27, i6 1" [../snake.cpp:27->../snake.cpp:100]   --->   Operation 51 'add' 'attempt_4' <Predicate = true> <Delay = 1.78> <CoreInst = "Adder">   --->   Core 1 'Adder' <Latency = 0> <II = 1> <Delay = 1.78> <FuncUnit> <Opcode : 'add' 'sub'> <InPorts = 2> <OutPorts = 1>
ST_2 : Operation 52 [1/1] (0.00ns)   --->   "%trunc_ln27 = trunc i6 %attempt_4" [../snake.cpp:27->../snake.cpp:100]   --->   Operation 52 'trunc' 'trunc_ln27' <Predicate = true> <Delay = 0.00>
ST_2 : Operation 53 [1/1] (0.00ns) (grouped into LUT with out node or_cond5_i)   --->   "%tmp_10 = bitselect i1 @_ssdm_op_BitSelect.i1.i6.i32, i6 %attempt_4, i32 5" [../snake.cpp:27->../snake.cpp:100]   --->   Operation 53 'bitselect' 'tmp_10' <Predicate = true> <Delay = 0.00>
ST_2 : Operation 54 [1/1] (0.00ns) (grouped into LUT with out node or_cond5_i)   --->   "%xor_ln27 = xor i1 %tmp_10, i1 1" [../snake.cpp:27->../snake.cpp:100]   --->   Operation 54 'xor' 'xor_ln27' <Predicate = true> <Delay = 0.00> <CoreInst = "LogicGate">   --->   Core 74 'LogicGate' <Latency = 0> <II = 1> <Delay = 0.97> <FuncUnit> <Opcode : 'and' 'or' 'xor'> <InPorts = 2> <OutPorts = 1>
ST_2 : Operation 55 [1/1] (0.97ns) (out node of the LUT)   --->   "%or_cond5_i = and i1 %or_ln31_1, i1 %xor_ln27" [../snake.cpp:31->../snake.cpp:100]   --->   Operation 55 'and' 'or_cond5_i' <Predicate = true> <Delay = 0.97> <CoreInst = "LogicGate">   --->   Core 74 'LogicGate' <Latency = 0> <II = 1> <Delay = 0.97> <FuncUnit> <Opcode : 'and' 'or' 'xor'> <InPorts = 2> <OutPorts = 1>
ST_2 : Operation 56 [1/1] (1.58ns)   --->   "%store_ln31 = store i4 %r, i4 %conv2_i_i8_i" [../snake.cpp:31->../snake.cpp:100]   --->   Operation 56 'store' 'store_ln31' <Predicate = true> <Delay = 1.58>
ST_2 : Operation 57 [1/1] (1.58ns)   --->   "%store_ln31 = store i5 %c_2, i5 %conv2_i_i186_i" [../snake.cpp:31->../snake.cpp:100]   --->   Operation 57 'store' 'store_ln31' <Predicate = true> <Delay = 1.58>
ST_2 : Operation 58 [1/1] (1.58ns)   --->   "%store_ln7 = store i16 %or_ln, i16 %s" [../snake.cpp:7->../snake.cpp:28->../snake.cpp:100]   --->   Operation 58 'store' 'store_ln7' <Predicate = true> <Delay = 1.58>
ST_2 : Operation 59 [1/1] (1.58ns)   --->   "%store_ln27 = store i5 %trunc_ln27, i5 %attempt" [../snake.cpp:27->../snake.cpp:100]   --->   Operation 59 'store' 'store_ln27' <Predicate = true> <Delay = 1.58>
ST_2 : Operation 60 [1/1] (0.00ns)   --->   "%br_ln31 = br i1 %or_cond5_i, void %_ZL10spawn_foodR7ap_uintILi16EEPA15_b.exit.exitStub, void %for.body.i_ifconv" [../snake.cpp:31->../snake.cpp:100]   --->   Operation 60 'br' 'br_ln31' <Predicate = true> <Delay = 0.00>
ST_2 : Operation 61 [1/1] (0.00ns)   --->   "%write_ln14 = write void @_ssdm_op_Write.ap_auto.i16P0A, i16 %or_ln_out, i16 %or_ln" [../snake.cpp:14->../snake.cpp:28->../snake.cpp:100]   --->   Operation 61 'write' 'write_ln14' <Predicate = (!or_cond5_i)> <Delay = 0.00>
ST_2 : Operation 62 [1/1] (0.00ns)   --->   "%write_ln31 = write void @_ssdm_op_Write.ap_auto.i4P0A, i4 %r_5_out, i4 %r" [../snake.cpp:31->../snake.cpp:100]   --->   Operation 62 'write' 'write_ln31' <Predicate = (!or_cond5_i)> <Delay = 0.00>
ST_2 : Operation 63 [1/1] (0.00ns)   --->   "%write_ln31 = write void @_ssdm_op_Write.ap_auto.i5P0A, i5 %c_6_out, i5 %c_2" [../snake.cpp:31->../snake.cpp:100]   --->   Operation 63 'write' 'write_ln31' <Predicate = (!or_cond5_i)> <Delay = 0.00>
ST_2 : Operation 64 [1/1] (1.58ns)   --->   "%ret_ln0 = ret"   --->   Operation 64 'ret' 'ret_ln0' <Predicate = (!or_cond5_i)> <Delay = 1.58>


============================================================
+ Verbose Summary: Timing violations
============================================================
Target clock period: 25.000ns, clock uncertainty: 6.750ns.

 <State 1>: 7.608ns
The critical path consists of the following:
	'store' operation ('store_ln7', ../snake.cpp:7->../snake.cpp:28->../snake.cpp:100) of constant 44257 16 bit on local variable 's', ../snake.cpp:7->../snake.cpp:28->../snake.cpp:100 [11]  (1.588 ns)
	'load' operation 16 bit ('s', ../snake.cpp:14->../snake.cpp:28->../snake.cpp:100) on local variable 's', ../snake.cpp:7->../snake.cpp:28->../snake.cpp:100 [16]  (0.000 ns)
	'sub' operation 9 bit ('sub_ln31', ../snake.cpp:31->../snake.cpp:100) [39]  (0.000 ns)
	'add' operation 9 bit ('add_ln31', ../snake.cpp:31->../snake.cpp:100) [41]  (3.698 ns)
	'getelementptr' operation 9 bit ('grid_addr', ../snake.cpp:31->../snake.cpp:100) [43]  (0.000 ns)
	'load' operation 1 bit ('grid_load', ../snake.cpp:31->../snake.cpp:100) on array 'grid' [44]  (2.322 ns)

 <State 2>: 7.608ns
The critical path consists of the following:
	'store' operation ('store_ln7', ../snake.cpp:7->../snake.cpp:28->../snake.cpp:100) of variable 'or_ln', ../snake.cpp:14->../snake.cpp:28->../snake.cpp:100 16 bit on local variable 's', ../snake.cpp:7->../snake.cpp:28->../snake.cpp:100 [58]  (1.588 ns)
	'load' operation 16 bit ('s', ../snake.cpp:14->../snake.cpp:28->../snake.cpp:100) on local variable 's', ../snake.cpp:7->../snake.cpp:28->../snake.cpp:100 [16]  (0.000 ns)
	'sub' operation 9 bit ('sub_ln31', ../snake.cpp:31->../snake.cpp:100) [39]  (0.000 ns)
	'add' operation 9 bit ('add_ln31', ../snake.cpp:31->../snake.cpp:100) [41]  (3.698 ns)
	'getelementptr' operation 9 bit ('grid_addr', ../snake.cpp:31->../snake.cpp:100) [43]  (0.000 ns)
	'load' operation 1 bit ('grid_load', ../snake.cpp:31->../snake.cpp:100) on array 'grid' [44]  (2.322 ns)


============================================================
+ Verbose Summary: Binding
============================================================
N/A
* FSMD analyzer results:
  - Output states:
 - Input state : 
  - Chain level:
	State 1
	State 2


============================================================
+ Verbose Summary: Datapath Resource usage 
============================================================
N/A
