

================================================================
== Vitis HLS Report for 'snake_top_Pipeline_VITIS_LOOP_94_4'
================================================================
* Date:           Sat Mar 21 02:24:10 2026

* Version:        2025.2 (Build 6295257 on Nov 12 2025)
* Project:        snake_top
* Solution:       hls (Vivado IP Flow Target)
* Product family: zynq
* Target device:  xc7z010-clg225-1


================================================================
== Performance Estimates
================================================================
+ Timing: 
    * Summary: 
    +--------+----------+----------+------------+
    |  Clock |  Target  | Estimated| Uncertainty|
    +--------+----------+----------+------------+
    |ap_clk  |  25.00 ns|  6.665 ns|     6.75 ns|
    +--------+----------+----------+------------+

+ Latency: 
    * Summary: 
    +---------+---------+----------+----------+-----+-----+-------------------+
    |  Latency (cycles) |  Latency (absolute) |  Interval |      Pipeline     |
    |   min   |   max   |    min   |    max   | min | max |        Type       |
    +---------+---------+----------+----------+-----+-----+-------------------+
    |      299|      299|  7.475 us|  7.475 us|    0|    0|  loop pipeline stp|
    +---------+---------+----------+----------+-----+-----+-------------------+

    + Detail: 
        * Instance: 
        N/A

        * Loop: 
        +-------------------+---------+---------+----------+-----------+-----------+------+----------+
        |                   |  Latency (cycles) | Iteration|  Initiation Interval  | Trip |          |
        |     Loop Name     |   min   |   max   |  Latency |  achieved |   target  | Count| Pipelined|
        +-------------------+---------+---------+----------+-----------+-----------+------+----------+
        |- VITIS_LOOP_94_4  |      297|      297|         1|          1|          1|   297|       yes|
        +-------------------+---------+---------+----------+-----------+-----------+------+----------+

============================================================
+ Verbose Summary: Synthesis Manager
============================================================
InlineROM: 1
ExposeGlobal: 0
============================================================
+ Verbose Summary: CDFG Model
============================================================
IsTopModel: 0
ResetActiveHigh: 1
IsCombinational: 0
IsDatapathOnly: 0
HasWiredReturn: 1
HasMFsm: 2
HasVarLatency: 1
IsPipeline: 0
IsRtlPipelined: 0
IsInstanceOverlapped: 0
IsDontTouch: 0
HasImplIP: 0
IsGatedGlobalClock: 0

+ Individual pipeline summary: 
  * Pipeline-0: initiation interval (II) = 1, depth = 1


============================================================
+ Verbose Summary: Schedule
============================================================
* Number of FSM states : 1
* Pipeline : 1
  Pipeline-0 : II = 1, D = 1, States = { 1 }
* Dataflow Pipeline: 0

* FSM state transitions: 
1 --> 

* FSM state operations: 

State 1 <SV = 0> <Delay = 6.66>
ST_1 : Operation 4 [1/1] (0.00ns)   --->   "%i = alloca i32 1" [../snake.cpp:94]   --->   Operation 4 'alloca' 'i' <Predicate = true> <Delay = 0.00>
ST_1 : Operation 5 [1/1] (1.58ns)   --->   "%store_ln94 = store i9 3, i9 %i" [../snake.cpp:94]   --->   Operation 5 'store' 'store_ln94' <Predicate = true> <Delay = 1.58>
ST_1 : Operation 6 [1/1] (0.00ns)   --->   "%br_ln0 = br void %for.inc47"   --->   Operation 6 'br' 'br_ln0' <Predicate = true> <Delay = 0.00>
ST_1 : Operation 7 [1/1] (0.00ns)   --->   "%i_1 = load i9 %i" [../snake.cpp:94]   --->   Operation 7 'load' 'i_1' <Predicate = true> <Delay = 0.00>
ST_1 : Operation 8 [1/1] (1.82ns)   --->   "%icmp_ln94 = icmp_eq  i9 %i_1, i9 300" [../snake.cpp:94]   --->   Operation 8 'icmp' 'icmp_ln94' <Predicate = true> <Delay = 1.82> <CoreInst = "Cmp">   --->   Core 9 'Cmp' <Latency = 0> <II = 1> <Delay = 1.82> <FuncUnit> <Opcode : 'seteq' 'setne' 'setle' 'setge' 'setlt' 'setgt'> <InPorts = 2> <OutPorts = 1>
ST_1 : Operation 9 [1/1] (0.00ns)   --->   "%br_ln94 = br i1 %icmp_ln94, void %for.inc47.split, void %for.body.i_ifconv.preheader.exitStub" [../snake.cpp:94]   --->   Operation 9 'br' 'br_ln94' <Predicate = true> <Delay = 0.00>
ST_1 : Operation 10 [1/1] (0.00ns)   --->   "%zext_ln94 = zext i9 %i_1" [../snake.cpp:94]   --->   Operation 10 'zext' 'zext_ln94' <Predicate = (!icmp_ln94)> <Delay = 0.00>
ST_1 : Operation 11 [1/1] (0.00ns)   --->   "%specpipeline_ln94 = specpipeline void @_ssdm_op_SpecPipeline, i32 4294967295, i32 0, i32 0, i32 0, i32 4294967295, void @empty_0" [../snake.cpp:94]   --->   Operation 11 'specpipeline' 'specpipeline_ln94' <Predicate = (!icmp_ln94)> <Delay = 0.00>
ST_1 : Operation 12 [1/1] (0.00ns)   --->   "%speclooptripcount_ln94 = speclooptripcount void @_ssdm_op_SpecLoopTripCount, i64 297, i64 297, i64 297" [../snake.cpp:94]   --->   Operation 12 'speclooptripcount' 'speclooptripcount_ln94' <Predicate = (!icmp_ln94)> <Delay = 0.00>
ST_1 : Operation 13 [1/1] (0.00ns)   --->   "%specloopname_ln94 = specloopname void @_ssdm_op_SpecLoopName, void @empty_4" [../snake.cpp:94]   --->   Operation 13 'specloopname' 'specloopname_ln94' <Predicate = (!icmp_ln94)> <Delay = 0.00>
ST_1 : Operation 14 [1/1] (0.00ns)   --->   "%st_body_col_addr = getelementptr i5 %st_body_col, i64 0, i64 %zext_ln94" [../snake.cpp:95]   --->   Operation 14 'getelementptr' 'st_body_col_addr' <Predicate = (!icmp_ln94)> <Delay = 0.00>
ST_1 : Operation 15 [1/1] ( I:3.25ns O:3.25ns )   --->   "%store_ln95 = store i5 0, i9 %st_body_col_addr" [../snake.cpp:95]   --->   Operation 15 'store' 'store_ln95' <Predicate = (!icmp_ln94)> <Delay = 3.25> <CoreInst = "RAM">   --->   Core 81 'RAM' <Latency = 1> <II = 1> <Delay = 3.25> <Storage> <Opcode : 'load' 'store'> <Ports = 2> <Width = 5> <Depth = 300> <RAM>
ST_1 : Operation 16 [1/1] (0.00ns)   --->   "%st_body_row_addr = getelementptr i4 %st_body_row, i64 0, i64 %zext_ln94" [../snake.cpp:96]   --->   Operation 16 'getelementptr' 'st_body_row_addr' <Predicate = (!icmp_ln94)> <Delay = 0.00>
ST_1 : Operation 17 [1/1] ( I:3.25ns O:3.25ns )   --->   "%store_ln96 = store i4 0, i9 %st_body_row_addr" [../snake.cpp:96]   --->   Operation 17 'store' 'store_ln96' <Predicate = (!icmp_ln94)> <Delay = 3.25> <CoreInst = "RAM">   --->   Core 81 'RAM' <Latency = 1> <II = 1> <Delay = 3.25> <Storage> <Opcode : 'load' 'store'> <Ports = 2> <Width = 4> <Depth = 300> <RAM>
ST_1 : Operation 18 [1/1] (1.82ns)   --->   "%add_ln94 = add i9 %i_1, i9 1" [../snake.cpp:94]   --->   Operation 18 'add' 'add_ln94' <Predicate = (!icmp_ln94)> <Delay = 1.82> <CoreInst = "Adder">   --->   Core 1 'Adder' <Latency = 0> <II = 1> <Delay = 1.82> <FuncUnit> <Opcode : 'add' 'sub'> <InPorts = 2> <OutPorts = 1>
ST_1 : Operation 19 [1/1] (1.58ns)   --->   "%store_ln94 = store i9 %add_ln94, i9 %i" [../snake.cpp:94]   --->   Operation 19 'store' 'store_ln94' <Predicate = (!icmp_ln94)> <Delay = 1.58>
ST_1 : Operation 20 [1/1] (0.00ns)   --->   "%br_ln94 = br void %for.inc47" [../snake.cpp:94]   --->   Operation 20 'br' 'br_ln94' <Predicate = (!icmp_ln94)> <Delay = 0.00>
ST_1 : Operation 21 [1/1] (1.58ns)   --->   "%ret_ln0 = ret"   --->   Operation 21 'ret' 'ret_ln0' <Predicate = (icmp_ln94)> <Delay = 1.58>


============================================================
+ Verbose Summary: Binding
============================================================
STG Binding: 
---------------- STG Properties BEGIN ----------------
- Is combinational: 0
- Is one-state seq: 0
- Is datapath-only: 0
- Is pipelined: 0
- Is top level: 0
Port [ Return ] is wired: 1; IO mode=ap_ctrl_hs:ce=0
Port [ st_body_col]:  wired=1; compound=1; hidden=0; nouse=0; global=1; static=1; extern=0; dir=1; type=1; pingpong=0; private_global=0; MemPort=[03]; IO mode=ap_memory:ce=0
Port [ st_body_row]:  wired=1; compound=1; hidden=0; nouse=0; global=1; static=1; extern=0; dir=1; type=1; pingpong=0; private_global=0; MemPort=[03]; IO mode=ap_memory:ce=0
---------------- STG Properties END ------------------

---------------- Datapath Model BEGIN ----------------

<LifeTime>
<method=bitvector/>
i                      (alloca           ) [ 01]
store_ln94             (store            ) [ 00]
br_ln0                 (br               ) [ 00]
i_1                    (load             ) [ 00]
icmp_ln94              (icmp             ) [ 01]
br_ln94                (br               ) [ 00]
zext_ln94              (zext             ) [ 00]
specpipeline_ln94      (specpipeline     ) [ 00]
speclooptripcount_ln94 (speclooptripcount) [ 00]
specloopname_ln94      (specloopname     ) [ 00]
st_body_col_addr       (getelementptr    ) [ 00]
store_ln95             (store            ) [ 00]
st_body_row_addr       (getelementptr    ) [ 00]
store_ln96             (store            ) [ 00]
add_ln94               (add              ) [ 00]
store_ln94             (store            ) [ 00]
br_ln94                (br               ) [ 00]
ret_ln0                (ret              ) [ 00]
</LifeTime>

<model>

<comp_list>
<comp id="0" class="1000" name="st_body_col">
<pin_list>
<pin id="1" dir="1" index="0" bw="1" slack="0"/>
</pin_list>
<bind>
<StgValue><ssdm name="st_body_col"/><MemPortTyVec>0 3 </MemPortTyVec>
</StgValue>
</bind>
</comp>

<comp id="2" class="1000" name="st_body_row">
<pin_list>
<pin id="3" dir="1" index="0" bw="1" slack="0"/>
</pin_list>
<bind>
<StgValue><ssdm name="st_body_row"/><MemPortTyVec>0 3 </MemPortTyVec>
</StgValue>
</bind>
</comp>

<comp id="4" class="1001" name="const_4">
<pin_list>
<pin id="5" dir="1" index="0" bw="1" slack="0"/>
</pin_list>
<bind>
<StgValue><ssdm name=""/></StgValue>
</bind>
</comp>

<comp id="6" class="1001" name="const_6">
<pin_list>
<pin id="7" dir="1" index="0" bw="1" slack="0"/>
</pin_list>
<bind>
<StgValue><ssdm name=""/></StgValue>
</bind>
</comp>

<comp id="8" class="1001" name="const_8">
<pin_list>
<pin id="9" dir="1" index="0" bw="1" slack="0"/>
</pin_list>
<bind>
<StgValue><ssdm name=""/></StgValue>
</bind>
</comp>

<comp id="10" class="1001" name="const_10">
<pin_list>
<pin id="11" dir="1" index="0" bw="1" slack="2147483647"/>
</pin_list>
<bind>
<StgValue><ssdm name="_ssdm_op_SpecPipeline"/></StgValue>
</bind>
</comp>

<comp id="12" class="1001" name="const_12">
<pin_list>
<pin id="13" dir="1" index="0" bw="1" slack="2147483647"/>
</pin_list>
<bind>
<StgValue><ssdm name=""/></StgValue>
</bind>
</comp>

<comp id="14" class="1001" name="const_14">
<pin_list>
<pin id="15" dir="1" index="0" bw="1" slack="2147483647"/>
</pin_list>
<bind>
<StgValue><ssdm name=""/></StgValue>
</bind>
</comp>

<comp id="16" class="1001" name="const_16">
<pin_list>
<pin id="17" dir="1" index="0" bw="1" slack="2147483647"/>
</pin_list>
<bind>
<StgValue><ssdm name="empty_0"/></StgValue>
</bind>
</comp>

<comp id="18" class="1001" name="const_18">
<pin_list>
<pin id="19" dir="1" index="0" bw="1" slack="2147483647"/>
</pin_list>
<bind>
<StgValue><ssdm name="_ssdm_op_SpecLoopTripCount"/></StgValue>
</bind>
</comp>

<comp id="20" class="1001" name="const_20">
<pin_list>
<pin id="21" dir="1" index="0" bw="1" slack="2147483647"/>
</pin_list>
<bind>
<StgValue><ssdm name=""/></StgValue>
</bind>
</comp>

<comp id="22" class="1001" name="const_22">
<pin_list>
<pin id="23" dir="1" index="0" bw="1" slack="2147483647"/>
</pin_list>
<bind>
<StgValue><ssdm name="_ssdm_op_SpecLoopName"/></StgValue>
</bind>
</comp>

<comp id="24" class="1001" name="const_24">
<pin_list>
<pin id="25" dir="1" index="0" bw="1" slack="2147483647"/>
</pin_list>
<bind>
<StgValue><ssdm name="empty_4"/></StgValue>
</bind>
</comp>

<comp id="26" class="1001" name="const_26">
<pin_list>
<pin id="27" dir="1" index="0" bw="1" slack="0"/>
</pin_list>
<bind>
<StgValue><ssdm name=""/></StgValue>
</bind>
</comp>

<comp id="28" class="1001" name="const_28">
<pin_list>
<pin id="29" dir="1" index="0" bw="1" slack="0"/>
</pin_list>
<bind>
<StgValue><ssdm name=""/></StgValue>
</bind>
</comp>

<comp id="30" class="1001" name="const_30">
<pin_list>
<pin id="31" dir="1" index="0" bw="1" slack="0"/>
</pin_list>
<bind>
<StgValue><ssdm name=""/></StgValue>
</bind>
</comp>

<comp id="32" class="1001" name="const_32">
<pin_list>
<pin id="33" dir="1" index="0" bw="1" slack="0"/>
</pin_list>
<bind>
<StgValue><ssdm name=""/></StgValue>
</bind>
</comp>

<comp id="34" class="1004" name="i_fu_34">
<pin_list>
<pin id="35" dir="0" index="0" bw="1" slack="0"/>
<pin id="36" dir="1" index="1" bw="9" slack="0"/>
</pin_list>
<bind>
<opcode="alloca(26) " fcode="alloca"/>
<opset="i/1 "/>
</bind>
</comp>

<comp id="38" class="1004" name="st_body_col_addr_gep_fu_38">
<pin_list>
<pin id="39" dir="0" index="0" bw="5" slack="0"/>
<pin id="40" dir="0" index="1" bw="1" slack="0"/>
<pin id="41" dir="0" index="2" bw="9" slack="0"/>
<pin id="42" dir="1" index="3" bw="9" slack="0"/>
</pin_list>
<bind>
<opcode="getelementptr(29) " fcode="getelementptr"/>
<opset="st_body_col_addr/1 "/>
</bind>
</comp>

<comp id="45" class="1004" name="store_ln95_access_fu_45">
<pin_list>
<pin id="46" dir="0" index="0" bw="9" slack="0"/>
<pin id="47" dir="0" index="1" bw="5" slack="0"/>
<pin id="48" dir="0" index="2" bw="0" slack="2147483647"/>
<pin id="49" dir="1" index="3" bw="5" slack="2147483647"/>
</pin_list>
<bind>
<opcode="store(28) " fcode="store"/>
<opset="store_ln95/1 "/>
</bind>
</comp>

<comp id="52" class="1004" name="st_body_row_addr_gep_fu_52">
<pin_list>
<pin id="53" dir="0" index="0" bw="4" slack="0"/>
<pin id="54" dir="0" index="1" bw="1" slack="0"/>
<pin id="55" dir="0" index="2" bw="9" slack="0"/>
<pin id="56" dir="1" index="3" bw="9" slack="0"/>
</pin_list>
<bind>
<opcode="getelementptr(29) " fcode="getelementptr"/>
<opset="st_body_row_addr/1 "/>
</bind>
</comp>

<comp id="59" class="1004" name="store_ln96_access_fu_59">
<pin_list>
<pin id="60" dir="0" index="0" bw="9" slack="0"/>
<pin id="61" dir="0" index="1" bw="4" slack="0"/>
<pin id="62" dir="0" index="2" bw="0" slack="2147483647"/>
<pin id="63" dir="1" index="3" bw="4" slack="2147483647"/>
</pin_list>
<bind>
<opcode="store(28) " fcode="store"/>
<opset="store_ln96/1 "/>
</bind>
</comp>

<comp id="66" class="1004" name="store_ln94_store_fu_66">
<pin_list>
<pin id="67" dir="0" index="0" bw="3" slack="0"/>
<pin id="68" dir="0" index="1" bw="9" slack="0"/>
<pin id="69" dir="1" index="2" bw="0" slack="2147483647"/>
</pin_list>
<bind>
<opcode="store(28) " fcode="store"/>
<opset="store_ln94/1 "/>
</bind>
</comp>

<comp id="71" class="1004" name="i_1_load_fu_71">
<pin_list>
<pin id="72" dir="0" index="0" bw="9" slack="0"/>
<pin id="73" dir="1" index="1" bw="9" slack="0"/>
</pin_list>
<bind>
<opcode="load(27) " fcode="load"/>
<opset="i_1/1 "/>
</bind>
</comp>

<comp id="74" class="1004" name="icmp_ln94_fu_74">
<pin_list>
<pin id="75" dir="0" index="0" bw="9" slack="0"/>
<pin id="76" dir="0" index="1" bw="9" slack="0"/>
<pin id="77" dir="1" index="2" bw="1" slack="2147483647"/>
</pin_list>
<bind>
<opcode="icmp(45) " fcode="icmp"/>
<opset="icmp_ln94/1 "/>
</bind>
</comp>

<comp id="80" class="1004" name="zext_ln94_fu_80">
<pin_list>
<pin id="81" dir="0" index="0" bw="9" slack="0"/>
<pin id="82" dir="1" index="1" bw="64" slack="0"/>
</pin_list>
<bind>
<opcode="zext(34) " fcode="zext"/>
<opset="zext_ln94/1 "/>
</bind>
</comp>

<comp id="86" class="1004" name="add_ln94_fu_86">
<pin_list>
<pin id="87" dir="0" index="0" bw="9" slack="0"/>
<pin id="88" dir="0" index="1" bw="1" slack="0"/>
<pin id="89" dir="1" index="2" bw="9" slack="0"/>
</pin_list>
<bind>
<opcode="add(8) " fcode="add"/>
<opset="add_ln94/1 "/>
</bind>
</comp>

<comp id="92" class="1004" name="store_ln94_store_fu_92">
<pin_list>
<pin id="93" dir="0" index="0" bw="9" slack="0"/>
<pin id="94" dir="0" index="1" bw="9" slack="0"/>
<pin id="95" dir="1" index="2" bw="0" slack="2147483647"/>
</pin_list>
<bind>
<opcode="store(28) " fcode="store"/>
<opset="store_ln94/1 "/>
</bind>
</comp>

<comp id="97" class="1005" name="i_reg_97">
<pin_list>
<pin id="98" dir="0" index="0" bw="9" slack="0"/>
<pin id="99" dir="1" index="1" bw="9" slack="0"/>
</pin_list>
<bind>
<opset="i "/>
</bind>
</comp>

</comp_list>

<net_list>
<net id="37"><net_src comp="4" pin="0"/><net_sink comp="34" pin=0"/></net>

<net id="43"><net_src comp="0" pin="0"/><net_sink comp="38" pin=0"/></net>

<net id="44"><net_src comp="26" pin="0"/><net_sink comp="38" pin=1"/></net>

<net id="50"><net_src comp="28" pin="0"/><net_sink comp="45" pin=1"/></net>

<net id="51"><net_src comp="38" pin="3"/><net_sink comp="45" pin=0"/></net>

<net id="57"><net_src comp="2" pin="0"/><net_sink comp="52" pin=0"/></net>

<net id="58"><net_src comp="26" pin="0"/><net_sink comp="52" pin=1"/></net>

<net id="64"><net_src comp="30" pin="0"/><net_sink comp="59" pin=1"/></net>

<net id="65"><net_src comp="52" pin="3"/><net_sink comp="59" pin=0"/></net>

<net id="70"><net_src comp="6" pin="0"/><net_sink comp="66" pin=0"/></net>

<net id="78"><net_src comp="71" pin="1"/><net_sink comp="74" pin=0"/></net>

<net id="79"><net_src comp="8" pin="0"/><net_sink comp="74" pin=1"/></net>

<net id="83"><net_src comp="71" pin="1"/><net_sink comp="80" pin=0"/></net>

<net id="84"><net_src comp="80" pin="1"/><net_sink comp="38" pin=2"/></net>

<net id="85"><net_src comp="80" pin="1"/><net_sink comp="52" pin=2"/></net>

<net id="90"><net_src comp="71" pin="1"/><net_sink comp="86" pin=0"/></net>

<net id="91"><net_src comp="32" pin="0"/><net_sink comp="86" pin=1"/></net>

<net id="96"><net_src comp="86" pin="2"/><net_sink comp="92" pin=0"/></net>

<net id="100"><net_src comp="34" pin="1"/><net_sink comp="97" pin=0"/></net>

<net id="101"><net_src comp="97" pin="1"/><net_sink comp="66" pin=1"/></net>

<net id="102"><net_src comp="97" pin="1"/><net_sink comp="71" pin=0"/></net>

<net id="103"><net_src comp="97" pin="1"/><net_sink comp="92" pin=1"/></net>

</net_list>

</model> 
---------------- Datapath Model END ------------------

* FSMD analyzer results:
  - Output states:
	Port: st_body_col | {1 }
	Port: st_body_row | {1 }
 - Input state : 
  - Chain level:
	State 1
		store_ln94 : 1
		i_1 : 1
		icmp_ln94 : 2
		br_ln94 : 3
		zext_ln94 : 2
		st_body_col_addr : 3
		store_ln95 : 4
		st_body_row_addr : 3
		store_ln96 : 4
		add_ln94 : 2
		store_ln94 : 3


============================================================
+ Verbose Summary: Datapath Resource usage 
============================================================

* Functional unit list:
|----------|-----------------|---------|---------|
| Operation| Functional Unit |    FF   |   LUT   |
|----------|-----------------|---------|---------|
|   icmp   | icmp_ln94_fu_74 |    0    |    14   |
|----------|-----------------|---------|---------|
|    add   |  add_ln94_fu_86 |    0    |    14   |
|----------|-----------------|---------|---------|
|   zext   | zext_ln94_fu_80 |    0    |    0    |
|----------|-----------------|---------|---------|
|   Total  |                 |    0    |    28   |
|----------|-----------------|---------|---------|

Memories:
N/A

* Register list:
+--------+--------+
|        |   FF   |
+--------+--------+
|i_reg_97|    9   |
+--------+--------+
|  Total |    9   |
+--------+--------+

* Multiplexer (MUX) list: 
|--------|------|------|------|--------|
|  Comp  |  Pin | Size |  BW  | S x BW |
|--------|------|------|------|--------|
|  Total |      |      |      |    0   |
|--------|------|------|------|--------|



* Summary:
+-----------+--------+--------+
|           |   FF   |   LUT  |
+-----------+--------+--------+
|  Function |    0   |   28   |
|   Memory  |    -   |    -   |
|Multiplexer|    -   |    -   |
|  Register |    9   |    -   |
+-----------+--------+--------+
|   Total   |    9   |   28   |
+-----------+--------+--------+
