  **** HLS Build v2025.2 6295257
INFO: [HLS 200-2005] Using work_dir C:/Users/aniko/OneDrive/Desktop/ECE554/capstone/snake_hls/snake_hls/snake_top 
INFO: [HLS 200-2176] Writing Vitis IDE component file C:/Users/aniko/OneDrive/Desktop/ECE554/capstone/snake_hls/snake_hls/snake_top/vitis-comp.json
INFO: [HLS 200-10] Creating and opening component 'C:/Users/aniko/OneDrive/Desktop/ECE554/capstone/snake_hls/snake_hls/snake_top'.
INFO: [HLS 200-1505] Using default flow_target 'vivado'
Resolution: For help on HLS 200-1505 see docs.amd.com/access/sources/dita/topic?Doc_Version=2025.2%20English&url=ug1448-hls-guidance&resourceid=200-1505.html
INFO: [HLS 200-2174] Applying component config ini file hls_config.cfg
INFO: [HLS 200-1465] Applying config ini 'syn.file=../snake.cpp' from hls_config.cfg(8)
INFO: [HLS 200-10] Adding design file 'C:/Users/aniko/OneDrive/Desktop/ECE554/capstone/snake_hls/snake.cpp' to the project
INFO: [HLS 200-1465] Applying config ini 'tb.file=../snake_tb.cpp' from hls_config.cfg(9)
INFO: [HLS 200-10] Adding test bench file 'C:/Users/aniko/OneDrive/Desktop/ECE554/capstone/snake_hls/snake_tb.cpp' to the project
INFO: [HLS 200-1465] Applying config ini 'syn.top=snake_top' from hls_config.cfg(7)
INFO: [HLS 200-1465] Applying config ini 'flow_target=vivado' from hls_config.cfg(4)
INFO: [HLS 200-1505] Using flow_target 'vivado'
Resolution: For help on HLS 200-1505 see docs.amd.com/access/sources/dita/topic?Doc_Version=2025.2%20English&url=ug1448-hls-guidance&resourceid=200-1505.html
INFO: [HLS 200-1465] Applying config ini 'part=xc7z010clg225-1' from hls_config.cfg(1)
INFO: [HLS 200-1611] Setting target device to 'xc7z010-clg225-1'
INFO: [HLS 200-1465] Applying config ini 'clock=25ns' from hls_config.cfg(10)
INFO: [SYN 201-201] Setting up clock 'default' with a period of 25ns.
INFO: [HLS 200-1465] Applying config ini 'package.output.format=ip_catalog' from hls_config.cfg(5)
INFO: [HLS 200-2176] Writing Vitis IDE component file C:/Users/aniko/OneDrive/Desktop/ECE554/capstone/snake_hls/snake_hls/snake_top/vitis-comp.json
INFO: [HLS 200-111] Finished File checks and directory preparation: CPU user time: 1 seconds. CPU system time: 1 seconds. Elapsed time: 3.443 seconds; current allocated memory: 157.047 MB.
INFO: [HLS 200-2191] C-Synthesis will use clang-16 as the compiler
INFO: [HLS 200-10] Analyzing design file '../snake.cpp' ... 
INFO: [HLS 200-111] Finished Source Code Analysis and Preprocessing: CPU user time: 0 seconds. CPU system time: 1 seconds. Elapsed time: 8.556 seconds; current allocated memory: 159.980 MB.
INFO: [HLS 200-777] Using interface defaults for 'Vivado' flow target.
INFO: [HLS 200-1995] There were 5,310 instructions in the design after the 'Compile/Link' phase of compilation. See the Design Size Report for more details (C:/Users/aniko/OneDrive/Desktop/ECE554/capstone/snake_hls/snake_hls/snake_top/hls/syn/report/csynth_design_size.rpt:2)
INFO: [HLS 200-1995] There were 510 instructions in the design after the 'Unroll/Inline (step 1)' phase of compilation. See the Design Size Report for more details (C:/Users/aniko/OneDrive/Desktop/ECE554/capstone/snake_hls/snake_hls/snake_top/hls/syn/report/csynth_design_size.rpt:2)
INFO: [HLS 200-1995] There were 411 instructions in the design after the 'Unroll/Inline (step 2)' phase of compilation. See the Design Size Report for more details (C:/Users/aniko/OneDrive/Desktop/ECE554/capstone/snake_hls/snake_hls/snake_top/hls/syn/report/csynth_design_size.rpt:2)
INFO: [HLS 200-1995] There were 400 instructions in the design after the 'Unroll/Inline (step 3)' phase of compilation. See the Design Size Report for more details (C:/Users/aniko/OneDrive/Desktop/ECE554/capstone/snake_hls/snake_hls/snake_top/hls/syn/report/csynth_design_size.rpt:2)
INFO: [HLS 200-1995] There were 355 instructions in the design after the 'Unroll/Inline (step 4)' phase of compilation. See the Design Size Report for more details (C:/Users/aniko/OneDrive/Desktop/ECE554/capstone/snake_hls/snake_hls/snake_top/hls/syn/report/csynth_design_size.rpt:2)
INFO: [HLS 200-1995] There were 353 instructions in the design after the 'Array/Struct (step 1)' phase of compilation. See the Design Size Report for more details (C:/Users/aniko/OneDrive/Desktop/ECE554/capstone/snake_hls/snake_hls/snake_top/hls/syn/report/csynth_design_size.rpt:2)
INFO: [HLS 200-1995] There were 353 instructions in the design after the 'Array/Struct (step 2)' phase of compilation. See the Design Size Report for more details (C:/Users/aniko/OneDrive/Desktop/ECE554/capstone/snake_hls/snake_hls/snake_top/hls/syn/report/csynth_design_size.rpt:2)
INFO: [HLS 200-1995] There were 353 instructions in the design after the 'Array/Struct (step 3)' phase of compilation. See the Design Size Report for more details (C:/Users/aniko/OneDrive/Desktop/ECE554/capstone/snake_hls/snake_hls/snake_top/hls/syn/report/csynth_design_size.rpt:2)
INFO: [HLS 200-1995] There were 353 instructions in the design after the 'Array/Struct (step 4)' phase of compilation. See the Design Size Report for more details (C:/Users/aniko/OneDrive/Desktop/ECE554/capstone/snake_hls/snake_hls/snake_top/hls/syn/report/csynth_design_size.rpt:2)
INFO: [HLS 200-1995] There were 359 instructions in the design after the 'Array/Struct (step 5)' phase of compilation. See the Design Size Report for more details (C:/Users/aniko/OneDrive/Desktop/ECE554/capstone/snake_hls/snake_hls/snake_top/hls/syn/report/csynth_design_size.rpt:2)
INFO: [HLS 200-1995] There were 359 instructions in the design after the 'Performance (step 1)' phase of compilation. See the Design Size Report for more details (C:/Users/aniko/OneDrive/Desktop/ECE554/capstone/snake_hls/snake_hls/snake_top/hls/syn/report/csynth_design_size.rpt:2)
INFO: [HLS 200-1995] There were 353 instructions in the design after the 'Performance (step 2)' phase of compilation. See the Design Size Report for more details (C:/Users/aniko/OneDrive/Desktop/ECE554/capstone/snake_hls/snake_hls/snake_top/hls/syn/report/csynth_design_size.rpt:2)
INFO: [HLS 200-1995] There were 353 instructions in the design after the 'Performance (step 3)' phase of compilation. See the Design Size Report for more details (C:/Users/aniko/OneDrive/Desktop/ECE554/capstone/snake_hls/snake_hls/snake_top/hls/syn/report/csynth_design_size.rpt:2)
INFO: [HLS 200-1995] There were 353 instructions in the design after the 'Performance (step 4)' phase of compilation. See the Design Size Report for more details (C:/Users/aniko/OneDrive/Desktop/ECE554/capstone/snake_hls/snake_hls/snake_top/hls/syn/report/csynth_design_size.rpt:2)
INFO: [HLS 200-1995] There were 366 instructions in the design after the 'HW Transforms (step 1)' phase of compilation. See the Design Size Report for more details (C:/Users/aniko/OneDrive/Desktop/ECE554/capstone/snake_hls/snake_hls/snake_top/hls/syn/report/csynth_design_size.rpt:2)
INFO: [HLS 200-1995] There were 387 instructions in the design after the 'HW Transforms (step 2)' phase of compilation. See the Design Size Report for more details (C:/Users/aniko/OneDrive/Desktop/ECE554/capstone/snake_hls/snake_hls/snake_top/hls/syn/report/csynth_design_size.rpt:2)
INFO: [HLS 214-178] Inlining function 'lfsr_step(ap_uint<16>)' into 'spawn_food(ap_uint<16>&, bool (*) [15])' (../snake.cpp:23:0)
INFO: [HLS 214-178] Inlining function 'spawn_food(ap_uint<16>&, bool (*) [15])' into 'snake_top(ap_uint<10>, ap_uint<10>, bool, ap_uint<10>, ap_uint<10>, bool, bool, ap_uint<10>&, ap_uint<10>&, ap_uint<10>&)' (../snake.cpp:59:0)
INFO: [HLS 214-376] Pipelining loop< VITIS_LOOP_74_2> at ../snake.cpp:74:30 due to pipeline_loops threshold
INFO: [HLS 214-376] Pipelining loop< VITIS_LOOP_85_3> at ../snake.cpp:85:26 due to pipeline_loops threshold
INFO: [HLS 214-376] Pipelining loop< VITIS_LOOP_94_4> at ../snake.cpp:94:26 due to pipeline_loops threshold
INFO: [HLS 214-376] Pipelining loop< VITIS_LOOP_27_1> at ../snake.cpp:27:22 due to pipeline_loops threshold
INFO: [HLS 214-376] Pipelining loop< VITIS_LOOP_207_5> at ../snake.cpp:207:39 due to pipeline_loops threshold
INFO: [HLS 200-111] Finished Compiling Optimization and Transform: CPU user time: 0 seconds. CPU system time: 0 seconds. Elapsed time: 9.691 seconds; current allocated memory: 162.086 MB.
INFO: [HLS 200-111] Finished Checking Pragmas: CPU user time: 0 seconds. CPU system time: 0 seconds. Elapsed time: 0.005 seconds; current allocated memory: 162.094 MB.
INFO: [HLS 200-10] Starting code transformations ...
INFO: [HLS 200-111] Finished Standard Transforms: CPU user time: 0 seconds. CPU system time: 0 seconds. Elapsed time: 0.207 seconds; current allocated memory: 168.043 MB.
INFO: [HLS 200-10] Checking synthesizability ...
INFO: [HLS 200-111] Finished Checking Synthesizability: CPU user time: 0 seconds. CPU system time: 0 seconds. Elapsed time: 0.081 seconds; current allocated memory: 170.422 MB.
INFO: [XFORM 203-401] Performing if-conversion on hyperblock from (../snake.cpp:27:31) in function 'snake_top'... converting 4 basic blocks.
INFO: [XFORM 203-401] Performing if-conversion on hyperblock from (../snake.cpp:27:31) in function 'snake_top'... converting 4 basic blocks.
INFO: [XFORM 203-401] Performing if-conversion on hyperblock from (../snake.cpp:231:36) to (../snake.cpp:264:1) in function 'snake_top'... converting 3 basic blocks.
INFO: [XFORM 203-401] Performing if-conversion on hyperblock from (../snake.cpp:180:47) to (../snake.cpp:194:21) in function 'snake_top'... converting 3 basic blocks.
INFO: [HLS 200-111] Finished Loop, function and other optimizations: CPU user time: 0 seconds. CPU system time: 0 seconds. Elapsed time: 0.165 seconds; current allocated memory: 194.344 MB.
INFO: [HLS 200-2061] Successfully converted nested loops 'VITIS_LOOP_73_1'(../snake.cpp:73:26) and 'VITIS_LOOP_74_2'(../snake.cpp:74:30) in function 'snake_top' into perfectly nested loops.
INFO: [XFORM 203-541] Flattening a loop nest 'VITIS_LOOP_73_1' (../snake.cpp:73:26) in function 'snake_top'.
INFO: [HLS 200-111] Finished Architecture Synthesis: CPU user time: 0 seconds. CPU system time: 0 seconds. Elapsed time: 0.218 seconds; current allocated memory: 241.371 MB.
INFO: [HLS 200-10] Starting hardware synthesis ...
INFO: [HLS 200-10] Synthesizing 'snake_top' ...
INFO: [HLS 200-10] ----------------------------------------------------------------
INFO: [HLS 200-42] -- Implementing module 'snake_top_Pipeline_VITIS_LOOP_73_1_VITIS_LOOP_74_2' 
INFO: [HLS 200-10] ----------------------------------------------------------------
INFO: [SCHED 204-11] Starting scheduling ...
INFO: [SCHED 204-61] Pipelining loop 'VITIS_LOOP_73_1_VITIS_LOOP_74_2'.
INFO: [HLS 200-1470] Pipelining result : Target II = NA, Final II = 1, Depth = 1, loop 'VITIS_LOOP_73_1_VITIS_LOOP_74_2'
INFO: [SCHED 204-11] Finished scheduling.
INFO: [HLS 200-111] Finished Scheduling: CPU user time: 0 seconds. CPU system time: 0 seconds. Elapsed time: 0.315 seconds; current allocated memory: 245.621 MB.
INFO: [BIND 205-100] Starting micro-architecture generation ...
INFO: [BIND 205-101] Performing variable lifetime analysis.
INFO: [BIND 205-101] Exploring resource sharing.
INFO: [BIND 205-101] Binding ...
INFO: [BIND 205-100] Finished micro-architecture generation.
INFO: [HLS 200-111] Finished Binding: CPU user time: 0 seconds. CPU system time: 0 seconds. Elapsed time: 0.057 seconds; current allocated memory: 246.859 MB.
INFO: [HLS 200-10] ----------------------------------------------------------------
INFO: [HLS 200-42] -- Implementing module 'snake_top_Pipeline_VITIS_LOOP_85_3' 
INFO: [HLS 200-10] ----------------------------------------------------------------
INFO: [SCHED 204-11] Starting scheduling ...
INFO: [SCHED 204-61] Pipelining loop 'VITIS_LOOP_85_3'.
INFO: [HLS 200-1470] Pipelining result : Target II = NA, Final II = 1, Depth = 1, loop 'VITIS_LOOP_85_3'
INFO: [SCHED 204-11] Finished scheduling.
INFO: [HLS 200-111] Finished Scheduling: CPU user time: 0 seconds. CPU system time: 0 seconds. Elapsed time: 0.044 seconds; current allocated memory: 246.988 MB.
INFO: [BIND 205-100] Starting micro-architecture generation ...
INFO: [BIND 205-101] Performing variable lifetime analysis.
INFO: [BIND 205-101] Exploring resource sharing.
INFO: [BIND 205-101] Binding ...
INFO: [BIND 205-100] Finished micro-architecture generation.
INFO: [HLS 200-111] Finished Binding: CPU user time: 0 seconds. CPU system time: 0 seconds. Elapsed time: 0.022 seconds; current allocated memory: 247.020 MB.
INFO: [HLS 200-10] ----------------------------------------------------------------
INFO: [HLS 200-42] -- Implementing module 'snake_top_Pipeline_VITIS_LOOP_94_4' 
INFO: [HLS 200-10] ----------------------------------------------------------------
INFO: [SCHED 204-11] Starting scheduling ...
INFO: [SCHED 204-61] Pipelining loop 'VITIS_LOOP_94_4'.
INFO: [HLS 200-1470] Pipelining result : Target II = NA, Final II = 1, Depth = 1, loop 'VITIS_LOOP_94_4'
INFO: [SCHED 204-11] Finished scheduling.
INFO: [HLS 200-111] Finished Scheduling: CPU user time: 1 seconds. CPU system time: 0 seconds. Elapsed time: 0.028 seconds; current allocated memory: 247.082 MB.
INFO: [BIND 205-100] Starting micro-architecture generation ...
INFO: [BIND 205-101] Performing variable lifetime analysis.
INFO: [BIND 205-101] Exploring resource sharing.
INFO: [BIND 205-101] Binding ...
INFO: [BIND 205-100] Finished micro-architecture generation.
INFO: [HLS 200-111] Finished Binding: CPU user time: 0 seconds. CPU system time: 0 seconds. Elapsed time: 0.019 seconds; current allocated memory: 247.105 MB.
INFO: [HLS 200-10] ----------------------------------------------------------------
INFO: [HLS 200-42] -- Implementing module 'snake_top_Pipeline_VITIS_LOOP_27_1' 
INFO: [HLS 200-10] ----------------------------------------------------------------
INFO: [SCHED 204-11] Starting scheduling ...
INFO: [SCHED 204-61] Pipelining loop 'VITIS_LOOP_27_1'.
INFO: [HLS 200-1470] Pipelining result : Target II = NA, Final II = 1, Depth = 2, loop 'VITIS_LOOP_27_1'
INFO: [SCHED 204-11] Finished scheduling.
INFO: [HLS 200-111] Finished Scheduling: CPU user time: 0 seconds. CPU system time: 0 seconds. Elapsed time: 0.039 seconds; current allocated memory: 247.199 MB.
INFO: [BIND 205-100] Starting micro-architecture generation ...
INFO: [BIND 205-101] Performing variable lifetime analysis.
INFO: [BIND 205-101] Exploring resource sharing.
INFO: [BIND 205-101] Binding ...
INFO: [BIND 205-100] Finished micro-architecture generation.
INFO: [HLS 200-111] Finished Binding: CPU user time: 0 seconds. CPU system time: 0 seconds. Elapsed time: 0.029 seconds; current allocated memory: 247.246 MB.
INFO: [HLS 200-10] ----------------------------------------------------------------
INFO: [HLS 200-42] -- Implementing module 'snake_top_Pipeline_VITIS_LOOP_207_5' 
INFO: [HLS 200-10] ----------------------------------------------------------------
INFO: [SCHED 204-11] Starting scheduling ...
INFO: [SCHED 204-61] Pipelining loop 'VITIS_LOOP_207_5'.
INFO: [HLS 200-1470] Pipelining result : Target II = NA, Final II = 1, Depth = 2, loop 'VITIS_LOOP_207_5'
INFO: [SCHED 204-11] Finished scheduling.
INFO: [HLS 200-111] Finished Scheduling: CPU user time: 0 seconds. CPU system time: 0 seconds. Elapsed time: 0.037 seconds; current allocated memory: 247.316 MB.
INFO: [BIND 205-100] Starting micro-architecture generation ...
INFO: [BIND 205-101] Performing variable lifetime analysis.
INFO: [BIND 205-101] Exploring resource sharing.
INFO: [BIND 205-101] Binding ...
INFO: [BIND 205-100] Finished micro-architecture generation.
INFO: [HLS 200-111] Finished Binding: CPU user time: 0 seconds. CPU system time: 0 seconds. Elapsed time: 1.797 seconds; current allocated memory: 247.320 MB.
INFO: [HLS 200-10] ----------------------------------------------------------------
INFO: [HLS 200-42] -- Implementing module 'snake_top_Pipeline_VITIS_LOOP_27_11' 
INFO: [HLS 200-10] ----------------------------------------------------------------
INFO: [SCHED 204-11] Starting scheduling ...
INFO: [SCHED 204-61] Pipelining loop 'VITIS_LOOP_27_1'.
INFO: [HLS 200-1470] Pipelining result : Target II = NA, Final II = 1, Depth = 2, loop 'VITIS_LOOP_27_1'
INFO: [SCHED 204-11] Finished scheduling.
INFO: [HLS 200-111] Finished Scheduling: CPU user time: 0 seconds. CPU system time: 0 seconds. Elapsed time: 0.042 seconds; current allocated memory: 247.371 MB.
INFO: [BIND 205-100] Starting micro-architecture generation ...
INFO: [BIND 205-101] Performing variable lifetime analysis.
INFO: [BIND 205-101] Exploring resource sharing.
INFO: [BIND 205-101] Binding ...
INFO: [BIND 205-100] Finished micro-architecture generation.
INFO: [HLS 200-111] Finished Binding: CPU user time: 0 seconds. CPU system time: 0 seconds. Elapsed time: 0.029 seconds; current allocated memory: 247.402 MB.
INFO: [HLS 200-10] ----------------------------------------------------------------
INFO: [HLS 200-42] -- Implementing module 'snake_top' 
INFO: [HLS 200-10] ----------------------------------------------------------------
INFO: [SCHED 204-11] Starting scheduling ...
INFO: [SCHED 204-11] Finished scheduling.
INFO: [HLS 200-111] Finished Scheduling: CPU user time: 0 seconds. CPU system time: 0 seconds. Elapsed time: 0.105 seconds; current allocated memory: 250.242 MB.
INFO: [BIND 205-100] Starting micro-architecture generation ...
INFO: [BIND 205-101] Performing variable lifetime analysis.
INFO: [BIND 205-101] Exploring resource sharing.
INFO: [BIND 205-101] Binding ...
INFO: [BIND 205-100] Finished micro-architecture generation.
INFO: [HLS 200-111] Finished Binding: CPU user time: 0 seconds. CPU system time: 0 seconds. Elapsed time: 0.056 seconds; current allocated memory: 250.512 MB.
INFO: [HLS 200-10] ----------------------------------------------------------------
INFO: [HLS 200-10] -- Generating RTL for module 'snake_top_Pipeline_VITIS_LOOP_73_1_VITIS_LOOP_74_2' 
INFO: [HLS 200-10] ----------------------------------------------------------------
INFO: [RTGEN 206-100] Finished creating RTL model for 'snake_top_Pipeline_VITIS_LOOP_73_1_VITIS_LOOP_74_2'.
INFO: [HLS 200-111] Finished Creating RTL model: CPU user time: 0 seconds. CPU system time: 0 seconds. Elapsed time: 0.119 seconds; current allocated memory: 252.102 MB.
INFO: [HLS 200-10] ----------------------------------------------------------------
INFO: [HLS 200-10] -- Generating RTL for module 'snake_top_Pipeline_VITIS_LOOP_85_3' 
INFO: [HLS 200-10] ----------------------------------------------------------------
INFO: [RTGEN 206-100] Finished creating RTL model for 'snake_top_Pipeline_VITIS_LOOP_85_3'.
INFO: [HLS 200-111] Finished Creating RTL model: CPU user time: 0 seconds. CPU system time: 0 seconds. Elapsed time: 0.147 seconds; current allocated memory: 253.559 MB.
INFO: [HLS 200-10] ----------------------------------------------------------------
INFO: [HLS 200-10] -- Generating RTL for module 'snake_top_Pipeline_VITIS_LOOP_94_4' 
INFO: [HLS 200-10] ----------------------------------------------------------------
INFO: [RTGEN 206-100] Finished creating RTL model for 'snake_top_Pipeline_VITIS_LOOP_94_4'.
INFO: [HLS 200-111] Finished Creating RTL model: CPU user time: 0 seconds. CPU system time: 0 seconds. Elapsed time: 0.119 seconds; current allocated memory: 254.309 MB.
INFO: [HLS 200-10] ----------------------------------------------------------------
INFO: [HLS 200-10] -- Generating RTL for module 'snake_top_Pipeline_VITIS_LOOP_27_1' 
INFO: [HLS 200-10] ----------------------------------------------------------------
INFO: [HLS 200-1030] Apply Unified Pipeline Control on module 'snake_top_Pipeline_VITIS_LOOP_27_1' pipeline 'VITIS_LOOP_27_1' pipeline type 'loop pipeline'
INFO: [RTGEN 206-100] Finished creating RTL model for 'snake_top_Pipeline_VITIS_LOOP_27_1'.
INFO: [HLS 200-111] Finished Creating RTL model: CPU user time: 0 seconds. CPU system time: 0 seconds. Elapsed time: 1.419 seconds; current allocated memory: 255.156 MB.
INFO: [HLS 200-10] ----------------------------------------------------------------
INFO: [HLS 200-10] -- Generating RTL for module 'snake_top_Pipeline_VITIS_LOOP_207_5' 
INFO: [HLS 200-10] ----------------------------------------------------------------
INFO: [HLS 200-1030] Apply Unified Pipeline Control on module 'snake_top_Pipeline_VITIS_LOOP_207_5' pipeline 'VITIS_LOOP_207_5' pipeline type 'loop pipeline'
INFO: [RTGEN 206-100] Finished creating RTL model for 'snake_top_Pipeline_VITIS_LOOP_207_5'.
INFO: [HLS 200-111] Finished Creating RTL model: CPU user time: 0 seconds. CPU system time: 0 seconds. Elapsed time: 0.181 seconds; current allocated memory: 256.578 MB.
INFO: [HLS 200-10] ----------------------------------------------------------------
INFO: [HLS 200-10] -- Generating RTL for module 'snake_top_Pipeline_VITIS_LOOP_27_11' 
INFO: [HLS 200-10] ----------------------------------------------------------------
INFO: [HLS 200-1030] Apply Unified Pipeline Control on module 'snake_top_Pipeline_VITIS_LOOP_27_11' pipeline 'VITIS_LOOP_27_1' pipeline type 'loop pipeline'
INFO: [RTGEN 206-100] Finished creating RTL model for 'snake_top_Pipeline_VITIS_LOOP_27_11'.
INFO: [HLS 200-111] Finished Creating RTL model: CPU user time: 0 seconds. CPU system time: 0 seconds. Elapsed time: 0.122 seconds; current allocated memory: 257.188 MB.
INFO: [HLS 200-10] ----------------------------------------------------------------
INFO: [HLS 200-10] -- Generating RTL for module 'snake_top' 
INFO: [HLS 200-10] ----------------------------------------------------------------
INFO: [RTGEN 206-500] Setting interface mode on port 'snake_top/hand_x' to 'ap_none'.
INFO: [RTGEN 206-500] Setting interface mode on port 'snake_top/hand_y' to 'ap_none'.
INFO: [RTGEN 206-500] Setting interface mode on port 'snake_top/detected' to 'ap_none'.
INFO: [RTGEN 206-500] Setting interface mode on port 'snake_top/vga_x' to 'ap_none'.
INFO: [RTGEN 206-500] Setting interface mode on port 'snake_top/vga_y' to 'ap_none'.
INFO: [RTGEN 206-500] Setting interface mode on port 'snake_top/vsync' to 'ap_none'.
INFO: [RTGEN 206-500] Setting interface mode on port 'snake_top/rst_n' to 'ap_none'.
INFO: [RTGEN 206-500] Setting interface mode on port 'snake_top/R_out' to 'ap_vld'.
INFO: [RTGEN 206-500] Setting interface mode on port 'snake_top/G_out' to 'ap_vld'.
INFO: [RTGEN 206-500] Setting interface mode on port 'snake_top/B_out' to 'ap_vld'.
INFO: [RTGEN 206-500] Setting interface mode on function 'snake_top' to 'ap_ctrl_hs'.
WARNING: [RTGEN 206-101] Register 'st_direction' is power-on initialization.
WARNING: [RTGEN 206-101] Register 'st_frame_count' is power-on initialization.
WARNING: [RTGEN 206-101] Register 'st_food_col' is power-on initialization.
WARNING: [RTGEN 206-101] Register 'st_food_row' is power-on initialization.
WARNING: [RTGEN 206-101] Register 'st_length' is power-on initialization.
WARNING: [RTGEN 206-101] Register 'st_game_over' is power-on initialization.
WARNING: [RTGEN 206-101] Register 'vsync_prev' is power-on initialization.
WARNING: [RTGEN 206-101] Register 'lfsr' is power-on initialization.
INFO: [RTGEN 206-100] Finished creating RTL model for 'snake_top'.
INFO: [RTMG 210-278] Implementing memory 'snake_top_grid_RAM_AUTO_1R1W' using auto RAMs.
INFO: [RTMG 210-278] Implementing memory 'snake_top_st_body_col_RAM_AUTO_1R1W' using auto RAMs.
INFO: [RTMG 210-278] Implementing memory 'snake_top_st_body_row_RAM_AUTO_1R1W' using auto RAMs.
INFO: [HLS 200-111] Finished Creating RTL model: CPU user time: 0 seconds. CPU system time: 0 seconds. Elapsed time: 0.264 seconds; current allocated memory: 260.629 MB.
INFO: [HLS 200-111] Finished Generating all RTL models: CPU user time: 1 seconds. CPU system time: 1 seconds. Elapsed time: 0.904 seconds; current allocated memory: 268.090 MB.
INFO: [HLS 200-2225] Wrote inferred directives to file C:/Users/aniko/OneDrive/Desktop/ECE554/capstone/snake_hls/snake_hls/snake_top/hls/syn/inferred_directives.ini
INFO: [HLS 200-111] Finished Updating report files: CPU user time: 0 seconds. CPU system time: 0 seconds. Elapsed time: 1.248 seconds; current allocated memory: 272.262 MB.
INFO: [VHDL 208-304] Generating VHDL RTL for snake_top.
INFO: [VLOG 209-307] Generating Verilog RTL for snake_top.
INFO: [HLS 200-790] **** Loop Constraint Status: All loop constraints were satisfied.
INFO: [HLS 200-789] **** Estimated Fmax: 74.16 MHz
INFO: [HLS 200-112] Total CPU user time: 3 seconds. Total CPU system time: 3 seconds. Total elapsed time: 30.355 seconds; peak allocated memory: 272.312 MB.
INFO: [v++ 60-791] Total elapsed time: 0h 0m 34s
