  **** HLS Build v2025.2 6295257
INFO: [HLS 200-2005] Using work_dir C:/Users/aniko/OneDrive/Desktop/ECE554/capstone/snake_hls/snake_hls/snake_top 
INFO: [HLS 200-2176] Writing Vitis IDE component file C:/Users/aniko/OneDrive/Desktop/ECE554/capstone/snake_hls/snake_hls/snake_top/vitis-comp.json
INFO: [HLS 200-10] Creating and opening component 'C:/Users/aniko/OneDrive/Desktop/ECE554/capstone/snake_hls/snake_hls/snake_top'.
INFO: [HLS 200-1505] Using default flow_target 'vivado'
Resolution: For help on HLS 200-1505 see docs.amd.com/access/sources/dita/topic?Doc_Version=2025.2%20English&url=ug1448-hls-guidance&resourceid=200-1505.html
INFO: [HLS 200-2174] Applying component config ini file hls_config.cfg
INFO: [HLS 200-1465] Applying config ini 'syn.file=../snake.cpp' from hls_config.cfg(8)
INFO: [HLS 200-10] Adding design file 'C:/Users/aniko/OneDrive/Desktop/ECE554/capstone/snake_hls/snake.cpp' to the project
INFO: [HLS 200-1465] Applying config ini 'tb.file=../snake_tb.cpp' from hls_config.cfg(9)
INFO: [HLS 200-10] Adding test bench file 'C:/Users/aniko/OneDrive/Desktop/ECE554/capstone/snake_hls/snake_tb.cpp' to the project
INFO: [HLS 200-1465] Applying config ini 'syn.top=snake_top' from hls_config.cfg(7)
INFO: [HLS 200-1465] Applying config ini 'flow_target=vivado' from hls_config.cfg(4)
INFO: [HLS 200-1505] Using flow_target 'vivado'
Resolution: For help on HLS 200-1505 see docs.amd.com/access/sources/dita/topic?Doc_Version=2025.2%20English&url=ug1448-hls-guidance&resourceid=200-1505.html
INFO: [HLS 200-1465] Applying config ini 'part=xc7z010clg225-1' from hls_config.cfg(1)
INFO: [HLS 200-1611] Setting target device to 'xc7z010-clg225-1'
INFO: [HLS 200-1465] Applying config ini 'clock=25ns' from hls_config.cfg(10)
INFO: [SYN 201-201] Setting up clock 'default' with a period of 25ns.
INFO: [HLS 200-1465] Applying config ini 'package.output.format=ip_catalog' from hls_config.cfg(5)
INFO: [HLS 200-2176] Writing Vitis IDE component file C:/Users/aniko/OneDrive/Desktop/ECE554/capstone/snake_hls/snake_hls/snake_top/vitis-comp.json
INFO: [HLS 200-111] Finished File checks and directory preparation: CPU user time: 1 seconds. CPU system time: 2 seconds. Elapsed time: 5.677 seconds; current allocated memory: 157.875 MB.
INFO: [HLS 200-2191] C-Synthesis will use clang-16 as the compiler
INFO: [HLS 200-10] Analyzing design file '../snake.cpp' ... 
ERROR: [HLS 207-2890] conditional expression is ambiguous; 'ap_int<12 aka 12>' can be converted to 'ap_int<11>' and vice versa (../snake.cpp:124:50)
ERROR: [HLS 207-2890] conditional expression is ambiguous; 'ap_int<12 aka 12>' can be converted to 'ap_int<11>' and vice versa (../snake.cpp:125:50)
ERROR: syntax check failed.
INFO: [HLS 200-112] Total CPU user time: 1 seconds. Total CPU system time: 2 seconds. Total elapsed time: 7.645 seconds; peak allocated memory: 159.141 MB.
