03/21/26 02:21:32: Running xcd server. This server was built by gradle.
03/21/26 02:21:32: Server was asked to start on port: '60039'
03/21/26 02:21:32: Server is using token UUID: '70dc1aea-361c-4273-9958-eba5ac61185f'
03/21/26 02:21:32: SESSION_MGR: creating session with session uuid: '6d04a3e9-ade5-4ab9-8d63-1f78fcd2ec76' and name 'default'
03/21/26 02:21:32: Attempting to start server on port '60039'
03/21/26 02:21:32: Running Dispatch Server
03/21/26 02:21:32: Version 2.2.0
03/21/26 02:21:35: Dispatch Server: Accepted socket connection from client
03/21/26 02:21:35: Starting Socket connection
03/21/26 02:21:35: EXCHANGE_TOKEN received, server token: 70dc1aea-361c-4273-9958-eba5ac61185f, passed token: 70dc1aea-361c-4273-9958-eba5ac61185f
03/21/26 02:21:35: DISPATCH_HANDLER: Adding handler from function makeHandler in library xv_system_diagram
03/21/26 02:21:35: SESSION_MGR: creating session with session uuid: '45ee4a0f-a2e7-4de0-b6d7-eea21bec5d31' and name 'vitis-run_compile_snake_top'
03/21/26 02:21:35: KERNEL_SVC: creating session with uuid: '45ee4a0f-a2e7-4de0-b6d7-eea21bec5d31' and name 'vitis-run_compile_snake_top'
03/21/26 02:21:35: GUIDANCE_SMGR: creating guidance session with uuid: '45ee4a0f-a2e7-4de0-b6d7-eea21bec5d31' and name 'vitis-run_compile_snake_top'
03/21/26 02:21:35: SYSTEM_DIAGRAM: creating session with uuid: '45ee4a0f-a2e7-4de0-b6d7-eea21bec5d31' and name 'vitis-run_compile_snake_top'
03/21/26 02:21:44: Dispatch Server: Accepted socket connection from client
03/21/26 02:21:44: Starting Socket connection
03/21/26 02:21:47: SESSION_MGR: closing session for UUID '45ee4a0f-a2e7-4de0-b6d7-eea21bec5d31' with name 'vitis-run_compile_snake_top'
03/21/26 02:21:47: KERNEL_SVC: closing session for UUID '45ee4a0f-a2e7-4de0-b6d7-eea21bec5d31' with name 'vitis-run_compile_snake_top'
03/21/26 02:21:47: GUIDANCE_SMGR: closing session for UUID '45ee4a0f-a2e7-4de0-b6d7-eea21bec5d31' with name 'vitis-run_compile_snake_top'
03/21/26 02:21:47: SYSTEM_DIAGRAM: closing session for UUID '45ee4a0f-a2e7-4de0-b6d7-eea21bec5d31' with name 'vitis-run_compile_snake_top'
03/21/26 02:21:47: STOP_SERVER received, server token: 70dc1aea-361c-4273-9958-eba5ac61185f, passed token: 70dc1aea-361c-4273-9958-eba5ac61185f
03/21/26 02:21:47: Socket received request to stop server.
03/21/26 02:21:47: Dispatch Server: do_await_stop
03/21/26 02:21:47: SERVER: destructor for server bound to port 60039
03/21/26 02:22:54: Running xcd server. This server was built by gradle.
03/21/26 02:22:54: Server was asked to start on port: '57036'
03/21/26 02:22:54: Server is using token UUID: '95df7d42-ff81-47ce-8602-5c7dbb86ca0b'
03/21/26 02:22:54: SESSION_MGR: creating session with session uuid: '6d04a3e9-ade5-4ab9-8d63-1f78fcd2ec76' and name 'default'
03/21/26 02:22:54: Attempting to start server on port '57036'
03/21/26 02:22:54: Running Dispatch Server
03/21/26 02:22:54: Version 2.2.0
03/21/26 02:22:57: Dispatch Server: Accepted socket connection from client
03/21/26 02:22:57: Starting Socket connection
03/21/26 02:22:57: EXCHANGE_TOKEN received, server token: 95df7d42-ff81-47ce-8602-5c7dbb86ca0b, passed token: 95df7d42-ff81-47ce-8602-5c7dbb86ca0b
03/21/26 02:22:57: DISPATCH_HANDLER: Adding handler from function makeHandler in library xv_system_diagram
03/21/26 02:22:57: SESSION_MGR: creating session with session uuid: '1beede20-5c39-4ad8-93fc-a0c849562beb' and name 'v++_compile_snake_top'
03/21/26 02:22:57: KERNEL_SVC: creating session with uuid: '1beede20-5c39-4ad8-93fc-a0c849562beb' and name 'v++_compile_snake_top'
03/21/26 02:22:57: GUIDANCE_SMGR: creating guidance session with uuid: '1beede20-5c39-4ad8-93fc-a0c849562beb' and name 'v++_compile_snake_top'
03/21/26 02:22:57: SYSTEM_DIAGRAM: creating session with uuid: '1beede20-5c39-4ad8-93fc-a0c849562beb' and name 'v++_compile_snake_top'
03/21/26 02:23:01: Dispatch Server: Accepted socket connection from client
03/21/26 02:23:01: Starting Socket connection
03/21/26 02:23:06: SESSION_MGR: closing session for UUID '1beede20-5c39-4ad8-93fc-a0c849562beb' with name 'v++_compile_snake_top'
03/21/26 02:23:06: KERNEL_SVC: closing session for UUID '1beede20-5c39-4ad8-93fc-a0c849562beb' with name 'v++_compile_snake_top'
03/21/26 02:23:06: GUIDANCE_SMGR: closing session for UUID '1beede20-5c39-4ad8-93fc-a0c849562beb' with name 'v++_compile_snake_top'
03/21/26 02:23:06: SYSTEM_DIAGRAM: closing session for UUID '1beede20-5c39-4ad8-93fc-a0c849562beb' with name 'v++_compile_snake_top'
03/21/26 02:23:06: STOP_SERVER received, server token: 95df7d42-ff81-47ce-8602-5c7dbb86ca0b, passed token: 95df7d42-ff81-47ce-8602-5c7dbb86ca0b
03/21/26 02:23:06: Socket received request to stop server.
03/21/26 02:23:06: Dispatch Server: do_await_stop
03/21/26 02:23:06: SERVER: destructor for server bound to port 57036
03/21/26 02:23:42: Running xcd server. This server was built by gradle.
03/21/26 02:23:42: Server was asked to start on port: '56589'
03/21/26 02:23:42: Server is using token UUID: '5c5d3065-1938-46fe-9510-bea954b6bed1'
03/21/26 02:23:42: SESSION_MGR: creating session with session uuid: '6d04a3e9-ade5-4ab9-8d63-1f78fcd2ec76' and name 'default'
03/21/26 02:23:42: Attempting to start server on port '56589'
03/21/26 02:23:42: Running Dispatch Server
03/21/26 02:23:42: Version 2.2.0
03/21/26 02:23:45: Dispatch Server: Accepted socket connection from client
03/21/26 02:23:45: Starting Socket connection
03/21/26 02:23:45: EXCHANGE_TOKEN received, server token: 5c5d3065-1938-46fe-9510-bea954b6bed1, passed token: 5c5d3065-1938-46fe-9510-bea954b6bed1
03/21/26 02:23:45: DISPATCH_HANDLER: Adding handler from function makeHandler in library xv_system_diagram
03/21/26 02:23:45: SESSION_MGR: creating session with session uuid: 'c5510c85-ee1b-4a6d-a5ca-6e0983cd4223' and name 'v++_compile_snake_top'
03/21/26 02:23:45: KERNEL_SVC: creating session with uuid: 'c5510c85-ee1b-4a6d-a5ca-6e0983cd4223' and name 'v++_compile_snake_top'
03/21/26 02:23:45: GUIDANCE_SMGR: creating guidance session with uuid: 'c5510c85-ee1b-4a6d-a5ca-6e0983cd4223' and name 'v++_compile_snake_top'
03/21/26 02:23:45: SYSTEM_DIAGRAM: creating session with uuid: 'c5510c85-ee1b-4a6d-a5ca-6e0983cd4223' and name 'v++_compile_snake_top'
03/21/26 02:23:49: Dispatch Server: Accepted socket connection from client
03/21/26 02:23:49: Starting Socket connection
03/21/26 02:24:17: SESSION_MGR: closing session for UUID 'c5510c85-ee1b-4a6d-a5ca-6e0983cd4223' with name 'v++_compile_snake_top'
03/21/26 02:24:17: KERNEL_SVC: closing session for UUID 'c5510c85-ee1b-4a6d-a5ca-6e0983cd4223' with name 'v++_compile_snake_top'
03/21/26 02:24:17: GUIDANCE_SMGR: closing session for UUID 'c5510c85-ee1b-4a6d-a5ca-6e0983cd4223' with name 'v++_compile_snake_top'
03/21/26 02:24:17: SYSTEM_DIAGRAM: closing session for UUID 'c5510c85-ee1b-4a6d-a5ca-6e0983cd4223' with name 'v++_compile_snake_top'
03/21/26 02:24:17: STOP_SERVER received, server token: 5c5d3065-1938-46fe-9510-bea954b6bed1, passed token: 5c5d3065-1938-46fe-9510-bea954b6bed1
03/21/26 02:24:17: Socket received request to stop server.
03/21/26 02:24:17: Dispatch Server: do_await_stop
03/21/26 02:24:17: SERVER: destructor for server bound to port 56589
