================================================================
== Design Size Report
================================================================

* Total Instructions per Compilation Phase
+---------------+----------------------------+--------------+----------------------------------------------------------------------------------------+
| Phase         | Step                       | Instructions | Description                                                                            |
+---------------+----------------------------+--------------+----------------------------------------------------------------------------------------+
| Compile/Link  |                            | 5,324        | After all functions are compiled and linked into a single design                       |
|               |                            |              |                                                                                        |
| Unroll/Inline |                            |              | After user unroll and inline pragmas are applied                                       |
|               | (1) unroll                 |   510        | user unroll pragmas are applied                                                        |
|               | (2) simplification         |   411        | simplification of applied user unroll pragmas                                          |
|               | (3) inline                 |   400        | user inline pragmas are applied                                                        |
|               | (4) simplification         |   355        | simplification of applied user inline pragmas                                          |
|               |                            |              |                                                                                        |
| Array/Struct  |                            |              | After user array partition and struct aggregate/disaggregate pragmas are applied       |
|               | (1) array partition        |   353        | user array partition pragmas are applied                                               |
|               | (2) simplification         |   353        | simplification of applied user array partition & struct aggregate/disaggregate pragmas |
|               | (3) aggregate/disaggregate |   353        | user struct aggregate/disaggregate pragmas are applied                                 |
|               | (4) array reshape          |   353        | apply array reshape pragmas                                                            |
|               | (5) access patterns        |   359        | array access pattern optmizations                                                      |
|               |                            |              |                                                                                        |
| Performance   |                            |              | After transformations are applied to meet performance pragma targets                   |
|               | (1) loop simplification    |   359        | loop and instruction simplification                                                    |
|               | (2) parallelization        |   353        | loops are unrolled or pipelined to meet performance targets                            |
|               | (3) array partition        |   353        | arrays are partitioned to meet performance targets                                     |
|               | (4) simplification         |   353        | simplification of design after performance transformations                             |
|               |                            |              |                                                                                        |
| HW Transforms |                            |              | After hardware transfomations                                                          |
|               | (1) lowering               |   366        | initial conversion to HW specific instructions                                         |
|               | (2) optimizations          |   387        | high level synthesis optimizations                                                     |
+---------------+----------------------------+--------------+----------------------------------------------------------------------------------------+

* Instructions per Function for each Compilation Phase
+---------------+--------------+-----------------+---------------+--------------+-------------+---------------+
| Function      | Location     | Compile/Link    | Unroll/Inline | Array/Struct | Performance | HW Transforms |
+---------------+--------------+-----------------+---------------+--------------+-------------+---------------+
| + snake_top   | snake.cpp:48 | 5,324           | 355           | 359          | 353         | 387           |
|  + spawn_food | snake.cpp:22 | 1,020 (2 calls) |               |              |             |               |
|     lfsr_step | snake.cpp:7  |  532 (2 calls)  |               |              |             |               |
+---------------+--------------+-----------------+---------------+--------------+-------------+---------------+

* Design Size Message Settings
+---------------------------------------------+--------+------------------------------------------------------------------+
| Message Setting                             | Value  | Description                                                      |
+---------------------------------------------+--------+------------------------------------------------------------------+
| config_compile -design_size_maximum_warning | 100000 | Show a warning when total design instructions exceeds this value |
+---------------------------------------------+--------+------------------------------------------------------------------+


